Archive member included to satisfy reference by file (symbol)

d:/vsrm/armcc/10_2021_10/bin/../lib/gcc/arm-none-eabi/10.3.1/thumb/v6-m/nofp\libgcc.a(_dvmd_tls.o)
                              CMakeFiles/servo_pwm.dir/D_/VSRM/sdk/pico/pico-sdk/src/rp2_common/pico_divider/divider.S.obj (__aeabi_idiv0)
d:/vsrm/armcc/10_2021_10/bin/../lib/gcc/arm-none-eabi/10.3.1/../../../../arm-none-eabi/lib/thumb/v6-m/nofp\libc.a(lib_a-calloc.o)
                              CMakeFiles/servo_pwm.dir/D_/VSRM/sdk/pico/pico-sdk/src/rp2_common/pico_malloc/pico_malloc.c.obj (calloc)
d:/vsrm/armcc/10_2021_10/bin/../lib/gcc/arm-none-eabi/10.3.1/../../../../arm-none-eabi/lib/thumb/v6-m/nofp\libc.a(lib_a-callocr.o)
                              d:/vsrm/armcc/10_2021_10/bin/../lib/gcc/arm-none-eabi/10.3.1/../../../../arm-none-eabi/lib/thumb/v6-m/nofp\libc.a(lib_a-calloc.o) (_calloc_r)
d:/vsrm/armcc/10_2021_10/bin/../lib/gcc/arm-none-eabi/10.3.1/../../../../arm-none-eabi/lib/thumb/v6-m/nofp\libc.a(lib_a-errno.o)
                              d:/vsrm/armcc/10_2021_10/bin/../lib/gcc/arm-none-eabi/10.3.1/../../../../arm-none-eabi/lib/thumb/v6-m/nofp\libc.a(lib_a-callocr.o) (__errno)
d:/vsrm/armcc/10_2021_10/bin/../lib/gcc/arm-none-eabi/10.3.1/../../../../arm-none-eabi/lib/thumb/v6-m/nofp\libc.a(lib_a-impure.o)
                              d:/vsrm/armcc/10_2021_10/bin/../lib/gcc/arm-none-eabi/10.3.1/../../../../arm-none-eabi/lib/thumb/v6-m/nofp\libc.a(lib_a-calloc.o) (_impure_ptr)
d:/vsrm/armcc/10_2021_10/bin/../lib/gcc/arm-none-eabi/10.3.1/../../../../arm-none-eabi/lib/thumb/v6-m/nofp\libc.a(lib_a-init.o)
                              d:/vsrm/armcc/10_2021_10/bin/../lib/gcc/arm-none-eabi/10.3.1/../../../../arm-none-eabi/lib/thumb/v6-m/nofp/crt0.o (__libc_init_array)
d:/vsrm/armcc/10_2021_10/bin/../lib/gcc/arm-none-eabi/10.3.1/../../../../arm-none-eabi/lib/thumb/v6-m/nofp\libc.a(lib_a-malloc.o)
                              CMakeFiles/servo_pwm.dir/D_/VSRM/sdk/pico/pico-sdk/src/rp2_common/pico_malloc/pico_malloc.c.obj (malloc)
d:/vsrm/armcc/10_2021_10/bin/../lib/gcc/arm-none-eabi/10.3.1/../../../../arm-none-eabi/lib/thumb/v6-m/nofp\libc.a(lib_a-mallocr.o)
                              d:/vsrm/armcc/10_2021_10/bin/../lib/gcc/arm-none-eabi/10.3.1/../../../../arm-none-eabi/lib/thumb/v6-m/nofp\libc.a(lib_a-callocr.o) (_malloc_r)
d:/vsrm/armcc/10_2021_10/bin/../lib/gcc/arm-none-eabi/10.3.1/../../../../arm-none-eabi/lib/thumb/v6-m/nofp\libc.a(lib_a-mlock.o)
                              d:/vsrm/armcc/10_2021_10/bin/../lib/gcc/arm-none-eabi/10.3.1/../../../../arm-none-eabi/lib/thumb/v6-m/nofp\libc.a(lib_a-mallocr.o) (__malloc_lock)
d:/vsrm/armcc/10_2021_10/bin/../lib/gcc/arm-none-eabi/10.3.1/../../../../arm-none-eabi/lib/thumb/v6-m/nofp\libc.a(lib_a-realloc.o)
                              CMakeFiles/servo_pwm.dir/D_/VSRM/sdk/pico/pico-sdk/src/rp2_common/pico_malloc/pico_malloc.c.obj (realloc)
d:/vsrm/armcc/10_2021_10/bin/../lib/gcc/arm-none-eabi/10.3.1/../../../../arm-none-eabi/lib/thumb/v6-m/nofp\libc.a(lib_a-reallocr.o)
                              d:/vsrm/armcc/10_2021_10/bin/../lib/gcc/arm-none-eabi/10.3.1/../../../../arm-none-eabi/lib/thumb/v6-m/nofp\libc.a(lib_a-realloc.o) (_realloc_r)
d:/vsrm/armcc/10_2021_10/bin/../lib/gcc/arm-none-eabi/10.3.1/../../../../arm-none-eabi/lib/thumb/v6-m/nofp\libc.a(lib_a-sbrkr.o)
                              d:/vsrm/armcc/10_2021_10/bin/../lib/gcc/arm-none-eabi/10.3.1/../../../../arm-none-eabi/lib/thumb/v6-m/nofp\libc.a(lib_a-mallocr.o) (_sbrk_r)
d:/vsrm/armcc/10_2021_10/bin/../lib/gcc/arm-none-eabi/10.3.1/../../../../arm-none-eabi/lib/thumb/v6-m/nofp\libc.a(lib_a-strlen-stub.o)
                              CMakeFiles/servo_pwm.dir/servo_pwm_button_uart_dma.c.obj (strlen)
d:/vsrm/armcc/10_2021_10/bin/../lib/gcc/arm-none-eabi/10.3.1/../../../../arm-none-eabi/lib/thumb/v6-m/nofp\libc.a(lib_a-freer.o)
                              d:/vsrm/armcc/10_2021_10/bin/../lib/gcc/arm-none-eabi/10.3.1/../../../../arm-none-eabi/lib/thumb/v6-m/nofp\libc.a(lib_a-malloc.o) (_free_r)
d:/vsrm/armcc/10_2021_10/bin/../lib/gcc/arm-none-eabi/10.3.1/../../../../arm-none-eabi/lib/thumb/v6-m/nofp\libc.a(lib_a-lock.o)
                              d:/vsrm/armcc/10_2021_10/bin/../lib/gcc/arm-none-eabi/10.3.1/../../../../arm-none-eabi/lib/thumb/v6-m/nofp\libc.a(lib_a-mlock.o) (__retarget_lock_acquire_recursive)
d:/vsrm/armcc/10_2021_10/bin/../lib/gcc/arm-none-eabi/10.3.1/../../../../arm-none-eabi/lib/thumb/v6-m/nofp\libc.a(lib_a-memmove.o)
                              d:/vsrm/armcc/10_2021_10/bin/../lib/gcc/arm-none-eabi/10.3.1/../../../../arm-none-eabi/lib/thumb/v6-m/nofp\libc.a(lib_a-reallocr.o) (memmove)
d:/vsrm/armcc/10_2021_10/bin/../lib/gcc/arm-none-eabi/10.3.1/../../../../arm-none-eabi/lib/thumb/v6-m/nofp\libc.a(lib_a-reent.o)
                              d:/vsrm/armcc/10_2021_10/bin/../lib/gcc/arm-none-eabi/10.3.1/../../../../arm-none-eabi/lib/thumb/v6-m/nofp\libc.a(lib_a-sbrkr.o) (errno)

Discarded input sections

[...]
Memory Configuration

Name             Origin             Length             Attributes
FLASH            0x10000000         0x00200000         xr
RAM              0x20000000         0x00040000         xrw
SCRATCH_X        0x20040000         0x00001000         xrw
SCRATCH_Y        0x20041000         0x00001000         xrw
*default*        0x00000000         0xffffffff

Linker script and memory map

LOAD d:/vsrm/armcc/10_2021_10/bin/../lib/gcc/arm-none-eabi/10.3.1/thumb/v6-m/nofp/crti.o
LOAD d:/vsrm/armcc/10_2021_10/bin/../lib/gcc/arm-none-eabi/10.3.1/thumb/v6-m/nofp/crtbegin.o
LOAD d:/vsrm/armcc/10_2021_10/bin/../lib/gcc/arm-none-eabi/10.3.1/../../../../arm-none-eabi/lib/thumb/v6-m/nofp/crt0.o

.flash_begin    0x10000000        0x0
                0x10000000                __flash_binary_start = .

.boot2          0x10000000      0x100
                0x10000000                __boot2_start__ = .
 *(.boot2)
 .boot2         0x10000000      0x100 C:\Users\Sidney\AppData\Local\Temp\ccJDYvam.o
                0x10000100                __boot2_end__ = .
                0x00000001                ASSERT (((__boot2_end__ - __boot2_start__) == 0x100), ERROR: Pico second stage bootloader must be 256 bytes in size)

.text           0x10000100     0x2b90
                0x10000100                __logical_binary_start = .
 *(.vectors)
 .vectors       0x10000100       0xd4 CMakeFiles/servo_pwm.dir/D_/VSRM/sdk/pico/pico-sdk/src/rp2_common/pico_standard_link/crt0.S.obj
                0x10000100                __VECTOR_TABLE
                0x10000100                __vectors
                0x100001c0                isr_invalid
                0x100001c0                __default_isrs_start
                0x100001c2                isr_nmi
                0x100001c4                isr_hardfault
                0x100001c6                isr_svcall
                0x100001c8                isr_pendsv
                0x100001ca                isr_systick
                0x100001cc                isr_irq23
                0x100001cc                isr_irq18
                0x100001cc                isr_irq11
                0x100001cc                isr_irq28
                0x100001cc                isr_irq19
                0x100001cc                isr_irq0
                0x100001cc                isr_irq6
                0x100001cc                isr_irq5
                0x100001cc                isr_irq12
                0x100001cc                isr_irq22
                0x100001cc                isr_irq31
                0x100001cc                isr_irq17
                0x100001cc                isr_irq27
                0x100001cc                isr_irq30
                0x100001cc                isr_irq2
                0x100001cc                isr_irq10
                0x100001cc                isr_irq8
                0x100001cc                isr_irq24
                0x100001cc                isr_irq1
                0x100001cc                isr_irq7
                0x100001cc                isr_irq21
                0x100001cc                isr_irq20
                0x100001cc                isr_irq15
                0x100001cc                isr_irq25
                0x100001cc                isr_irq13
                0x100001cc                __unhandled_user_irq
                0x100001cc                isr_irq4
                0x100001cc                isr_irq16
                0x100001cc                isr_irq29
                0x100001cc                isr_irq26
                0x100001cc                __default_isrs_end
                0x100001cc                isr_irq3
                0x100001cc                isr_irq14
                0x100001cc                isr_irq9
                0x100001d2                unhandled_user_irq_num_in_r0
 *(.binary_info_header)
 .binary_info_header
                0x100001d4       0x14 CMakeFiles/servo_pwm.dir/D_/VSRM/sdk/pico/pico-sdk/src/rp2_common/pico_standard_link/crt0.S.obj
                0x100001e8                __binary_info_header_end = .
 *(.reset)
 .reset         0x100001e8       0xa0 CMakeFiles/servo_pwm.dir/D_/VSRM/sdk/pico/pico-sdk/src/rp2_common/pico_standard_link/crt0.S.obj
                0x100001e8                _entry_point
 .reset         0x10000288       0x30 CMakeFiles/servo_pwm.dir/D_/VSRM/sdk/pico/pico-sdk/src/rp2_common/pico_standard_link/binary_info.c.obj
 *(.init)
 .init          0x100002b8        0x4 d:/vsrm/armcc/10_2021_10/bin/../lib/gcc/arm-none-eabi/10.3.1/thumb/v6-m/nofp/crti.o
                0x100002b8                _init
 *(EXCLUDE_FILE(*libm.a: *libc.a:*lib_a-mem*.o *libgcc.a:) .text*)
 .text          0x100002bc       0x48 d:/vsrm/armcc/10_2021_10/bin/../lib/gcc/arm-none-eabi/10.3.1/thumb/v6-m/nofp/crtbegin.o
 .text.on_pwm_wrap
                0x10000304       0x30 CMakeFiles/servo_pwm.dir/servo_pwm_button_uart_dma.c.obj
                0x10000304                on_pwm_wrap
 .text.delay_timer_isr
                0x10000334       0x30 CMakeFiles/servo_pwm.dir/servo_pwm_button_uart_dma.c.obj
                0x10000334                delay_timer_isr
 .text.change_duty_cycle
                0x10000364      0x178 CMakeFiles/servo_pwm.dir/servo_pwm_button_uart_dma.c.obj
                0x10000364                change_duty_cycle
 .text.cont_timer_isr
                0x100004dc        0xc CMakeFiles/servo_pwm.dir/servo_pwm_button_uart_dma.c.obj
                0x100004dc                cont_timer_isr
 .text.on_button
                0x100004e8       0x54 CMakeFiles/servo_pwm.dir/servo_pwm_button_uart_dma.c.obj
                0x100004e8                on_button
 .text.on_uart_rx
                0x1000053c       0x38 CMakeFiles/servo_pwm.dir/servo_pwm_button_uart_dma.c.obj
                0x1000053c                on_uart_rx
 .text.startup.main
                0x10000574      0x194 CMakeFiles/servo_pwm.dir/servo_pwm_button_uart_dma.c.obj
                0x10000574                main
 .text.gpio_default_irq_handler
                0x10000708      0x248 CMakeFiles/servo_pwm.dir/D_/VSRM/sdk/pico/pico-sdk/src/rp2_common/hardware_gpio/gpio.c.obj
 .text.gpio_set_function
                0x10000950       0x30 CMakeFiles/servo_pwm.dir/D_/VSRM/sdk/pico/pico-sdk/src/rp2_common/hardware_gpio/gpio.c.obj
                0x10000950                gpio_set_function
 .text.gpio_set_pulls
                0x10000980       0x30 CMakeFiles/servo_pwm.dir/D_/VSRM/sdk/pico/pico-sdk/src/rp2_common/hardware_gpio/gpio.c.obj
                0x10000980                gpio_set_pulls
 .text.gpio_set_irq_enabled
                0x100009b0       0x54 CMakeFiles/servo_pwm.dir/D_/VSRM/sdk/pico/pico-sdk/src/rp2_common/hardware_gpio/gpio.c.obj
                0x100009b0                gpio_set_irq_enabled
 .text.gpio_set_irq_enabled_with_callback
                0x10000a04       0xb0 CMakeFiles/servo_pwm.dir/D_/VSRM/sdk/pico/pico-sdk/src/rp2_common/hardware_gpio/gpio.c.obj
                0x10000a04                gpio_set_irq_enabled_with_callback
 .text.gpio_init
                0x10000ab4       0x3c CMakeFiles/servo_pwm.dir/D_/VSRM/sdk/pico/pico-sdk/src/rp2_common/hardware_gpio/gpio.c.obj
                0x10000ab4                gpio_init
 .text.running_on_fpga
                0x10000af0       0x10 CMakeFiles/servo_pwm.dir/D_/VSRM/sdk/pico/pico-sdk/src/rp2_common/pico_platform/platform.c.obj
                0x10000af0                running_on_fpga
 .text.hw_claim_or_assert
                0x10000b00       0x44 CMakeFiles/servo_pwm.dir/D_/VSRM/sdk/pico/pico-sdk/src/rp2_common/hardware_claim/claim.c.obj
                0x10000b00                hw_claim_or_assert
 .text.spin_locks_reset
                0x10000b44       0x1c CMakeFiles/servo_pwm.dir/D_/VSRM/sdk/pico/pico-sdk/src/rp2_common/hardware_sync/sync.c.obj
                0x10000b44                spin_locks_reset
 .text.next_striped_spin_lock_num
                0x10000b60       0x18 CMakeFiles/servo_pwm.dir/D_/VSRM/sdk/pico/pico-sdk/src/rp2_common/hardware_sync/sync.c.obj
                0x10000b60                next_striped_spin_lock_num
 .text.irq_set_enabled
                0x10000b78       0x24 CMakeFiles/servo_pwm.dir/D_/VSRM/sdk/pico/pico-sdk/src/rp2_common/hardware_irq/irq.c.obj
                0x10000b78                irq_set_enabled
 .text.irq_get_vtable_handler
                0x10000b9c       0x10 CMakeFiles/servo_pwm.dir/D_/VSRM/sdk/pico/pico-sdk/src/rp2_common/hardware_irq/irq.c.obj
                0x10000b9c                irq_get_vtable_handler
 .text.irq_set_exclusive_handler
                0x10000bac       0x54 CMakeFiles/servo_pwm.dir/D_/VSRM/sdk/pico/pico-sdk/src/rp2_common/hardware_irq/irq.c.obj
                0x10000bac                irq_set_exclusive_handler
 .text.irq_add_shared_handler
                0x10000c00      0x1e8 CMakeFiles/servo_pwm.dir/D_/VSRM/sdk/pico/pico-sdk/src/rp2_common/hardware_irq/irq.c.obj
                0x10000c00                irq_add_shared_handler
 .text.irq_remove_handler
                0x10000de8      0x1b0 CMakeFiles/servo_pwm.dir/D_/VSRM/sdk/pico/pico-sdk/src/rp2_common/hardware_irq/irq.c.obj
                0x10000de8                irq_remove_handler
 .text.irq_add_tail_to_free_list
                0x10000f98       0xb4 CMakeFiles/servo_pwm.dir/D_/VSRM/sdk/pico/pico-sdk/src/rp2_common/hardware_irq/irq.c.obj
                0x10000f98                irq_add_tail_to_free_list
 .text.irq_init_priorities
                0x1000104c       0x24 CMakeFiles/servo_pwm.dir/D_/VSRM/sdk/pico/pico-sdk/src/rp2_common/hardware_irq/irq.c.obj
                0x1000104c                irq_init_priorities
 .text.lock_init
                0x10001070       0x10 CMakeFiles/servo_pwm.dir/D_/VSRM/sdk/pico/pico-sdk/src/common/pico_sync/lock_core.c.obj
                0x10001070                lock_init
 .text.mutex_init
                0x10001080       0x1c CMakeFiles/servo_pwm.dir/D_/VSRM/sdk/pico/pico-sdk/src/common/pico_sync/mutex.c.obj
                0x10001080                mutex_init
 .text.recursive_mutex_init
                0x1000109c       0x1c CMakeFiles/servo_pwm.dir/D_/VSRM/sdk/pico/pico-sdk/src/common/pico_sync/mutex.c.obj
                0x1000109c                recursive_mutex_init
 .text.timer_pool_entry_comparator
                0x100010b8       0x34 CMakeFiles/servo_pwm.dir/D_/VSRM/sdk/pico/pico-sdk/src/common/pico_time/time.c.obj
                0x100010b8                timer_pool_entry_comparator
 .text.repeating_timer_callback
                0x100010ec       0x1c CMakeFiles/servo_pwm.dir/D_/VSRM/sdk/pico/pico-sdk/src/common/pico_time/time.c.obj
 .text.sleep_until_callback
                0x10001108       0x30 CMakeFiles/servo_pwm.dir/D_/VSRM/sdk/pico/pico-sdk/src/common/pico_time/time.c.obj
 .text.add_alarm_under_lock.isra.0
                0x10001138      0x100 CMakeFiles/servo_pwm.dir/D_/VSRM/sdk/pico/pico-sdk/src/common/pico_time/time.c.obj
 .text.alarm_pool_alarm_callback
                0x10001238      0x1b8 CMakeFiles/servo_pwm.dir/D_/VSRM/sdk/pico/pico-sdk/src/common/pico_time/time.c.obj
 .text.alarm_pool_init_default
                0x100013f0       0x6c CMakeFiles/servo_pwm.dir/D_/VSRM/sdk/pico/pico-sdk/src/common/pico_time/time.c.obj
                0x100013f0                alarm_pool_init_default
 .text.alarm_pool_get_default
                0x1000145c        0x8 CMakeFiles/servo_pwm.dir/D_/VSRM/sdk/pico/pico-sdk/src/common/pico_time/time.c.obj
                0x1000145c                alarm_pool_get_default
 .text.alarm_pool_add_alarm_at
                0x10001464      0x17c CMakeFiles/servo_pwm.dir/D_/VSRM/sdk/pico/pico-sdk/src/common/pico_time/time.c.obj
                0x10001464                alarm_pool_add_alarm_at
 .text.alarm_pool_cancel_alarm
                0x100015e0       0x74 CMakeFiles/servo_pwm.dir/D_/VSRM/sdk/pico/pico-sdk/src/common/pico_time/time.c.obj
                0x100015e0                alarm_pool_cancel_alarm
 .text.alarm_pool_add_repeating_timer_us
                0x10001654      0x200 CMakeFiles/servo_pwm.dir/D_/VSRM/sdk/pico/pico-sdk/src/common/pico_time/time.c.obj
                0x10001654                alarm_pool_add_repeating_timer_us
 .text.cancel_repeating_timer
                0x10001854       0x8c CMakeFiles/servo_pwm.dir/D_/VSRM/sdk/pico/pico-sdk/src/common/pico_time/time.c.obj
                0x10001854                cancel_repeating_timer
 .text.sleep_until
                0x100018e0       0xc4 CMakeFiles/servo_pwm.dir/D_/VSRM/sdk/pico/pico-sdk/src/common/pico_time/time.c.obj
                0x100018e0                sleep_until
 .text.sleep_ms
                0x100019a4       0x34 CMakeFiles/servo_pwm.dir/D_/VSRM/sdk/pico/pico-sdk/src/common/pico_time/time.c.obj
                0x100019a4                sleep_ms
 .text.best_effort_wfe_or_timeout
                0x100019d8       0x78 CMakeFiles/servo_pwm.dir/D_/VSRM/sdk/pico/pico-sdk/src/common/pico_time/time.c.obj
                0x100019d8                best_effort_wfe_or_timeout
 .text.hardware_alarm_irq_handler
                0x10001a50       0xbc CMakeFiles/servo_pwm.dir/D_/VSRM/sdk/pico/pico-sdk/src/rp2_common/hardware_timer/timer.c.obj
 .text.hardware_alarm_claim
                0x10001b0c       0x18 CMakeFiles/servo_pwm.dir/D_/VSRM/sdk/pico/pico-sdk/src/rp2_common/hardware_timer/timer.c.obj
                0x10001b0c                hardware_alarm_claim
 .text.time_us_64
                0x10001b24       0x14 CMakeFiles/servo_pwm.dir/D_/VSRM/sdk/pico/pico-sdk/src/rp2_common/hardware_timer/timer.c.obj
                0x10001b24                time_us_64
 .text.busy_wait_until
                0x10001b38       0x20 CMakeFiles/servo_pwm.dir/D_/VSRM/sdk/pico/pico-sdk/src/rp2_common/hardware_timer/timer.c.obj
                0x10001b38                busy_wait_until
 .text.hardware_alarm_set_callback
                0x10001b58       0x8c CMakeFiles/servo_pwm.dir/D_/VSRM/sdk/pico/pico-sdk/src/rp2_common/hardware_timer/timer.c.obj
                0x10001b58                hardware_alarm_set_callback
 .text.hardware_alarm_set_target
                0x10001be4       0xe0 CMakeFiles/servo_pwm.dir/D_/VSRM/sdk/pico/pico-sdk/src/rp2_common/hardware_timer/timer.c.obj
                0x10001be4                hardware_alarm_set_target
 .text.hardware_alarm_cancel
                0x10001cc4       0x3c CMakeFiles/servo_pwm.dir/D_/VSRM/sdk/pico/pico-sdk/src/rp2_common/hardware_timer/timer.c.obj
                0x10001cc4                hardware_alarm_cancel
 .text.ph_merge_nodes
                0x10001d00       0x68 CMakeFiles/servo_pwm.dir/D_/VSRM/sdk/pico/pico-sdk/src/common/pico_util/pheap.c.obj
 .text.ph_post_alloc_init
                0x10001d68       0x3c CMakeFiles/servo_pwm.dir/D_/VSRM/sdk/pico/pico-sdk/src/common/pico_util/pheap.c.obj
                0x10001d68                ph_post_alloc_init
 .text.ph_merge_two_pass
                0x10001da4       0x90 CMakeFiles/servo_pwm.dir/D_/VSRM/sdk/pico/pico-sdk/src/common/pico_util/pheap.c.obj
                0x10001da4                ph_merge_two_pass
 .text.ph_remove_any_head
                0x10001e34      0x100 CMakeFiles/servo_pwm.dir/D_/VSRM/sdk/pico/pico-sdk/src/common/pico_util/pheap.c.obj
 .text.ph_remove_head
                0x10001f34      0x104 CMakeFiles/servo_pwm.dir/D_/VSRM/sdk/pico/pico-sdk/src/common/pico_util/pheap.c.obj
                0x10001f34                ph_remove_head
 .text.ph_remove_and_free_node
                0x10002038       0x7c CMakeFiles/servo_pwm.dir/D_/VSRM/sdk/pico/pico-sdk/src/common/pico_util/pheap.c.obj
                0x10002038                ph_remove_and_free_node
 .text.uart_init
                0x100020b4       0xe0 CMakeFiles/servo_pwm.dir/D_/VSRM/sdk/pico/pico-sdk/src/rp2_common/hardware_uart/uart.c.obj
                0x100020b4                uart_init
 .text.clocks_init
                0x10002194      0x2bc CMakeFiles/servo_pwm.dir/D_/VSRM/sdk/pico/pico-sdk/src/rp2_common/hardware_clocks/clocks.c.obj
                0x10002194                clocks_init
 .text.clock_get_hz
                0x10002450        0xc CMakeFiles/servo_pwm.dir/D_/VSRM/sdk/pico/pico-sdk/src/rp2_common/hardware_clocks/clocks.c.obj
                0x10002450                clock_get_hz
 .text.pll_init
                0x1000245c       0xb0 CMakeFiles/servo_pwm.dir/D_/VSRM/sdk/pico/pico-sdk/src/rp2_common/hardware_pll/pll.c.obj
                0x1000245c                pll_init
 .text.watchdog_start_tick
                0x1000250c       0x10 CMakeFiles/servo_pwm.dir/D_/VSRM/sdk/pico/pico-sdk/src/rp2_common/hardware_watchdog/watchdog.c.obj
                0x1000250c                watchdog_start_tick
 .text.xosc_init
                0x1000251c       0x28 CMakeFiles/servo_pwm.dir/D_/VSRM/sdk/pico/pico-sdk/src/rp2_common/hardware_xosc/xosc.c.obj
                0x1000251c                xosc_init
 .text.runtime_init
                0x10002544       0xf0 CMakeFiles/servo_pwm.dir/D_/VSRM/sdk/pico/pico-sdk/src/rp2_common/pico_runtime/runtime.c.obj
                0x10002544                runtime_init
 .text._exit    0x10002634        0x4 CMakeFiles/servo_pwm.dir/D_/VSRM/sdk/pico/pico-sdk/src/rp2_common/pico_runtime/runtime.c.obj
                0x10002634                _exit
 .text.exit     0x10002638        0x8 CMakeFiles/servo_pwm.dir/D_/VSRM/sdk/pico/pico-sdk/src/rp2_common/pico_runtime/runtime.c.obj
                0x10002638                exit
 .text.panic    0x10002640       0x30 CMakeFiles/servo_pwm.dir/D_/VSRM/sdk/pico/pico-sdk/src/rp2_common/pico_runtime/runtime.c.obj
                0x10002640                panic
 .text.hard_assertion_failure
                0x10002670        0xc CMakeFiles/servo_pwm.dir/D_/VSRM/sdk/pico/pico-sdk/src/rp2_common/pico_runtime/runtime.c.obj
                0x10002670                hard_assertion_failure
 .text._out_char
                0x1000267c       0x10 CMakeFiles/servo_pwm.dir/D_/VSRM/sdk/pico/pico-sdk/src/rp2_common/pico_printf/printf.c.obj
 .text.weak_raw_vprintf
                0x1000268c       0x30 CMakeFiles/servo_pwm.dir/D_/VSRM/sdk/pico/pico-sdk/src/rp2_common/pico_printf/printf.c.obj
                0x1000268c                weak_raw_vprintf
 .text          0x100026bc       0x10 CMakeFiles/servo_pwm.dir/D_/VSRM/sdk/pico/pico-sdk/src/rp2_common/pico_bit_ops/bit_ops_aeabi.S.obj
 .text.rom_func_lookup
                0x100026cc       0x10 CMakeFiles/servo_pwm.dir/D_/VSRM/sdk/pico/pico-sdk/src/rp2_common/pico_bootrom/bootrom.c.obj
                0x100026cc                rom_func_lookup
 .text.rom_data_lookup
                0x100026dc       0x10 CMakeFiles/servo_pwm.dir/D_/VSRM/sdk/pico/pico-sdk/src/rp2_common/pico_bootrom/bootrom.c.obj
                0x100026dc                rom_data_lookup
 .text.rom_funcs_lookup
                0x100026ec       0x44 CMakeFiles/servo_pwm.dir/D_/VSRM/sdk/pico/pico-sdk/src/rp2_common/pico_bootrom/bootrom.c.obj
                0x100026ec                rom_funcs_lookup
 .text.__wrap___aeabi_idiv
                0x10002730       0x50 CMakeFiles/servo_pwm.dir/D_/VSRM/sdk/pico/pico-sdk/src/rp2_common/pico_divider/divider.S.obj
                0x10002730                __wrap___aeabi_idivmod
                0x10002730                divmod_s32s32
                0x10002730                div_s32s32
                0x10002730                __wrap___aeabi_idiv
                0x10002738                divmod_s32s32_unsafe
                0x10002764                divmod_s32s32_savestate
 .text.__wrap___aeabi_uidiv
                0x10002780       0x4c CMakeFiles/servo_pwm.dir/D_/VSRM/sdk/pico/pico-sdk/src/rp2_common/pico_divider/divider.S.obj
                0x10002780                __wrap___aeabi_uidiv
                0x10002780                __wrap___aeabi_uidivmod
                0x10002780                div_u32u32
                0x10002780                divmod_u32u32
                0x10002788                divmod_u32u32_unsafe
                0x100027b0                divmod_u32u32_savestate
 .text.__aeabi_double_init
                0x100027cc       0x94 CMakeFiles/servo_pwm.dir/D_/VSRM/sdk/pico/pico-sdk/src/rp2_common/pico_double/double_init_rom.c.obj
                0x100027cc                __aeabi_double_init
 .text.double_table_shim_on_use_helper
                0x10002860       0x2c CMakeFiles/servo_pwm.dir/D_/VSRM/sdk/pico/pico-sdk/src/rp2_common/pico_double/double_v1_rom_shim.S.obj
                0x10002860                double_table_shim_on_use_helper
 .text.__aeabi_lmul
                0x1000288c       0x32 CMakeFiles/servo_pwm.dir/D_/VSRM/sdk/pico/pico-sdk/src/rp2_common/pico_int64_ops/pico_int64_ops_aeabi.S.obj
                0x1000288c                __wrap___aeabi_lmul
 *fill*         0x100028be        0x2 
 .text.__aeabi_float_init
                0x100028c0       0x64 CMakeFiles/servo_pwm.dir/D_/VSRM/sdk/pico/pico-sdk/src/rp2_common/pico_float/float_init_rom.c.obj
                0x100028c0                __aeabi_float_init
 .text.float_table_shim_on_use_helper
                0x10002924       0x2c CMakeFiles/servo_pwm.dir/D_/VSRM/sdk/pico/pico-sdk/src/rp2_common/pico_float/float_v1_rom_shim.S.obj
                0x10002924                float_table_shim_on_use_helper
 .text          0x10002950       0x10 CMakeFiles/servo_pwm.dir/D_/VSRM/sdk/pico/pico-sdk/src/rp2_common/pico_mem_ops/mem_ops_aeabi.S.obj
                0x10002950                __aeabi_mem_init
 .text.memcpy   0x10002960        0xc CMakeFiles/servo_pwm.dir/D_/VSRM/sdk/pico/pico-sdk/src/rp2_common/pico_mem_ops/mem_ops_aeabi.S.obj
                0x10002960                __wrap_memcpy
                0x10002960                __wrap___aeabi_memcpy
 .text.stdio_out_chars_no_crlf
                0x1000296c       0x10 CMakeFiles/servo_pwm.dir/D_/VSRM/sdk/pico/pico-sdk/src/rp2_common/pico_stdio/stdio.c.obj
 .text.stdio_out_chars_crlf
                0x1000297c       0xb4 CMakeFiles/servo_pwm.dir/D_/VSRM/sdk/pico/pico-sdk/src/rp2_common/pico_stdio/stdio.c.obj
 .text.stdio_put_string.isra.0
                0x10002a30       0xfc CMakeFiles/servo_pwm.dir/D_/VSRM/sdk/pico/pico-sdk/src/rp2_common/pico_stdio/stdio.c.obj
 .text.__wrap_putchar
                0x10002b2c       0x98 CMakeFiles/servo_pwm.dir/D_/VSRM/sdk/pico/pico-sdk/src/rp2_common/pico_stdio/stdio.c.obj
                0x10002b2c                __wrap_putchar
 .text.__wrap_puts
                0x10002bc4       0x3c CMakeFiles/servo_pwm.dir/D_/VSRM/sdk/pico/pico-sdk/src/rp2_common/pico_stdio/stdio.c.obj
                0x10002bc4                __wrap_puts
 .text.strlen   0x10002c00       0x5c d:/vsrm/armcc/10_2021_10/bin/../lib/gcc/arm-none-eabi/10.3.1/../../../../arm-none-eabi/lib/thumb/v6-m/nofp\libc.a(lib_a-strlen-stub.o)
                0x10002c00                strlen
 *(.fini)
 .fini          0x10002c5c        0x4 d:/vsrm/armcc/10_2021_10/bin/../lib/gcc/arm-none-eabi/10.3.1/thumb/v6-m/nofp/crti.o
                0x10002c5c                _fini
 .fini.__stub   0x10002c60       0x30 linker stubs
 *crtbegin.o(.ctors)
 *crtbegin?.o(.ctors)
 *(EXCLUDE_FILE(*crtend.o *crtend?.o) .ctors)
 *(SORT_BY_NAME(.ctors.*))
 *(.ctors)
 *crtbegin.o(.dtors)
 *crtbegin?.o(.dtors)
 *(EXCLUDE_FILE(*crtend.o *crtend?.o) .dtors)
 *(SORT_BY_NAME(.dtors.*))
 *(.dtors)
 *(.eh_frame*)
 .eh_frame      0x10002c90        0x0 d:/vsrm/armcc/10_2021_10/bin/../lib/gcc/arm-none-eabi/10.3.1/thumb/v6-m/nofp/crtbegin.o
                0x10002c90                . = ALIGN (0x4)

.glue_7         0x10002c90        0x0
 .glue_7        0x10002c90        0x0 linker stubs

.glue_7t        0x10002c90        0x0
 .glue_7t       0x10002c90        0x0 linker stubs

.vfp11_veneer   0x10002c90        0x0
 .vfp11_veneer  0x10002c90        0x0 linker stubs

.v4_bx          0x10002c90        0x0
 .v4_bx         0x10002c90        0x0 linker stubs

.iplt           0x10002c90        0x0
 .iplt          0x10002c90        0x0 d:/vsrm/armcc/10_2021_10/bin/../lib/gcc/arm-none-eabi/10.3.1/thumb/v6-m/nofp/crtbegin.o

.rodata         0x10002c90      0x168
 *(EXCLUDE_FILE(*libm.a: *libc.a:*lib_a-mem*.o *libgcc.a:) .rodata*)
 .rodata.itoa.str1.4
                0x10002c90       0x48 CMakeFiles/servo_pwm.dir/servo_pwm_button_uart_dma.c.obj
 .rodata.change_duty_cycle.str1.4
                0x10002cd8        0xf CMakeFiles/servo_pwm.dir/servo_pwm_button_uart_dma.c.obj
 *fill*         0x10002ce7        0x1 
 .rodata.main.str1.4
                0x10002ce8       0x12 CMakeFiles/servo_pwm.dir/servo_pwm_button_uart_dma.c.obj
 *fill*         0x10002cfa        0x2 
 .rodata.hardware_alarm_claim.str1.4
                0x10002cfc       0x22 CMakeFiles/servo_pwm.dir/D_/VSRM/sdk/pico/pico-sdk/src/rp2_common/hardware_timer/timer.c.obj
 *fill*         0x10002d1e        0x2 
 .rodata.panic.str1.4
                0x10002d20       0x12 CMakeFiles/servo_pwm.dir/D_/VSRM/sdk/pico/pico-sdk/src/rp2_common/pico_runtime/runtime.c.obj
 *fill*         0x10002d32        0x2 
 .rodata.hard_assertion_failure.str1.4
                0x10002d34        0xc CMakeFiles/servo_pwm.dir/D_/VSRM/sdk/pico/pico-sdk/src/rp2_common/pico_runtime/runtime.c.obj
 .rodata.str1.4
                0x10002d40       0x84 CMakeFiles/servo_pwm.dir/D_/VSRM/sdk/pico/pico-sdk/src/rp2_common/pico_standard_link/binary_info.c.obj
 .rodata.__bi_44
                0x10002dc4        0xc CMakeFiles/servo_pwm.dir/D_/VSRM/sdk/pico/pico-sdk/src/rp2_common/pico_standard_link/binary_info.c.obj
 .rodata.__bi_69
                0x10002dd0        0xc CMakeFiles/servo_pwm.dir/D_/VSRM/sdk/pico/pico-sdk/src/rp2_common/pico_standard_link/binary_info.c.obj
 .rodata.__bi_75
                0x10002ddc        0xc CMakeFiles/servo_pwm.dir/D_/VSRM/sdk/pico/pico-sdk/src/rp2_common/pico_standard_link/binary_info.c.obj
 .rodata.__bi_81
                0x10002de8        0xc CMakeFiles/servo_pwm.dir/D_/VSRM/sdk/pico/pico-sdk/src/rp2_common/pico_standard_link/binary_info.c.obj
 .rodata.crlf_str.0
                0x10002df4        0x2 CMakeFiles/servo_pwm.dir/D_/VSRM/sdk/pico/pico-sdk/src/rp2_common/pico_stdio/stdio.c.obj
                0x10002df8                . = ALIGN (0x4)
 *fill*         0x10002df6        0x2 
 *(SORT_BY_ALIGNMENT(SORT_BY_NAME(.flashdata*)))
                0x10002df8                . = ALIGN (0x4)

.rel.dyn        0x10002df8        0x0
 .rel.iplt      0x10002df8        0x0 d:/vsrm/armcc/10_2021_10/bin/../lib/gcc/arm-none-eabi/10.3.1/thumb/v6-m/nofp/crtbegin.o

.ARM.extab
 *(.ARM.extab* .gnu.linkonce.armextab.*)
                0x10002df8                __exidx_start = .

.ARM.exidx
 *(.ARM.exidx* .gnu.linkonce.armexidx.*)
                0x10002df8                __exidx_end = .
                0x10002df8                . = ALIGN (0x4)
                0x10002df8                __binary_info_start = .

.binary_info    0x10002df8       0x20
 *(.binary_info.keep.*)
 .binary_info.keep.__bi_ptr22
                0x10002df8        0x4 CMakeFiles/servo_pwm.dir/D_/VSRM/sdk/pico/pico-sdk/src/rp2_common/pico_standard_link/binary_info.c.obj
 .binary_info.keep.__bi_ptr30
                0x10002dfc        0x4 CMakeFiles/servo_pwm.dir/D_/VSRM/sdk/pico/pico-sdk/src/rp2_common/pico_standard_link/binary_info.c.obj
 .binary_info.keep.__bi_ptr38
                0x10002e00        0x4 CMakeFiles/servo_pwm.dir/D_/VSRM/sdk/pico/pico-sdk/src/rp2_common/pico_standard_link/binary_info.c.obj
 .binary_info.keep.__bi_ptr44
                0x10002e04        0x4 CMakeFiles/servo_pwm.dir/D_/VSRM/sdk/pico/pico-sdk/src/rp2_common/pico_standard_link/binary_info.c.obj
 .binary_info.keep.__bi_ptr50
                0x10002e08        0x4 CMakeFiles/servo_pwm.dir/D_/VSRM/sdk/pico/pico-sdk/src/rp2_common/pico_standard_link/binary_info.c.obj
 .binary_info.keep.__bi_ptr69
                0x10002e0c        0x4 CMakeFiles/servo_pwm.dir/D_/VSRM/sdk/pico/pico-sdk/src/rp2_common/pico_standard_link/binary_info.c.obj
 .binary_info.keep.__bi_ptr75
                0x10002e10        0x4 CMakeFiles/servo_pwm.dir/D_/VSRM/sdk/pico/pico-sdk/src/rp2_common/pico_standard_link/binary_info.c.obj
 .binary_info.keep.__bi_ptr81
                0x10002e14        0x4 CMakeFiles/servo_pwm.dir/D_/VSRM/sdk/pico/pico-sdk/src/rp2_common/pico_standard_link/binary_info.c.obj
 *(.binary_info.*)
                0x10002e18                __binary_info_end = .
                0x10002e18                . = ALIGN (0x4)
                0x10002e18                __etext = .

.ram_vector_table
                0x20000000       0xc0
 *(.ram_vector_table)
 .ram_vector_table
                0x20000000       0xc0 CMakeFiles/servo_pwm.dir/D_/VSRM/sdk/pico/pico-sdk/src/rp2_common/pico_runtime/runtime.c.obj
                0x20000000                ram_vector_table

.data           0x200000c0      0x18c load address 0x10002e18
                0x200000c0                __data_start__ = .
 *(vtable)
 *(.time_critical*)
 .time_critical.mutex_try_enter_block_until
                0x200000c0       0x9c CMakeFiles/servo_pwm.dir/D_/VSRM/sdk/pico/pico-sdk/src/common/pico_sync/mutex.c.obj
                0x200000c0                mutex_try_enter_block_until
 .time_critical.mutex_exit
                0x2000015c       0x28 CMakeFiles/servo_pwm.dir/D_/VSRM/sdk/pico/pico-sdk/src/common/pico_sync/mutex.c.obj
                0x2000015c                mutex_exit
 *(.text*)
 .text          0x20000184        0x4 d:/vsrm/armcc/10_2021_10/bin/../lib/gcc/arm-none-eabi/10.3.1/thumb/v6-m/nofp\libgcc.a(_dvmd_tls.o)
                0x20000184                __aeabi_idiv0
                0x20000184                __aeabi_ldiv0
 .text.__stub   0x20000188       0x10 linker stubs
                0x20000198                . = ALIGN (0x4)
 *(.rodata*)
                0x20000198                . = ALIGN (0x4)
 *(.data*)
 .data.striped_spin_lock_num
                0x20000198        0x1 CMakeFiles/servo_pwm.dir/D_/VSRM/sdk/pico/pico-sdk/src/rp2_common/hardware_sync/sync.c.obj
 *fill*         0x20000199        0x3 
 .data          0x2000019c       0x48 CMakeFiles/servo_pwm.dir/D_/VSRM/sdk/pico/pico-sdk/src/rp2_common/hardware_irq/irq_handler_chain.S.obj
                0x2000019c                irq_handler_chain_slots
                0x200001cc                irq_handler_chain_first_slot
                0x200001d6                irq_handler_chain_remove_tail
 .data.default_alarm_pool
                0x200001e4       0x18 CMakeFiles/servo_pwm.dir/D_/VSRM/sdk/pico/pico-sdk/src/common/pico_time/time.c.obj
 .data.default_alarm_pool_heap
                0x200001fc       0x10 CMakeFiles/servo_pwm.dir/D_/VSRM/sdk/pico/pico-sdk/src/common/pico_time/time.c.obj
 *fill*         0x2000020c        0x4 
 .data.aeabi_bits_funcs
                0x20000210       0x10 CMakeFiles/servo_pwm.dir/D_/VSRM/sdk/pico/pico-sdk/src/rp2_common/pico_bit_ops/bit_ops_aeabi.S.obj
                0x20000210                aeabi_bits_funcs
                0x20000220                aeabi_bits_funcs_end
 .data.aeabi_mem_funcs
                0x20000220       0x10 CMakeFiles/servo_pwm.dir/D_/VSRM/sdk/pico/pico-sdk/src/rp2_common/pico_mem_ops/mem_ops_aeabi.S.obj
                0x20000220                aeabi_mem_funcs
                0x20000230                aeabi_mem_funcs_end
                0x20000230                . = ALIGN (0x4)
 *(.after_data.*)
                0x20000230                . = ALIGN (0x4)
                0x20000230                PROVIDE (__mutex_array_start = .)
 *(SORT_BY_NAME(.mutex_array.*))
 *(.mutex_array)
 .mutex_array   0x20000230        0x8 CMakeFiles/servo_pwm.dir/D_/VSRM/sdk/pico/pico-sdk/src/rp2_common/pico_stdio/stdio.c.obj
                0x20000238                PROVIDE (__mutex_array_end = .)
                0x20000238                . = ALIGN (0x4)
                0x20000238                PROVIDE (__preinit_array_start = .)
 *(SORT_BY_NAME(.preinit_array.*))
 .preinit_array.00001
                0x20000238        0x4 CMakeFiles/servo_pwm.dir/D_/VSRM/sdk/pico/pico-sdk/src/rp2_common/pico_mem_ops/mem_ops_aeabi.S.obj
 .preinit_array.00010
                0x2000023c        0x4 CMakeFiles/servo_pwm.dir/D_/VSRM/sdk/pico/pico-sdk/src/rp2_common/pico_bit_ops/bit_ops_aeabi.S.obj
 .preinit_array.00020
                0x20000240        0x4 CMakeFiles/servo_pwm.dir/D_/VSRM/sdk/pico/pico-sdk/src/rp2_common/pico_double/double_aeabi.S.obj
 .preinit_array.00020
                0x20000244        0x4 CMakeFiles/servo_pwm.dir/D_/VSRM/sdk/pico/pico-sdk/src/rp2_common/pico_float/float_aeabi.S.obj
 *(.preinit_array)
                0x20000248                PROVIDE (__preinit_array_end = .)
                0x20000248                . = ALIGN (0x4)
                0x20000248                PROVIDE (__init_array_start = .)
 *(SORT_BY_NAME(.init_array.*))
 *(.init_array)
 .init_array    0x20000248        0x4 d:/vsrm/armcc/10_2021_10/bin/../lib/gcc/arm-none-eabi/10.3.1/thumb/v6-m/nofp/crtbegin.o
                0x2000024c                PROVIDE (__init_array_end = .)
                0x2000024c                . = ALIGN (0x4)
                [!provide]                PROVIDE (__fini_array_start = .)
 *(SORT_BY_NAME(.fini_array.*))
 *(.fini_array)
                [!provide]                PROVIDE (__fini_array_end = .)
 *(.jcr)
                0x2000024c                . = ALIGN (0x4)
                0x2000024c                __data_end__ = .

.igot.plt       0x2000024c        0x0 load address 0x10002fa4
 .igot.plt      0x2000024c        0x0 d:/vsrm/armcc/10_2021_10/bin/../lib/gcc/arm-none-eabi/10.3.1/thumb/v6-m/nofp/crtbegin.o

.uninitialized_data
                0x2000024c        0x0 load address 0x10002fa4
                0x2000024c                . = ALIGN (0x4)
 *(.uninitialized_data*)

.scratch_x      0x20040000        0x0 load address 0x10002fa4
                0x20040000                __scratch_x_start__ = .
 *(.scratch_x.*)
                0x20040000                . = ALIGN (0x4)
                0x20040000                __scratch_x_end__ = .
                0x10002fa4                __scratch_x_source__ = LOADADDR (.scratch_x)

.scratch_y      0x20041000        0x0 load address 0x10002fa4
                0x20041000                __scratch_y_start__ = .
 *(.scratch_y.*)
                0x20041000                . = ALIGN (0x4)
                0x20041000                __scratch_y_end__ = .
                0x10002fa4                __scratch_y_source__ = LOADADDR (.scratch_y)

.bss            0x20000250      0x42c
                0x20000250                . = ALIGN (0x4)
                0x20000250                __bss_start__ = .
 *(SORT_BY_ALIGNMENT(SORT_BY_NAME(.bss*)))
 .bss.cont_timer
                0x20000250       0x18 CMakeFiles/servo_pwm.dir/servo_pwm_button_uart_dma.c.obj
                0x20000250                cont_timer
 .bss.default_alarm_pool_entries
                0x20000268      0x100 CMakeFiles/servo_pwm.dir/D_/VSRM/sdk/pico/pico-sdk/src/common/pico_time/time.c.obj
 .bss.delay_timer
                0x20000368       0x18 CMakeFiles/servo_pwm.dir/servo_pwm_button_uart_dma.c.obj
                0x20000368                delay_timer
 .bss.sd_table  0x20000380      0x100 CMakeFiles/servo_pwm.dir/D_/VSRM/sdk/pico/pico-sdk/src/rp2_common/pico_double/double_init_rom.c.obj
                0x20000380                sd_table
 .bss.sf_table  0x20000480      0x100 CMakeFiles/servo_pwm.dir/D_/VSRM/sdk/pico/pico-sdk/src/rp2_common/pico_float/float_init_rom.c.obj
                0x20000480                sf_table
 .bss           0x20000580       0x1c d:/vsrm/armcc/10_2021_10/bin/../lib/gcc/arm-none-eabi/10.3.1/thumb/v6-m/nofp/crtbegin.o
 .bss.alarm_callbacks
                0x2000059c       0x10 CMakeFiles/servo_pwm.dir/D_/VSRM/sdk/pico/pico-sdk/src/rp2_common/hardware_timer/timer.c.obj
 .bss.buffer    0x200005ac       0x10 CMakeFiles/servo_pwm.dir/servo_pwm_button_uart_dma.c.obj
 .bss.callbacks
                0x200005bc        0x8 CMakeFiles/servo_pwm.dir/D_/VSRM/sdk/pico/pico-sdk/src/rp2_common/hardware_gpio/gpio.c.obj
 .bss.configured_freq
                0x200005c4       0x28 CMakeFiles/servo_pwm.dir/D_/VSRM/sdk/pico/pico-sdk/src/rp2_common/hardware_clocks/clocks.c.obj
 .bss.default_alarm_pool_entry_ids_high
                0x200005ec       0x10 CMakeFiles/servo_pwm.dir/D_/VSRM/sdk/pico/pico-sdk/src/common/pico_time/time.c.obj
 .bss.default_alarm_pool_heap_nodes
                0x200005fc       0x30 CMakeFiles/servo_pwm.dir/D_/VSRM/sdk/pico/pico-sdk/src/common/pico_time/time.c.obj
 .bss.drivers   0x2000062c        0x4 CMakeFiles/servo_pwm.dir/D_/VSRM/sdk/pico/pico-sdk/src/rp2_common/pico_stdio/stdio.c.obj
 .bss.filter    0x20000630        0x4 CMakeFiles/servo_pwm.dir/D_/VSRM/sdk/pico/pico-sdk/src/rp2_common/pico_stdio/stdio.c.obj
 .bss.lazy_vsnprintf
                0x20000634        0x4 CMakeFiles/servo_pwm.dir/D_/VSRM/sdk/pico/pico-sdk/src/rp2_common/pico_printf/printf.c.obj
 .bss.pools     0x20000638       0x10 CMakeFiles/servo_pwm.dir/D_/VSRM/sdk/pico/pico-sdk/src/common/pico_time/time.c.obj
 .bss.raw_irq_mask
                0x20000648        0x8 CMakeFiles/servo_pwm.dir/D_/VSRM/sdk/pico/pico-sdk/src/rp2_common/hardware_gpio/gpio.c.obj
 .bss.servo     0x20000650        0xc CMakeFiles/servo_pwm.dir/servo_pwm_button_uart_dma.c.obj
 .bss.sf_clz_func
                0x2000065c        0x4 CMakeFiles/servo_pwm.dir/D_/VSRM/sdk/pico/pico-sdk/src/rp2_common/pico_double/double_init_rom.c.obj
                0x2000065c                sf_clz_func
 .bss.sleep_notifier
                0x20000660        0x4 CMakeFiles/servo_pwm.dir/D_/VSRM/sdk/pico/pico-sdk/src/common/pico_time/time.c.obj
 .bss.target_hi
                0x20000664       0x10 CMakeFiles/servo_pwm.dir/D_/VSRM/sdk/pico/pico-sdk/src/rp2_common/hardware_timer/timer.c.obj
 .bss.uart_char_to_line_feed
                0x20000674        0x4 CMakeFiles/servo_pwm.dir/D_/VSRM/sdk/pico/pico-sdk/src/rp2_common/hardware_uart/uart.c.obj
                0x20000674                uart_char_to_line_feed
 .bss.claimed   0x20000678        0x1 CMakeFiles/servo_pwm.dir/D_/VSRM/sdk/pico/pico-sdk/src/rp2_common/hardware_timer/timer.c.obj
 .bss.irq_hander_chain_free_slot_head
                0x20000679        0x1 CMakeFiles/servo_pwm.dir/D_/VSRM/sdk/pico/pico-sdk/src/rp2_common/hardware_irq/irq.c.obj
 .bss.timer_callbacks_pending
                0x2000067a        0x1 CMakeFiles/servo_pwm.dir/D_/VSRM/sdk/pico/pico-sdk/src/rp2_common/hardware_timer/timer.c.obj
 *(COMMON)
                0x2000067c                . = ALIGN (0x4)
 *fill*         0x2000067b        0x1 
                0x2000067c                __bss_end__ = .

.heap           0x2000067c      0x800
                0x2000067c                __end__ = .
                0x2000067c                end = __end__
 *(.heap*)
 .heap          0x2000067c      0x800 CMakeFiles/servo_pwm.dir/D_/VSRM/sdk/pico/pico-sdk/src/rp2_common/pico_standard_link/crt0.S.obj
                0x20000e7c                __HeapLimit = .

.stack1_dummy   0x20040000        0x0
 *(.stack1*)

.stack_dummy    0x20041000      0x800
 *(.stack*)
 .stack         0x20041000      0x800 CMakeFiles/servo_pwm.dir/D_/VSRM/sdk/pico/pico-sdk/src/rp2_common/pico_standard_link/crt0.S.obj

.flash_end      0x10002fa4        0x0
                0x10002fa4                __flash_binary_end = .
                0x20040000                __StackLimit = (ORIGIN (RAM) + LENGTH (RAM))
                0x20041000                __StackOneTop = (ORIGIN (SCRATCH_X) + LENGTH (SCRATCH_X))
                0x20042000                __StackTop = (ORIGIN (SCRATCH_Y) + LENGTH (SCRATCH_Y))
                0x20041000                __StackOneBottom = (__StackOneTop - SIZEOF (.stack1_dummy))
                0x20041800                __StackBottom = (__StackTop - SIZEOF (.stack_dummy))
                0x20042000                PROVIDE (__stack = __StackTop)
                0x00000001                ASSERT ((__StackLimit >= __HeapLimit), region RAM overflowed)
                0x00000001                ASSERT (((__binary_info_header_end - __logical_binary_start) <= 0x100), Binary info must be in first 256 bytes of the binary)
LOAD CMakeFiles/servo_pwm.dir/servo_pwm_button_uart_dma.c.obj
LOAD CMakeFiles/servo_pwm.dir/D_/VSRM/sdk/pico/pico-sdk/src/rp2_common/pico_stdlib/stdlib.c.obj
LOAD CMakeFiles/servo_pwm.dir/D_/VSRM/sdk/pico/pico-sdk/src/rp2_common/hardware_gpio/gpio.c.obj
LOAD CMakeFiles/servo_pwm.dir/D_/VSRM/sdk/pico/pico-sdk/src/rp2_common/pico_platform/platform.c.obj
LOAD CMakeFiles/servo_pwm.dir/D_/VSRM/sdk/pico/pico-sdk/src/rp2_common/hardware_claim/claim.c.obj
LOAD CMakeFiles/servo_pwm.dir/D_/VSRM/sdk/pico/pico-sdk/src/rp2_common/hardware_sync/sync.c.obj
LOAD CMakeFiles/servo_pwm.dir/D_/VSRM/sdk/pico/pico-sdk/src/rp2_common/hardware_irq/irq.c.obj
LOAD CMakeFiles/servo_pwm.dir/D_/VSRM/sdk/pico/pico-sdk/src/rp2_common/hardware_irq/irq_handler_chain.S.obj
LOAD CMakeFiles/servo_pwm.dir/D_/VSRM/sdk/pico/pico-sdk/src/common/pico_sync/sem.c.obj
LOAD CMakeFiles/servo_pwm.dir/D_/VSRM/sdk/pico/pico-sdk/src/common/pico_sync/lock_core.c.obj
LOAD CMakeFiles/servo_pwm.dir/D_/VSRM/sdk/pico/pico-sdk/src/common/pico_sync/mutex.c.obj
LOAD CMakeFiles/servo_pwm.dir/D_/VSRM/sdk/pico/pico-sdk/src/common/pico_sync/critical_section.c.obj
LOAD CMakeFiles/servo_pwm.dir/D_/VSRM/sdk/pico/pico-sdk/src/common/pico_time/time.c.obj
LOAD CMakeFiles/servo_pwm.dir/D_/VSRM/sdk/pico/pico-sdk/src/common/pico_time/timeout_helper.c.obj
LOAD CMakeFiles/servo_pwm.dir/D_/VSRM/sdk/pico/pico-sdk/src/rp2_common/hardware_timer/timer.c.obj
LOAD CMakeFiles/servo_pwm.dir/D_/VSRM/sdk/pico/pico-sdk/src/common/pico_util/datetime.c.obj
LOAD CMakeFiles/servo_pwm.dir/D_/VSRM/sdk/pico/pico-sdk/src/common/pico_util/pheap.c.obj
LOAD CMakeFiles/servo_pwm.dir/D_/VSRM/sdk/pico/pico-sdk/src/common/pico_util/queue.c.obj
LOAD CMakeFiles/servo_pwm.dir/D_/VSRM/sdk/pico/pico-sdk/src/rp2_common/hardware_uart/uart.c.obj
LOAD CMakeFiles/servo_pwm.dir/D_/VSRM/sdk/pico/pico-sdk/src/rp2_common/hardware_clocks/clocks.c.obj
LOAD CMakeFiles/servo_pwm.dir/D_/VSRM/sdk/pico/pico-sdk/src/rp2_common/hardware_pll/pll.c.obj
LOAD CMakeFiles/servo_pwm.dir/D_/VSRM/sdk/pico/pico-sdk/src/rp2_common/hardware_vreg/vreg.c.obj
LOAD CMakeFiles/servo_pwm.dir/D_/VSRM/sdk/pico/pico-sdk/src/rp2_common/hardware_watchdog/watchdog.c.obj
LOAD CMakeFiles/servo_pwm.dir/D_/VSRM/sdk/pico/pico-sdk/src/rp2_common/hardware_xosc/xosc.c.obj
LOAD CMakeFiles/servo_pwm.dir/D_/VSRM/sdk/pico/pico-sdk/src/rp2_common/hardware_divider/divider.S.obj
LOAD CMakeFiles/servo_pwm.dir/D_/VSRM/sdk/pico/pico-sdk/src/rp2_common/pico_runtime/runtime.c.obj
LOAD CMakeFiles/servo_pwm.dir/D_/VSRM/sdk/pico/pico-sdk/src/rp2_common/pico_printf/printf.c.obj
LOAD CMakeFiles/servo_pwm.dir/D_/VSRM/sdk/pico/pico-sdk/src/rp2_common/pico_bit_ops/bit_ops_aeabi.S.obj
LOAD CMakeFiles/servo_pwm.dir/D_/VSRM/sdk/pico/pico-sdk/src/rp2_common/pico_bootrom/bootrom.c.obj
LOAD CMakeFiles/servo_pwm.dir/D_/VSRM/sdk/pico/pico-sdk/src/rp2_common/pico_divider/divider.S.obj
LOAD CMakeFiles/servo_pwm.dir/D_/VSRM/sdk/pico/pico-sdk/src/rp2_common/pico_double/double_aeabi.S.obj
LOAD CMakeFiles/servo_pwm.dir/D_/VSRM/sdk/pico/pico-sdk/src/rp2_common/pico_double/double_init_rom.c.obj
LOAD CMakeFiles/servo_pwm.dir/D_/VSRM/sdk/pico/pico-sdk/src/rp2_common/pico_double/double_math.c.obj
LOAD CMakeFiles/servo_pwm.dir/D_/VSRM/sdk/pico/pico-sdk/src/rp2_common/pico_double/double_v1_rom_shim.S.obj
LOAD CMakeFiles/servo_pwm.dir/D_/VSRM/sdk/pico/pico-sdk/src/rp2_common/pico_int64_ops/pico_int64_ops_aeabi.S.obj
LOAD CMakeFiles/servo_pwm.dir/D_/VSRM/sdk/pico/pico-sdk/src/rp2_common/pico_float/float_aeabi.S.obj
LOAD CMakeFiles/servo_pwm.dir/D_/VSRM/sdk/pico/pico-sdk/src/rp2_common/pico_float/float_init_rom.c.obj
LOAD CMakeFiles/servo_pwm.dir/D_/VSRM/sdk/pico/pico-sdk/src/rp2_common/pico_float/float_math.c.obj
LOAD CMakeFiles/servo_pwm.dir/D_/VSRM/sdk/pico/pico-sdk/src/rp2_common/pico_float/float_v1_rom_shim.S.obj
LOAD CMakeFiles/servo_pwm.dir/D_/VSRM/sdk/pico/pico-sdk/src/rp2_common/pico_malloc/pico_malloc.c.obj
LOAD CMakeFiles/servo_pwm.dir/D_/VSRM/sdk/pico/pico-sdk/src/rp2_common/pico_mem_ops/mem_ops_aeabi.S.obj
LOAD CMakeFiles/servo_pwm.dir/D_/VSRM/sdk/pico/pico-sdk/src/rp2_common/pico_standard_link/crt0.S.obj
LOAD CMakeFiles/servo_pwm.dir/D_/VSRM/sdk/pico/pico-sdk/src/rp2_common/pico_standard_link/new_delete.cpp.obj
LOAD CMakeFiles/servo_pwm.dir/D_/VSRM/sdk/pico/pico-sdk/src/rp2_common/pico_standard_link/binary_info.c.obj
LOAD CMakeFiles/servo_pwm.dir/D_/VSRM/sdk/pico/pico-sdk/src/rp2_common/pico_stdio/stdio.c.obj
LOAD CMakeFiles/servo_pwm.dir/D_/VSRM/sdk/pico/pico-sdk/src/rp2_common/pico_stdio_uart/stdio_uart.c.obj
LOAD CMakeFiles/servo_pwm.dir/D_/VSRM/sdk/pico/pico-sdk/src/rp2_common/hardware_dma/dma.c.obj
LOAD C:\Users\Sidney\AppData\Local\Temp\ccJDYvam.o
LOAD d:/vsrm/armcc/10_2021_10/bin/../lib/gcc/arm-none-eabi/10.3.1/../../../../arm-none-eabi/lib/thumb/v6-m/nofp\libstdc++.a
LOAD d:/vsrm/armcc/10_2021_10/bin/../lib/gcc/arm-none-eabi/10.3.1/../../../../arm-none-eabi/lib/thumb/v6-m/nofp\libm.a
START GROUP
LOAD d:/vsrm/armcc/10_2021_10/bin/../lib/gcc/arm-none-eabi/10.3.1/thumb/v6-m/nofp\libgcc.a
LOAD d:/vsrm/armcc/10_2021_10/bin/../lib/gcc/arm-none-eabi/10.3.1/../../../../arm-none-eabi/lib/thumb/v6-m/nofp\libc.a
END GROUP
START GROUP
LOAD d:/vsrm/armcc/10_2021_10/bin/../lib/gcc/arm-none-eabi/10.3.1/thumb/v6-m/nofp\libgcc.a
LOAD d:/vsrm/armcc/10_2021_10/bin/../lib/gcc/arm-none-eabi/10.3.1/../../../../arm-none-eabi/lib/thumb/v6-m/nofp\libc.a
LOAD d:/vsrm/armcc/10_2021_10/bin/../lib/gcc/arm-none-eabi/10.3.1/../../../../arm-none-eabi/lib/thumb/v6-m/nofp\libnosys.a
END GROUP
LOAD d:/vsrm/armcc/10_2021_10/bin/../lib/gcc/arm-none-eabi/10.3.1/thumb/v6-m/nofp/crtend.o
LOAD d:/vsrm/armcc/10_2021_10/bin/../lib/gcc/arm-none-eabi/10.3.1/thumb/v6-m/nofp/crtn.o
OUTPUT(servo_pwm.elf elf32-littlearm)
LOAD linker stubs

.ARM.attributes
                0x00000000       0x28
 .ARM.attributes
                0x00000000       0x1e d:/vsrm/armcc/10_2021_10/bin/../lib/gcc/arm-none-eabi/10.3.1/thumb/v6-m/nofp/crti.o
 .ARM.attributes
                0x0000001e       0x2c d:/vsrm/armcc/10_2021_10/bin/../lib/gcc/arm-none-eabi/10.3.1/thumb/v6-m/nofp/crtbegin.o
 .ARM.attributes
                0x0000004a       0x2c CMakeFiles/servo_pwm.dir/servo_pwm_button_uart_dma.c.obj
 .ARM.attributes
                0x00000076       0x2c CMakeFiles/servo_pwm.dir/D_/VSRM/sdk/pico/pico-sdk/src/rp2_common/hardware_gpio/gpio.c.obj
 .ARM.attributes
                0x000000a2       0x2c CMakeFiles/servo_pwm.dir/D_/VSRM/sdk/pico/pico-sdk/src/rp2_common/pico_platform/platform.c.obj
 .ARM.attributes
                0x000000ce       0x2c CMakeFiles/servo_pwm.dir/D_/VSRM/sdk/pico/pico-sdk/src/rp2_common/hardware_claim/claim.c.obj
 .ARM.attributes
                0x000000fa       0x2c CMakeFiles/servo_pwm.dir/D_/VSRM/sdk/pico/pico-sdk/src/rp2_common/hardware_sync/sync.c.obj
 .ARM.attributes
                0x00000126       0x2c CMakeFiles/servo_pwm.dir/D_/VSRM/sdk/pico/pico-sdk/src/rp2_common/hardware_irq/irq.c.obj
 .ARM.attributes
                0x00000152       0x22 CMakeFiles/servo_pwm.dir/D_/VSRM/sdk/pico/pico-sdk/src/rp2_common/hardware_irq/irq_handler_chain.S.obj
 .ARM.attributes
                0x00000174       0x2c CMakeFiles/servo_pwm.dir/D_/VSRM/sdk/pico/pico-sdk/src/common/pico_sync/lock_core.c.obj
 .ARM.attributes
                0x000001a0       0x2c CMakeFiles/servo_pwm.dir/D_/VSRM/sdk/pico/pico-sdk/src/common/pico_sync/mutex.c.obj
 .ARM.attributes
                0x000001cc       0x2c CMakeFiles/servo_pwm.dir/D_/VSRM/sdk/pico/pico-sdk/src/common/pico_time/time.c.obj
 .ARM.attributes
                0x000001f8       0x2c CMakeFiles/servo_pwm.dir/D_/VSRM/sdk/pico/pico-sdk/src/rp2_common/hardware_timer/timer.c.obj
 .ARM.attributes
                0x00000224       0x2c CMakeFiles/servo_pwm.dir/D_/VSRM/sdk/pico/pico-sdk/src/common/pico_util/pheap.c.obj
 .ARM.attributes
                0x00000250       0x2c CMakeFiles/servo_pwm.dir/D_/VSRM/sdk/pico/pico-sdk/src/rp2_common/hardware_uart/uart.c.obj
 .ARM.attributes
                0x0000027c       0x2c CMakeFiles/servo_pwm.dir/D_/VSRM/sdk/pico/pico-sdk/src/rp2_common/hardware_clocks/clocks.c.obj
 .ARM.attributes
                0x000002a8       0x2c CMakeFiles/servo_pwm.dir/D_/VSRM/sdk/pico/pico-sdk/src/rp2_common/hardware_pll/pll.c.obj
 .ARM.attributes
                0x000002d4       0x2c CMakeFiles/servo_pwm.dir/D_/VSRM/sdk/pico/pico-sdk/src/rp2_common/hardware_watchdog/watchdog.c.obj
 .ARM.attributes
                0x00000300       0x2c CMakeFiles/servo_pwm.dir/D_/VSRM/sdk/pico/pico-sdk/src/rp2_common/hardware_xosc/xosc.c.obj
 .ARM.attributes
                0x0000032c       0x2c CMakeFiles/servo_pwm.dir/D_/VSRM/sdk/pico/pico-sdk/src/rp2_common/pico_runtime/runtime.c.obj
 .ARM.attributes
                0x00000358       0x2c CMakeFiles/servo_pwm.dir/D_/VSRM/sdk/pico/pico-sdk/src/rp2_common/pico_printf/printf.c.obj
 .ARM.attributes
                0x00000384       0x22 CMakeFiles/servo_pwm.dir/D_/VSRM/sdk/pico/pico-sdk/src/rp2_common/pico_bit_ops/bit_ops_aeabi.S.obj
 .ARM.attributes
                0x000003a6       0x2c CMakeFiles/servo_pwm.dir/D_/VSRM/sdk/pico/pico-sdk/src/rp2_common/pico_bootrom/bootrom.c.obj
 .ARM.attributes
                0x000003d2       0x22 CMakeFiles/servo_pwm.dir/D_/VSRM/sdk/pico/pico-sdk/src/rp2_common/pico_divider/divider.S.obj
 .ARM.attributes
                0x000003f4       0x22 CMakeFiles/servo_pwm.dir/D_/VSRM/sdk/pico/pico-sdk/src/rp2_common/pico_double/double_aeabi.S.obj
 .ARM.attributes
                0x00000416       0x2c CMakeFiles/servo_pwm.dir/D_/VSRM/sdk/pico/pico-sdk/src/rp2_common/pico_double/double_init_rom.c.obj
 .ARM.attributes
                0x00000442       0x22 CMakeFiles/servo_pwm.dir/D_/VSRM/sdk/pico/pico-sdk/src/rp2_common/pico_double/double_v1_rom_shim.S.obj
 .ARM.attributes
                0x00000464       0x22 CMakeFiles/servo_pwm.dir/D_/VSRM/sdk/pico/pico-sdk/src/rp2_common/pico_int64_ops/pico_int64_ops_aeabi.S.obj
 .ARM.attributes
                0x00000486       0x22 CMakeFiles/servo_pwm.dir/D_/VSRM/sdk/pico/pico-sdk/src/rp2_common/pico_float/float_aeabi.S.obj
 .ARM.attributes
                0x000004a8       0x2c CMakeFiles/servo_pwm.dir/D_/VSRM/sdk/pico/pico-sdk/src/rp2_common/pico_float/float_init_rom.c.obj
 .ARM.attributes
                0x000004d4       0x22 CMakeFiles/servo_pwm.dir/D_/VSRM/sdk/pico/pico-sdk/src/rp2_common/pico_float/float_v1_rom_shim.S.obj
 .ARM.attributes
                0x000004f6       0x22 CMakeFiles/servo_pwm.dir/D_/VSRM/sdk/pico/pico-sdk/src/rp2_common/pico_mem_ops/mem_ops_aeabi.S.obj
 .ARM.attributes
                0x00000518       0x22 CMakeFiles/servo_pwm.dir/D_/VSRM/sdk/pico/pico-sdk/src/rp2_common/pico_standard_link/crt0.S.obj
 .ARM.attributes
                0x0000053a       0x2c CMakeFiles/servo_pwm.dir/D_/VSRM/sdk/pico/pico-sdk/src/rp2_common/pico_standard_link/binary_info.c.obj
 .ARM.attributes
                0x00000566       0x2c CMakeFiles/servo_pwm.dir/D_/VSRM/sdk/pico/pico-sdk/src/rp2_common/pico_stdio/stdio.c.obj
 .ARM.attributes
                0x00000592       0x22 C:\Users\Sidney\AppData\Local\Temp\ccJDYvam.o
 .ARM.attributes
                0x000005b4       0x1e d:/vsrm/armcc/10_2021_10/bin/../lib/gcc/arm-none-eabi/10.3.1/thumb/v6-m/nofp\libgcc.a(_dvmd_tls.o)
 .ARM.attributes
                0x000005d2       0x2c d:/vsrm/armcc/10_2021_10/bin/../lib/gcc/arm-none-eabi/10.3.1/../../../../arm-none-eabi/lib/thumb/v6-m/nofp\libc.a(lib_a-strlen-stub.o)

.comment        0x00000000       0x49
 .comment       0x00000000       0x49 CMakeFiles/servo_pwm.dir/servo_pwm_button_uart_dma.c.obj
                                 0x4a (size before relaxing)
 .comment       0x00000049       0x4a CMakeFiles/servo_pwm.dir/D_/VSRM/sdk/pico/pico-sdk/src/rp2_common/hardware_gpio/gpio.c.obj
 .comment       0x00000049       0x4a CMakeFiles/servo_pwm.dir/D_/VSRM/sdk/pico/pico-sdk/src/rp2_common/pico_platform/platform.c.obj
 .comment       0x00000049       0x4a CMakeFiles/servo_pwm.dir/D_/VSRM/sdk/pico/pico-sdk/src/rp2_common/hardware_claim/claim.c.obj
 .comment       0x00000049       0x4a CMakeFiles/servo_pwm.dir/D_/VSRM/sdk/pico/pico-sdk/src/rp2_common/hardware_sync/sync.c.obj
 .comment       0x00000049       0x4a CMakeFiles/servo_pwm.dir/D_/VSRM/sdk/pico/pico-sdk/src/rp2_common/hardware_irq/irq.c.obj
 .comment       0x00000049       0x4a CMakeFiles/servo_pwm.dir/D_/VSRM/sdk/pico/pico-sdk/src/common/pico_sync/lock_core.c.obj
 .comment       0x00000049       0x4a CMakeFiles/servo_pwm.dir/D_/VSRM/sdk/pico/pico-sdk/src/common/pico_sync/mutex.c.obj
 .comment       0x00000049       0x4a CMakeFiles/servo_pwm.dir/D_/VSRM/sdk/pico/pico-sdk/src/common/pico_time/time.c.obj
 .comment       0x00000049       0x4a CMakeFiles/servo_pwm.dir/D_/VSRM/sdk/pico/pico-sdk/src/rp2_common/hardware_timer/timer.c.obj
 .comment       0x00000049       0x4a CMakeFiles/servo_pwm.dir/D_/VSRM/sdk/pico/pico-sdk/src/common/pico_util/pheap.c.obj
 .comment       0x00000049       0x4a CMakeFiles/servo_pwm.dir/D_/VSRM/sdk/pico/pico-sdk/src/rp2_common/hardware_uart/uart.c.obj
 .comment       0x00000049       0x4a CMakeFiles/servo_pwm.dir/D_/VSRM/sdk/pico/pico-sdk/src/rp2_common/hardware_clocks/clocks.c.obj
 .comment       0x00000049       0x4a CMakeFiles/servo_pwm.dir/D_/VSRM/sdk/pico/pico-sdk/src/rp2_common/hardware_pll/pll.c.obj
 .comment       0x00000049       0x4a CMakeFiles/servo_pwm.dir/D_/VSRM/sdk/pico/pico-sdk/src/rp2_common/hardware_watchdog/watchdog.c.obj
 .comment       0x00000049       0x4a CMakeFiles/servo_pwm.dir/D_/VSRM/sdk/pico/pico-sdk/src/rp2_common/hardware_xosc/xosc.c.obj
 .comment       0x00000049       0x4a CMakeFiles/servo_pwm.dir/D_/VSRM/sdk/pico/pico-sdk/src/rp2_common/pico_runtime/runtime.c.obj
 .comment       0x00000049       0x4a CMakeFiles/servo_pwm.dir/D_/VSRM/sdk/pico/pico-sdk/src/rp2_common/pico_printf/printf.c.obj
 .comment       0x00000049       0x4a CMakeFiles/servo_pwm.dir/D_/VSRM/sdk/pico/pico-sdk/src/rp2_common/pico_bootrom/bootrom.c.obj
 .comment       0x00000049       0x4a CMakeFiles/servo_pwm.dir/D_/VSRM/sdk/pico/pico-sdk/src/rp2_common/pico_double/double_init_rom.c.obj
 .comment       0x00000049       0x4a CMakeFiles/servo_pwm.dir/D_/VSRM/sdk/pico/pico-sdk/src/rp2_common/pico_float/float_init_rom.c.obj
 .comment       0x00000049       0x4a CMakeFiles/servo_pwm.dir/D_/VSRM/sdk/pico/pico-sdk/src/rp2_common/pico_standard_link/binary_info.c.obj
 .comment       0x00000049       0x4a CMakeFiles/servo_pwm.dir/D_/VSRM/sdk/pico/pico-sdk/src/rp2_common/pico_stdio/stdio.c.obj

.debug_frame    0x00000000       0x28
 .debug_frame   0x00000000       0x28 d:/vsrm/armcc/10_2021_10/bin/../lib/gcc/arm-none-eabi/10.3.1/../../../../arm-none-eabi/lib/thumb/v6-m/nofp\libc.a(lib_a-strlen-stub.o)
