Archive member included to satisfy reference by file (symbol)

d:/vsrm/armcc/10_2021_10/bin/../lib/gcc/arm-none-eabi/10.3.1/thumb/v6-m/nofp\libgcc.a(_dvmd_tls.o)
                              CMakeFiles/vga.dir/D_/VSRM/sdk/pico/pico-sdk/src/rp2_common/pico_divider/divider.S.obj (__aeabi_idiv0)
d:/vsrm/armcc/10_2021_10/bin/../lib/gcc/arm-none-eabi/10.3.1/../../../../arm-none-eabi/lib/thumb/v6-m/nofp\libg.a(lib_a-calloc.o)
                              CMakeFiles/vga.dir/D_/VSRM/sdk/pico/pico-sdk/src/rp2_common/pico_malloc/pico_malloc.c.obj (calloc)
d:/vsrm/armcc/10_2021_10/bin/../lib/gcc/arm-none-eabi/10.3.1/../../../../arm-none-eabi/lib/thumb/v6-m/nofp\libg.a(lib_a-callocr.o)
                              d:/vsrm/armcc/10_2021_10/bin/../lib/gcc/arm-none-eabi/10.3.1/../../../../arm-none-eabi/lib/thumb/v6-m/nofp\libg.a(lib_a-calloc.o) (_calloc_r)
d:/vsrm/armcc/10_2021_10/bin/../lib/gcc/arm-none-eabi/10.3.1/../../../../arm-none-eabi/lib/thumb/v6-m/nofp\libg.a(lib_a-errno.o)
                              d:/vsrm/armcc/10_2021_10/bin/../lib/gcc/arm-none-eabi/10.3.1/../../../../arm-none-eabi/lib/thumb/v6-m/nofp\libg.a(lib_a-callocr.o) (__errno)
d:/vsrm/armcc/10_2021_10/bin/../lib/gcc/arm-none-eabi/10.3.1/../../../../arm-none-eabi/lib/thumb/v6-m/nofp\libg.a(lib_a-impure.o)
                              d:/vsrm/armcc/10_2021_10/bin/../lib/gcc/arm-none-eabi/10.3.1/../../../../arm-none-eabi/lib/thumb/v6-m/nofp\libg.a(lib_a-calloc.o) (_impure_ptr)
d:/vsrm/armcc/10_2021_10/bin/../lib/gcc/arm-none-eabi/10.3.1/../../../../arm-none-eabi/lib/thumb/v6-m/nofp\libg.a(lib_a-init.o)
                              d:/vsrm/armcc/10_2021_10/bin/../lib/gcc/arm-none-eabi/10.3.1/../../../../arm-none-eabi/lib/thumb/v6-m/nofp/crt0.o (__libc_init_array)
d:/vsrm/armcc/10_2021_10/bin/../lib/gcc/arm-none-eabi/10.3.1/../../../../arm-none-eabi/lib/thumb/v6-m/nofp\libg.a(lib_a-malloc.o)
                              CMakeFiles/vga.dir/D_/VSRM/sdk/pico/pico-sdk/src/rp2_common/pico_malloc/pico_malloc.c.obj (malloc)
d:/vsrm/armcc/10_2021_10/bin/../lib/gcc/arm-none-eabi/10.3.1/../../../../arm-none-eabi/lib/thumb/v6-m/nofp\libg.a(lib_a-mallocr.o)
                              d:/vsrm/armcc/10_2021_10/bin/../lib/gcc/arm-none-eabi/10.3.1/../../../../arm-none-eabi/lib/thumb/v6-m/nofp\libg.a(lib_a-callocr.o) (_malloc_r)
d:/vsrm/armcc/10_2021_10/bin/../lib/gcc/arm-none-eabi/10.3.1/../../../../arm-none-eabi/lib/thumb/v6-m/nofp\libg.a(lib_a-mlock.o)
                              d:/vsrm/armcc/10_2021_10/bin/../lib/gcc/arm-none-eabi/10.3.1/../../../../arm-none-eabi/lib/thumb/v6-m/nofp\libg.a(lib_a-mallocr.o) (__malloc_lock)
d:/vsrm/armcc/10_2021_10/bin/../lib/gcc/arm-none-eabi/10.3.1/../../../../arm-none-eabi/lib/thumb/v6-m/nofp\libg.a(lib_a-realloc.o)
                              CMakeFiles/vga.dir/D_/VSRM/sdk/pico/pico-sdk/src/rp2_common/pico_malloc/pico_malloc.c.obj (realloc)
d:/vsrm/armcc/10_2021_10/bin/../lib/gcc/arm-none-eabi/10.3.1/../../../../arm-none-eabi/lib/thumb/v6-m/nofp\libg.a(lib_a-reallocr.o)
                              d:/vsrm/armcc/10_2021_10/bin/../lib/gcc/arm-none-eabi/10.3.1/../../../../arm-none-eabi/lib/thumb/v6-m/nofp\libg.a(lib_a-realloc.o) (_realloc_r)
d:/vsrm/armcc/10_2021_10/bin/../lib/gcc/arm-none-eabi/10.3.1/../../../../arm-none-eabi/lib/thumb/v6-m/nofp\libg.a(lib_a-sbrkr.o)
                              d:/vsrm/armcc/10_2021_10/bin/../lib/gcc/arm-none-eabi/10.3.1/../../../../arm-none-eabi/lib/thumb/v6-m/nofp\libg.a(lib_a-mallocr.o) (_sbrk_r)
d:/vsrm/armcc/10_2021_10/bin/../lib/gcc/arm-none-eabi/10.3.1/../../../../arm-none-eabi/lib/thumb/v6-m/nofp\libg.a(lib_a-strlen-stub.o)
                              CMakeFiles/vga.dir/D_/VSRM/sdk/pico/pico-sdk/src/rp2_common/pico_stdio/stdio.c.obj (strlen)
d:/vsrm/armcc/10_2021_10/bin/../lib/gcc/arm-none-eabi/10.3.1/../../../../arm-none-eabi/lib/thumb/v6-m/nofp\libg.a(lib_a-freer.o)
                              d:/vsrm/armcc/10_2021_10/bin/../lib/gcc/arm-none-eabi/10.3.1/../../../../arm-none-eabi/lib/thumb/v6-m/nofp\libg.a(lib_a-malloc.o) (_free_r)
d:/vsrm/armcc/10_2021_10/bin/../lib/gcc/arm-none-eabi/10.3.1/../../../../arm-none-eabi/lib/thumb/v6-m/nofp\libg.a(lib_a-lock.o)
                              d:/vsrm/armcc/10_2021_10/bin/../lib/gcc/arm-none-eabi/10.3.1/../../../../arm-none-eabi/lib/thumb/v6-m/nofp\libg.a(lib_a-mlock.o) (__retarget_lock_acquire_recursive)
d:/vsrm/armcc/10_2021_10/bin/../lib/gcc/arm-none-eabi/10.3.1/../../../../arm-none-eabi/lib/thumb/v6-m/nofp\libg.a(lib_a-memmove.o)
                              d:/vsrm/armcc/10_2021_10/bin/../lib/gcc/arm-none-eabi/10.3.1/../../../../arm-none-eabi/lib/thumb/v6-m/nofp\libg.a(lib_a-reallocr.o) (memmove)
d:/vsrm/armcc/10_2021_10/bin/../lib/gcc/arm-none-eabi/10.3.1/../../../../arm-none-eabi/lib/thumb/v6-m/nofp\libg.a(lib_a-reent.o)
                              d:/vsrm/armcc/10_2021_10/bin/../lib/gcc/arm-none-eabi/10.3.1/../../../../arm-none-eabi/lib/thumb/v6-m/nofp\libg.a(lib_a-sbrkr.o) (errno)

Discarded input sections

[...]
Memory Configuration

Name             Origin             Length             Attributes
FLASH            0x10000000         0x00200000         xr
RAM              0x20000000         0x00040000         xrw
SCRATCH_X        0x20040000         0x00001000         xrw
SCRATCH_Y        0x20041000         0x00001000         xrw
*default*        0x00000000         0xffffffff

Linker script and memory map

LOAD d:/vsrm/armcc/10_2021_10/bin/../lib/gcc/arm-none-eabi/10.3.1/thumb/v6-m/nofp/crti.o
LOAD d:/vsrm/armcc/10_2021_10/bin/../lib/gcc/arm-none-eabi/10.3.1/thumb/v6-m/nofp/crtbegin.o
LOAD d:/vsrm/armcc/10_2021_10/bin/../lib/gcc/arm-none-eabi/10.3.1/../../../../arm-none-eabi/lib/thumb/v6-m/nofp/crt0.o

.flash_begin    0x10000000        0x0
                0x10000000                __flash_binary_start = .

.boot2          0x10000000      0x100
                0x10000000                __boot2_start__ = .
 *(.boot2)
 .boot2         0x10000000      0x100 C:\Users\Sidney\AppData\Local\Temp\ccWQtWAy.o
                0x10000100                __boot2_end__ = .
                0x00000001                ASSERT (((__boot2_end__ - __boot2_start__) == 0x100), ERROR: Pico second stage bootloader must be 256 bytes in size)

.text           0x10000100     0x4968
                0x10000100                __logical_binary_start = .
 *(.vectors)
 .vectors       0x10000100       0xd4 CMakeFiles/vga.dir/D_/VSRM/sdk/pico/pico-sdk/src/rp2_common/pico_standard_link/crt0.S.obj
                0x10000100                __VECTOR_TABLE
                0x10000100                __vectors
                0x100001c0                isr_invalid
                0x100001c0                __default_isrs_start
                0x100001c2                isr_nmi
                0x100001c4                isr_hardfault
                0x100001c6                isr_svcall
                0x100001c8                isr_pendsv
                0x100001ca                isr_systick
                0x100001cc                isr_irq23
                0x100001cc                isr_irq18
                0x100001cc                isr_irq11
                0x100001cc                isr_irq28
                0x100001cc                isr_irq19
                0x100001cc                isr_irq0
                0x100001cc                isr_irq6
                0x100001cc                isr_irq5
                0x100001cc                isr_irq12
                0x100001cc                isr_irq22
                0x100001cc                isr_irq31
                0x100001cc                isr_irq17
                0x100001cc                isr_irq27
                0x100001cc                isr_irq30
                0x100001cc                isr_irq2
                0x100001cc                isr_irq10
                0x100001cc                isr_irq8
                0x100001cc                isr_irq24
                0x100001cc                isr_irq1
                0x100001cc                isr_irq7
                0x100001cc                isr_irq21
                0x100001cc                isr_irq20
                0x100001cc                isr_irq15
                0x100001cc                isr_irq25
                0x100001cc                isr_irq13
                0x100001cc                __unhandled_user_irq
                0x100001cc                isr_irq4
                0x100001cc                isr_irq16
                0x100001cc                isr_irq29
                0x100001cc                isr_irq26
                0x100001cc                __default_isrs_end
                0x100001cc                isr_irq3
                0x100001cc                isr_irq14
                0x100001cc                isr_irq9
                0x100001d2                unhandled_user_irq_num_in_r0
 *(.binary_info_header)
 .binary_info_header
                0x100001d4       0x14 CMakeFiles/vga.dir/D_/VSRM/sdk/pico/pico-sdk/src/rp2_common/pico_standard_link/crt0.S.obj
                0x100001e8                __binary_info_header_end = .
 *(.reset)
 .reset         0x100001e8       0xa0 CMakeFiles/vga.dir/D_/VSRM/sdk/pico/pico-sdk/src/rp2_common/pico_standard_link/crt0.S.obj
                0x100001e8                _entry_point
 .reset         0x10000288       0x30 CMakeFiles/vga.dir/D_/VSRM/sdk/pico/pico-sdk/src/rp2_common/pico_standard_link/binary_info.c.obj
 *(.init)
 .init          0x100002b8        0x4 d:/vsrm/armcc/10_2021_10/bin/../lib/gcc/arm-none-eabi/10.3.1/thumb/v6-m/nofp/crti.o
                0x100002b8                _init
 *(EXCLUDE_FILE(*libm.a: *libc.a:*lib_a-mem*.o *libgcc.a:) .text*)
 .text          0x100002bc       0x48 d:/vsrm/armcc/10_2021_10/bin/../lib/gcc/arm-none-eabi/10.3.1/thumb/v6-m/nofp/crtbegin.o
 .text.main     0x10000304      0x200 CMakeFiles/vga.dir/vga.c.obj
                0x10000304                main
 .text.change_color_param
                0x10000504       0x90 CMakeFiles/vga.dir/vga_button.c.obj
                0x10000504                change_color_param
 .text.on_button
                0x10000594       0x18 CMakeFiles/vga.dir/vga_button.c.obj
                0x10000594                on_button
 .text.configure_button
                0x100005ac       0x40 CMakeFiles/vga.dir/vga_button.c.obj
                0x100005ac                configure_button
 .text.hsync_irq
                0x100005ec       0x58 CMakeFiles/vga.dir/vga_sync.c.obj
                0x100005ec                hsync_irq
 .text.configure_pwm_hsync
                0x10000644       0x88 CMakeFiles/vga.dir/vga_sync.c.obj
                0x10000644                configure_pwm_hsync
 .text.hsync_get_counter
                0x100006cc       0x1c CMakeFiles/vga.dir/vga_sync.c.obj
                0x100006cc                hsync_get_counter
 .text.configure_irq
                0x100006e8       0x3c CMakeFiles/vga.dir/vga_sync.c.obj
                0x100006e8                configure_irq
 .text.configure_gpio
                0x10000724       0x24 CMakeFiles/vga.dir/vga_pixel.c.obj
                0x10000724                configure_gpio
 .text.gpio_set_function
                0x10000748       0x30 CMakeFiles/vga.dir/D_/VSRM/sdk/pico/pico-sdk/src/rp2_common/hardware_gpio/gpio.c.obj
                0x10000748                gpio_set_function
 .text.gpio_set_pulls
                0x10000778       0x2c CMakeFiles/vga.dir/D_/VSRM/sdk/pico/pico-sdk/src/rp2_common/hardware_gpio/gpio.c.obj
                0x10000778                gpio_set_pulls
 .text.gpio_set_irq_callback
                0x100007a4       0x48 CMakeFiles/vga.dir/D_/VSRM/sdk/pico/pico-sdk/src/rp2_common/hardware_gpio/gpio.c.obj
                0x100007a4                gpio_set_irq_callback
 .text.gpio_acknowledge_irq
                0x100007ec       0x1c CMakeFiles/vga.dir/D_/VSRM/sdk/pico/pico-sdk/src/rp2_common/hardware_gpio/gpio.c.obj
                0x100007ec                gpio_acknowledge_irq
 .text.gpio_set_irq_enabled
                0x10000808       0x4c CMakeFiles/vga.dir/D_/VSRM/sdk/pico/pico-sdk/src/rp2_common/hardware_gpio/gpio.c.obj
                0x10000808                gpio_set_irq_enabled
 .text.gpio_set_irq_enabled_with_callback
                0x10000854       0x20 CMakeFiles/vga.dir/D_/VSRM/sdk/pico/pico-sdk/src/rp2_common/hardware_gpio/gpio.c.obj
                0x10000854                gpio_set_irq_enabled_with_callback
 .text.gpio_default_irq_handler
                0x10000874       0xb4 CMakeFiles/vga.dir/D_/VSRM/sdk/pico/pico-sdk/src/rp2_common/hardware_gpio/gpio.c.obj
 .text.gpio_init
                0x10000928       0x16 CMakeFiles/vga.dir/D_/VSRM/sdk/pico/pico-sdk/src/rp2_common/hardware_gpio/gpio.c.obj
                0x10000928                gpio_init
 .text.gpio_init_mask
                0x1000093e       0x20 CMakeFiles/vga.dir/D_/VSRM/sdk/pico/pico-sdk/src/rp2_common/hardware_gpio/gpio.c.obj
                0x1000093e                gpio_init_mask
 *fill*         0x1000095e        0x2 
 .text.running_on_fpga
                0x10000960       0x10 CMakeFiles/vga.dir/D_/VSRM/sdk/pico/pico-sdk/src/rp2_common/pico_platform/platform.c.obj
                0x10000960                running_on_fpga
 .text.hw_claim_lock
                0x10000970       0x18 CMakeFiles/vga.dir/D_/VSRM/sdk/pico/pico-sdk/src/rp2_common/hardware_claim/claim.c.obj
                0x10000970                hw_claim_lock
 .text.hw_claim_unlock
                0x10000988       0x14 CMakeFiles/vga.dir/D_/VSRM/sdk/pico/pico-sdk/src/rp2_common/hardware_claim/claim.c.obj
                0x10000988                hw_claim_unlock
 .text.hw_claim_or_assert
                0x1000099c       0x30 CMakeFiles/vga.dir/D_/VSRM/sdk/pico/pico-sdk/src/rp2_common/hardware_claim/claim.c.obj
                0x1000099c                hw_claim_or_assert
 .text.spin_locks_reset
                0x100009cc       0x1c CMakeFiles/vga.dir/D_/VSRM/sdk/pico/pico-sdk/src/rp2_common/hardware_sync/sync.c.obj
                0x100009cc                spin_locks_reset
 .text.next_striped_spin_lock_num
                0x100009e8       0x20 CMakeFiles/vga.dir/D_/VSRM/sdk/pico/pico-sdk/src/rp2_common/hardware_sync/sync.c.obj
                0x100009e8                next_striped_spin_lock_num
 .text.set_raw_irq_handler_and_unlock
                0x10000a08       0x28 CMakeFiles/vga.dir/D_/VSRM/sdk/pico/pico-sdk/src/rp2_common/hardware_irq/irq.c.obj
 .text.make_branch
                0x10000a30       0x44 CMakeFiles/vga.dir/D_/VSRM/sdk/pico/pico-sdk/src/rp2_common/hardware_irq/irq.c.obj
 .text.irq_is_enabled
                0x10000a74       0x18 CMakeFiles/vga.dir/D_/VSRM/sdk/pico/pico-sdk/src/rp2_common/hardware_irq/irq.c.obj
                0x10000a74                irq_is_enabled
 .text.irq_set_mask_enabled
                0x10000a8c       0x20 CMakeFiles/vga.dir/D_/VSRM/sdk/pico/pico-sdk/src/rp2_common/hardware_irq/irq.c.obj
                0x10000a8c                irq_set_mask_enabled
 .text.irq_set_enabled
                0x10000aac        0xe CMakeFiles/vga.dir/D_/VSRM/sdk/pico/pico-sdk/src/rp2_common/hardware_irq/irq.c.obj
                0x10000aac                irq_set_enabled
 *fill*         0x10000aba        0x2 
 .text.irq_get_vtable_handler
                0x10000abc       0x10 CMakeFiles/vga.dir/D_/VSRM/sdk/pico/pico-sdk/src/rp2_common/hardware_irq/irq.c.obj
                0x10000abc                irq_get_vtable_handler
 .text.irq_set_exclusive_handler
                0x10000acc       0x54 CMakeFiles/vga.dir/D_/VSRM/sdk/pico/pico-sdk/src/rp2_common/hardware_irq/irq.c.obj
                0x10000acc                irq_set_exclusive_handler
 .text.irq_add_shared_handler
                0x10000b20      0x214 CMakeFiles/vga.dir/D_/VSRM/sdk/pico/pico-sdk/src/rp2_common/hardware_irq/irq.c.obj
                0x10000b20                irq_add_shared_handler
 .text.irq_remove_handler
                0x10000d34      0x1f0 CMakeFiles/vga.dir/D_/VSRM/sdk/pico/pico-sdk/src/rp2_common/hardware_irq/irq.c.obj
                0x10000d34                irq_remove_handler
 .text.irq_add_tail_to_free_list
                0x10000f24       0xe4 CMakeFiles/vga.dir/D_/VSRM/sdk/pico/pico-sdk/src/rp2_common/hardware_irq/irq.c.obj
                0x10000f24                irq_add_tail_to_free_list
 .text.irq_init_priorities
                0x10001008       0x48 CMakeFiles/vga.dir/D_/VSRM/sdk/pico/pico-sdk/src/rp2_common/hardware_irq/irq.c.obj
                0x10001008                irq_init_priorities
 .text.lock_init
                0x10001050       0x10 CMakeFiles/vga.dir/D_/VSRM/sdk/pico/pico-sdk/src/common/pico_sync/lock_core.c.obj
                0x10001050                lock_init
 .text.mutex_init
                0x10001060       0x1a CMakeFiles/vga.dir/D_/VSRM/sdk/pico/pico-sdk/src/common/pico_sync/mutex.c.obj
                0x10001060                mutex_init
 .text.recursive_mutex_init
                0x1000107a       0x1e CMakeFiles/vga.dir/D_/VSRM/sdk/pico/pico-sdk/src/common/pico_sync/mutex.c.obj
                0x1000107a                recursive_mutex_init
 .text.alarm_pool_post_alloc_init
                0x10001098       0x40 CMakeFiles/vga.dir/D_/VSRM/sdk/pico/pico-sdk/src/common/pico_time/time.c.obj
 .text.sleep_until_callback
                0x100010d8       0x30 CMakeFiles/vga.dir/D_/VSRM/sdk/pico/pico-sdk/src/common/pico_time/time.c.obj
 .text.timer_pool_entry_comparator
                0x10001108       0x70 CMakeFiles/vga.dir/D_/VSRM/sdk/pico/pico-sdk/src/common/pico_time/time.c.obj
                0x10001108                timer_pool_entry_comparator
 .text.ph_add_child_node
                0x10001178       0x84 CMakeFiles/vga.dir/D_/VSRM/sdk/pico/pico-sdk/src/common/pico_time/time.c.obj
 .text.add_alarm_under_lock
                0x100011fc      0x170 CMakeFiles/vga.dir/D_/VSRM/sdk/pico/pico-sdk/src/common/pico_time/time.c.obj
 .text.alarm_pool_alarm_callback
                0x1000136c      0x304 CMakeFiles/vga.dir/D_/VSRM/sdk/pico/pico-sdk/src/common/pico_time/time.c.obj
 .text.alarm_pool_init_default
                0x10001670       0x40 CMakeFiles/vga.dir/D_/VSRM/sdk/pico/pico-sdk/src/common/pico_time/time.c.obj
                0x10001670                alarm_pool_init_default
 .text.alarm_pool_get_default
                0x100016b0       0x2c CMakeFiles/vga.dir/D_/VSRM/sdk/pico/pico-sdk/src/common/pico_time/time.c.obj
                0x100016b0                alarm_pool_get_default
 .text.alarm_pool_add_alarm_at
                0x100016dc      0x13c CMakeFiles/vga.dir/D_/VSRM/sdk/pico/pico-sdk/src/common/pico_time/time.c.obj
                0x100016dc                alarm_pool_add_alarm_at
 .text.alarm_pool_cancel_alarm
                0x10001818       0xf4 CMakeFiles/vga.dir/D_/VSRM/sdk/pico/pico-sdk/src/common/pico_time/time.c.obj
                0x10001818                alarm_pool_cancel_alarm
 .text.sleep_until
                0x1000190c      0x100 CMakeFiles/vga.dir/D_/VSRM/sdk/pico/pico-sdk/src/common/pico_time/time.c.obj
                0x1000190c                sleep_until
 .text.sleep_us
                0x10001a0c       0x48 CMakeFiles/vga.dir/D_/VSRM/sdk/pico/pico-sdk/src/common/pico_time/time.c.obj
                0x10001a0c                sleep_us
 .text.sleep_ms
                0x10001a54       0x14 CMakeFiles/vga.dir/D_/VSRM/sdk/pico/pico-sdk/src/common/pico_time/time.c.obj
                0x10001a54                sleep_ms
 .text.best_effort_wfe_or_timeout
                0x10001a68       0x90 CMakeFiles/vga.dir/D_/VSRM/sdk/pico/pico-sdk/src/common/pico_time/time.c.obj
                0x10001a68                best_effort_wfe_or_timeout
 .text.hardware_alarm_irq_handler
                0x10001af8       0x9c CMakeFiles/vga.dir/D_/VSRM/sdk/pico/pico-sdk/src/rp2_common/hardware_timer/timer.c.obj
 .text.hardware_alarm_claim
                0x10001b94       0x18 CMakeFiles/vga.dir/D_/VSRM/sdk/pico/pico-sdk/src/rp2_common/hardware_timer/timer.c.obj
                0x10001b94                hardware_alarm_claim
 .text.time_us_64
                0x10001bac       0x14 CMakeFiles/vga.dir/D_/VSRM/sdk/pico/pico-sdk/src/rp2_common/hardware_timer/timer.c.obj
                0x10001bac                time_us_64
 .text.busy_wait_until
                0x10001bc0       0x28 CMakeFiles/vga.dir/D_/VSRM/sdk/pico/pico-sdk/src/rp2_common/hardware_timer/timer.c.obj
                0x10001bc0                busy_wait_until
 .text.hardware_alarm_set_callback
                0x10001be8       0x90 CMakeFiles/vga.dir/D_/VSRM/sdk/pico/pico-sdk/src/rp2_common/hardware_timer/timer.c.obj
                0x10001be8                hardware_alarm_set_callback
 .text.hardware_alarm_set_target
                0x10001c78       0xec CMakeFiles/vga.dir/D_/VSRM/sdk/pico/pico-sdk/src/rp2_common/hardware_timer/timer.c.obj
                0x10001c78                hardware_alarm_set_target
 .text.hardware_alarm_cancel
                0x10001d64       0x40 CMakeFiles/vga.dir/D_/VSRM/sdk/pico/pico-sdk/src/rp2_common/hardware_timer/timer.c.obj
                0x10001d64                hardware_alarm_cancel
 .text.ph_add_child_node
                0x10001da4       0x84 CMakeFiles/vga.dir/D_/VSRM/sdk/pico/pico-sdk/src/common/pico_util/pheap.c.obj
 .text.ph_merge_nodes
                0x10001e28       0x3a CMakeFiles/vga.dir/D_/VSRM/sdk/pico/pico-sdk/src/common/pico_util/pheap.c.obj
 *fill*         0x10001e62        0x2 
 .text.ph_clear
                0x10001e64       0x68 CMakeFiles/vga.dir/D_/VSRM/sdk/pico/pico-sdk/src/common/pico_util/pheap.c.obj
                0x10001e64                ph_clear
 .text.ph_post_alloc_init
                0x10001ecc        0xe CMakeFiles/vga.dir/D_/VSRM/sdk/pico/pico-sdk/src/common/pico_util/pheap.c.obj
                0x10001ecc                ph_post_alloc_init
 *fill*         0x10001eda        0x2 
 .text.ph_merge_two_pass
                0x10001edc       0x90 CMakeFiles/vga.dir/D_/VSRM/sdk/pico/pico-sdk/src/common/pico_util/pheap.c.obj
                0x10001edc                ph_merge_two_pass
 .text.ph_remove_any_head
                0x10001f6c      0x114 CMakeFiles/vga.dir/D_/VSRM/sdk/pico/pico-sdk/src/common/pico_util/pheap.c.obj
 .text.ph_remove_head
                0x10002080       0x14 CMakeFiles/vga.dir/D_/VSRM/sdk/pico/pico-sdk/src/common/pico_util/pheap.c.obj
                0x10002080                ph_remove_head
 .text.ph_remove_and_free_node
                0x10002094       0xe4 CMakeFiles/vga.dir/D_/VSRM/sdk/pico/pico-sdk/src/common/pico_util/pheap.c.obj
                0x10002094                ph_remove_and_free_node
 .text.clock_configure
                0x10002178      0x11c CMakeFiles/vga.dir/D_/VSRM/sdk/pico/pico-sdk/src/rp2_common/hardware_clocks/clocks.c.obj
                0x10002178                clock_configure
 .text.clocks_init
                0x10002294       0xfc CMakeFiles/vga.dir/D_/VSRM/sdk/pico/pico-sdk/src/rp2_common/hardware_clocks/clocks.c.obj
                0x10002294                clocks_init
 .text.pll_init
                0x10002390      0x10c CMakeFiles/vga.dir/D_/VSRM/sdk/pico/pico-sdk/src/rp2_common/hardware_pll/pll.c.obj
                0x10002390                pll_init
 .text.watchdog_start_tick
                0x1000249c       0x10 CMakeFiles/vga.dir/D_/VSRM/sdk/pico/pico-sdk/src/rp2_common/hardware_watchdog/watchdog.c.obj
                0x1000249c                watchdog_start_tick
 .text.xosc_init
                0x100024ac       0x28 CMakeFiles/vga.dir/D_/VSRM/sdk/pico/pico-sdk/src/rp2_common/hardware_xosc/xosc.c.obj
                0x100024ac                xosc_init
 .text._exit    0x100024d4        0x4 CMakeFiles/vga.dir/D_/VSRM/sdk/pico/pico-sdk/src/rp2_common/pico_runtime/runtime.c.obj
                0x100024d4                _exit
 .text.exit     0x100024d8        0x6 CMakeFiles/vga.dir/D_/VSRM/sdk/pico/pico-sdk/src/rp2_common/pico_runtime/runtime.c.obj
                0x100024d8                exit
 *fill*         0x100024de        0x2 
 .text.__assert_func
                0x100024e0       0x34 CMakeFiles/vga.dir/D_/VSRM/sdk/pico/pico-sdk/src/rp2_common/pico_runtime/runtime.c.obj
                0x100024e0                __assert_func
 .text.runtime_init
                0x10002514      0x124 CMakeFiles/vga.dir/D_/VSRM/sdk/pico/pico-sdk/src/rp2_common/pico_runtime/runtime.c.obj
                0x10002514                runtime_init
 .text.panic    0x10002638       0x30 CMakeFiles/vga.dir/D_/VSRM/sdk/pico/pico-sdk/src/rp2_common/pico_runtime/runtime.c.obj
                0x10002638                panic
 .text._out_null
                0x10002668        0x2 CMakeFiles/vga.dir/D_/VSRM/sdk/pico/pico-sdk/src/rp2_common/pico_printf/printf.c.obj
 .text._out_fct
                0x1000266a       0x10 CMakeFiles/vga.dir/D_/VSRM/sdk/pico/pico-sdk/src/rp2_common/pico_printf/printf.c.obj
 .text._out_rev
                0x1000267a       0xaa CMakeFiles/vga.dir/D_/VSRM/sdk/pico/pico-sdk/src/rp2_common/pico_printf/printf.c.obj
 .text._ntoa_format
                0x10002724      0x148 CMakeFiles/vga.dir/D_/VSRM/sdk/pico/pico-sdk/src/rp2_common/pico_printf/printf.c.obj
 .text._ntoa_long
                0x1000286c       0xba CMakeFiles/vga.dir/D_/VSRM/sdk/pico/pico-sdk/src/rp2_common/pico_printf/printf.c.obj
 .text._ntoa_long_long
                0x10002926       0xd2 CMakeFiles/vga.dir/D_/VSRM/sdk/pico/pico-sdk/src/rp2_common/pico_printf/printf.c.obj
 .text._etoa    0x100029f8      0x404 CMakeFiles/vga.dir/D_/VSRM/sdk/pico/pico-sdk/src/rp2_common/pico_printf/printf.c.obj
 .text._ftoa    0x10002dfc      0x3c4 CMakeFiles/vga.dir/D_/VSRM/sdk/pico/pico-sdk/src/rp2_common/pico_printf/printf.c.obj
 .text._vsnprintf
                0x100031c0      0x6a8 CMakeFiles/vga.dir/D_/VSRM/sdk/pico/pico-sdk/src/rp2_common/pico_printf/printf.c.obj
 .text.vfctprintf
                0x10003868       0x20 CMakeFiles/vga.dir/D_/VSRM/sdk/pico/pico-sdk/src/rp2_common/pico_printf/printf.c.obj
                0x10003868                vfctprintf
 .text          0x10003888       0x10 CMakeFiles/vga.dir/D_/VSRM/sdk/pico/pico-sdk/src/rp2_common/pico_bit_ops/bit_ops_aeabi.S.obj
 .text.rom_func_lookup
                0x10003898       0x10 CMakeFiles/vga.dir/D_/VSRM/sdk/pico/pico-sdk/src/rp2_common/pico_bootrom/bootrom.c.obj
                0x10003898                rom_func_lookup
 .text.rom_data_lookup
                0x100038a8       0x10 CMakeFiles/vga.dir/D_/VSRM/sdk/pico/pico-sdk/src/rp2_common/pico_bootrom/bootrom.c.obj
                0x100038a8                rom_data_lookup
 .text.rom_funcs_lookup
                0x100038b8       0x2a CMakeFiles/vga.dir/D_/VSRM/sdk/pico/pico-sdk/src/rp2_common/pico_bootrom/bootrom.c.obj
                0x100038b8                rom_funcs_lookup
 *fill*         0x100038e2        0x2 
 .text.__wrap___aeabi_idiv
                0x100038e4       0x50 CMakeFiles/vga.dir/D_/VSRM/sdk/pico/pico-sdk/src/rp2_common/pico_divider/divider.S.obj
                0x100038e4                __wrap___aeabi_idivmod
                0x100038e4                divmod_s32s32
                0x100038e4                div_s32s32
                0x100038e4                __wrap___aeabi_idiv
                0x100038ec                divmod_s32s32_unsafe
                0x10003918                divmod_s32s32_savestate
 .text.__wrap___aeabi_uidiv
                0x10003934       0x4c CMakeFiles/vga.dir/D_/VSRM/sdk/pico/pico-sdk/src/rp2_common/pico_divider/divider.S.obj
                0x10003934                __wrap___aeabi_uidiv
                0x10003934                __wrap___aeabi_uidivmod
                0x10003934                div_u32u32
                0x10003934                divmod_u32u32
                0x1000393c                divmod_u32u32_unsafe
                0x10003964                divmod_u32u32_savestate
 .text.__wrap___aeabi_ldiv
                0x10003980      0x424 CMakeFiles/vga.dir/D_/VSRM/sdk/pico/pico-sdk/src/rp2_common/pico_divider/divider.S.obj
                0x10003980                div_s64s64
                0x10003980                divmod_s64s64
                0x10003980                __wrap___aeabi_ldivmod
                0x100039b0                divmod_u64u64
                0x100039b0                div_u64u64
                0x100039b0                __wrap___aeabi_uldivmod
                0x100039c0                divmod_u64u64_savestate
                0x100039e0                divmod_s64s64_unsafe
                0x10003a68                divmod_u64u64_unsafe
 .text.__wrap___aeabi_darithmetic
                0x10003da4       0x80 CMakeFiles/vga.dir/D_/VSRM/sdk/pico/pico-sdk/src/rp2_common/pico_double/double_aeabi.S.obj
                0x10003da4                __wrap___aeabi_drsub
                0x10003daa                __wrap___aeabi_dsub
                0x10003dbc                __wrap___aeabi_dadd
                0x10003dce                __wrap___aeabi_ddiv
                0x10003e0a                __wrap___aeabi_dmul
 .text.__wrap___aeabi_cdcmple
                0x10003e24       0x6c CMakeFiles/vga.dir/D_/VSRM/sdk/pico/pico-sdk/src/rp2_common/pico_double/double_aeabi.S.obj
                0x10003e24                __wrap___aeabi_cdrcmple
                0x10003e34                __wrap___aeabi_cdcmpeq
                0x10003e34                __wrap___aeabi_cdcmple
 .text.__wrap___aeabi_dcmplt
                0x10003e90        0xc CMakeFiles/vga.dir/D_/VSRM/sdk/pico/pico-sdk/src/rp2_common/pico_double/double_aeabi.S.obj
                0x10003e90                __wrap___aeabi_dcmplt
 .text.__wrap___aeabi_dcmple
                0x10003e9c       0x10 CMakeFiles/vga.dir/D_/VSRM/sdk/pico/pico-sdk/src/rp2_common/pico_double/double_aeabi.S.obj
                0x10003e9c                __wrap___aeabi_dcmple
 .text.__wrap___aeabi_dcmpge
                0x10003eac       0x10 CMakeFiles/vga.dir/D_/VSRM/sdk/pico/pico-sdk/src/rp2_common/pico_double/double_aeabi.S.obj
                0x10003eac                __wrap___aeabi_dcmpge
 .text.__wrap___aeabi_dcmpgt
                0x10003ebc        0xa CMakeFiles/vga.dir/D_/VSRM/sdk/pico/pico-sdk/src/rp2_common/pico_double/double_aeabi.S.obj
                0x10003ebc                __wrap___aeabi_dcmpgt
 .text.__wrap___aeabi_dcmpun
                0x10003ec6       0x1c CMakeFiles/vga.dir/D_/VSRM/sdk/pico/pico-sdk/src/rp2_common/pico_double/double_aeabi.S.obj
                0x10003ec6                __wrap___aeabi_dcmpun
 *fill*         0x10003ee2        0x2 
 .text.__wrap___aeabi_i2d
                0x10003ee4       0x38 CMakeFiles/vga.dir/D_/VSRM/sdk/pico/pico-sdk/src/rp2_common/pico_double/double_aeabi.S.obj
                0x10003ee4                __wrap___aeabi_ui2d
                0x10003eec                __wrap___aeabi_i2d
 .text.__wrap___aeabi_d2iz
                0x10003f1c       0x48 CMakeFiles/vga.dir/D_/VSRM/sdk/pico/pico-sdk/src/rp2_common/pico_double/double_aeabi.S.obj
                0x10003f1c                double2int_z
                0x10003f1c                __wrap___aeabi_d2iz
 .text.__wrap___aeabi_d2uiz
                0x10003f64       0x18 CMakeFiles/vga.dir/D_/VSRM/sdk/pico/pico-sdk/src/rp2_common/pico_double/double_aeabi.S.obj
                0x10003f64                __wrap___aeabi_d2uiz
                0x10003f64                double2uint
 .text.__aeabi_double_init
                0x10003f7c       0xc4 CMakeFiles/vga.dir/D_/VSRM/sdk/pico/pico-sdk/src/rp2_common/pico_double/double_init_rom.c.obj
                0x10003f7c                __aeabi_double_init
 .text.double_table_shim_on_use_helper
                0x10004040       0x34 CMakeFiles/vga.dir/D_/VSRM/sdk/pico/pico-sdk/src/rp2_common/pico_double/double_v1_rom_shim.S.obj
                0x10004040                double_table_shim_on_use_helper
 .text.__wrap___aeabi_dsub
                0x10004074       0x10 CMakeFiles/vga.dir/D_/VSRM/sdk/pico/pico-sdk/src/rp2_common/pico_double/double_v1_rom_shim.S.obj
                0x10004074                drsub_shim
                0x1000407a                dsub_shim
 .text.dadd_shim
                0x10004084      0x15c CMakeFiles/vga.dir/D_/VSRM/sdk/pico/pico-sdk/src/rp2_common/pico_double/double_v1_rom_shim.S.obj
                0x10004084                dadd_shim
 .text.dmul_shim
                0x100041e0      0x15c CMakeFiles/vga.dir/D_/VSRM/sdk/pico/pico-sdk/src/rp2_common/pico_double/double_v1_rom_shim.S.obj
                0x100041e0                dmul_shim
 .text.ddiv_shim
                0x1000433c      0x1b0 CMakeFiles/vga.dir/D_/VSRM/sdk/pico/pico-sdk/src/rp2_common/pico_double/double_v1_rom_shim.S.obj
                0x1000433c                ddiv_shim
 .text.double2uint_shim
                0x100044ec        0xe CMakeFiles/vga.dir/D_/VSRM/sdk/pico/pico-sdk/src/rp2_common/pico_double/double_v1_rom_shim.S.obj
                0x100044ec                double2uint_shim
                0x100044ee                double2ufix_shim
 *fill*         0x100044fa        0x2 
 .text.double2uint64_shim
                0x100044fc       0x70 CMakeFiles/vga.dir/D_/VSRM/sdk/pico/pico-sdk/src/rp2_common/pico_double/double_v1_rom_shim.S.obj
                0x100044fc                double2uint64_shim
                0x100044fe                double2ufix64_shim
                0x1000451e                d2fix_a
 .text.dunpacks
                0x1000456c       0x3c CMakeFiles/vga.dir/D_/VSRM/sdk/pico/pico-sdk/src/rp2_common/pico_double/double_v1_rom_shim.S.obj
                0x1000456c                dunpacks
 .text.__aeabi_lmul
                0x100045a8       0x32 CMakeFiles/vga.dir/D_/VSRM/sdk/pico/pico-sdk/src/rp2_common/pico_int64_ops/pico_int64_ops_aeabi.S.obj
                0x100045a8                __wrap___aeabi_lmul
 *fill*         0x100045da        0x2 
 .text.__aeabi_float_init
                0x100045dc       0xf4 CMakeFiles/vga.dir/D_/VSRM/sdk/pico/pico-sdk/src/rp2_common/pico_float/float_init_rom.c.obj
                0x100045dc                __aeabi_float_init
 .text.float_table_shim_on_use_helper
                0x100046d0       0x34 CMakeFiles/vga.dir/D_/VSRM/sdk/pico/pico-sdk/src/rp2_common/pico_float/float_v1_rom_shim.S.obj
                0x100046d0                float_table_shim_on_use_helper
 .text          0x10004704       0x10 CMakeFiles/vga.dir/D_/VSRM/sdk/pico/pico-sdk/src/rp2_common/pico_mem_ops/mem_ops_aeabi.S.obj
                0x10004704                __aeabi_mem_init
 .text.memcpy   0x10004714        0xc CMakeFiles/vga.dir/D_/VSRM/sdk/pico/pico-sdk/src/rp2_common/pico_mem_ops/mem_ops_aeabi.S.obj
                0x10004714                __wrap_memcpy
                0x10004714                __wrap___aeabi_memcpy
 .text.stdio_out_chars_no_crlf
                0x10004720        0xe CMakeFiles/vga.dir/D_/VSRM/sdk/pico/pico-sdk/src/rp2_common/pico_stdio/stdio.c.obj
 *fill*         0x1000472e        0x2 
 .text.stdio_out_chars_crlf
                0x10004730       0x94 CMakeFiles/vga.dir/D_/VSRM/sdk/pico/pico-sdk/src/rp2_common/pico_stdio/stdio.c.obj
 .text.stdio_stack_buffer_flush
                0x100047c4       0x48 CMakeFiles/vga.dir/D_/VSRM/sdk/pico/pico-sdk/src/rp2_common/pico_stdio/stdio.c.obj
 .text.stdio_buffered_printer
                0x1000480c       0x20 CMakeFiles/vga.dir/D_/VSRM/sdk/pico/pico-sdk/src/rp2_common/pico_stdio/stdio.c.obj
 .text.stdout_serialize_begin
                0x1000482c       0x4c CMakeFiles/vga.dir/D_/VSRM/sdk/pico/pico-sdk/src/rp2_common/pico_stdio/stdio.c.obj
                0x1000482c                stdout_serialize_begin
 .text.stdout_serialize_end
                0x10004878       0x10 CMakeFiles/vga.dir/D_/VSRM/sdk/pico/pico-sdk/src/rp2_common/pico_stdio/stdio.c.obj
                0x10004878                stdout_serialize_end
 .text.stdio_put_string
                0x10004888       0xa8 CMakeFiles/vga.dir/D_/VSRM/sdk/pico/pico-sdk/src/rp2_common/pico_stdio/stdio.c.obj
 .text.stdio_flush
                0x10004930       0x20 CMakeFiles/vga.dir/D_/VSRM/sdk/pico/pico-sdk/src/rp2_common/pico_stdio/stdio.c.obj
                0x10004930                stdio_flush
 .text.__wrap_puts
                0x10004950       0x1e CMakeFiles/vga.dir/D_/VSRM/sdk/pico/pico-sdk/src/rp2_common/pico_stdio/stdio.c.obj
                0x10004950                __wrap_puts
 *fill*         0x1000496e        0x2 
 .text.__wrap_vprintf
                0x10004970       0x40 CMakeFiles/vga.dir/D_/VSRM/sdk/pico/pico-sdk/src/rp2_common/pico_stdio/stdio.c.obj
                0x10004970                __wrap_vprintf
 .text.__wrap_printf
                0x100049b0       0x18 CMakeFiles/vga.dir/D_/VSRM/sdk/pico/pico-sdk/src/rp2_common/pico_stdio/stdio.c.obj
                0x100049b0                __wrap_printf
 .text.strlen   0x100049c8       0x5c d:/vsrm/armcc/10_2021_10/bin/../lib/gcc/arm-none-eabi/10.3.1/../../../../arm-none-eabi/lib/thumb/v6-m/nofp\libg.a(lib_a-strlen-stub.o)
                0x100049c8                strlen
 *(.fini)
 .fini          0x10004a24        0x4 d:/vsrm/armcc/10_2021_10/bin/../lib/gcc/arm-none-eabi/10.3.1/thumb/v6-m/nofp/crti.o
                0x10004a24                _fini
 .fini.__stub   0x10004a28       0x40 linker stubs
 *crtbegin.o(.ctors)
 *crtbegin?.o(.ctors)
 *(EXCLUDE_FILE(*crtend.o *crtend?.o) .ctors)
 *(SORT_BY_NAME(.ctors.*))
 *(.ctors)
 *crtbegin.o(.dtors)
 *crtbegin?.o(.dtors)
 *(EXCLUDE_FILE(*crtend.o *crtend?.o) .dtors)
 *(SORT_BY_NAME(.dtors.*))
 *(.dtors)
 *(.eh_frame*)
 .eh_frame      0x10004a68        0x0 d:/vsrm/armcc/10_2021_10/bin/../lib/gcc/arm-none-eabi/10.3.1/thumb/v6-m/nofp/crtbegin.o
                0x10004a68                . = ALIGN (0x4)

.glue_7         0x10004a68        0x0
 .glue_7        0x10004a68        0x0 linker stubs

.glue_7t        0x10004a68        0x0
 .glue_7t       0x10004a68        0x0 linker stubs

.vfp11_veneer   0x10004a68        0x0
 .vfp11_veneer  0x10004a68        0x0 linker stubs

.v4_bx          0x10004a68        0x0
 .v4_bx         0x10004a68        0x0 linker stubs

.iplt           0x10004a68        0x0
 .iplt          0x10004a68        0x0 d:/vsrm/armcc/10_2021_10/bin/../lib/gcc/arm-none-eabi/10.3.1/thumb/v6-m/nofp/crtbegin.o

.rodata         0x10004a68      0xf1c
 *(EXCLUDE_FILE(*libm.a: *libc.a:*lib_a-mem*.o *libgcc.a:) .rodata*)
 .rodata.main   0x10004a68       0x18 CMakeFiles/vga.dir/vga.c.obj
 .rodata.make_branch.str1.4
                0x10004a80       0x6c CMakeFiles/vga.dir/D_/VSRM/sdk/pico/pico-sdk/src/rp2_common/hardware_irq/irq.c.obj
 .rodata.irq_set_exclusive_handler.str1.4
                0x10004aec       0x36 CMakeFiles/vga.dir/D_/VSRM/sdk/pico/pico-sdk/src/rp2_common/hardware_irq/irq.c.obj
 *fill*         0x10004b22        0x2 
 .rodata.irq_add_shared_handler.str1.4
                0x10004b24       0xd9 CMakeFiles/vga.dir/D_/VSRM/sdk/pico/pico-sdk/src/rp2_common/hardware_irq/irq.c.obj
 *fill*         0x10004bfd        0x3 
 .rodata.irq_remove_handler.str1.4
                0x10004c00       0x4a CMakeFiles/vga.dir/D_/VSRM/sdk/pico/pico-sdk/src/rp2_common/hardware_irq/irq.c.obj
 *fill*         0x10004c4a        0x2 
 .rodata.irq_add_tail_to_free_list.str1.4
                0x10004c4c       0x3a CMakeFiles/vga.dir/D_/VSRM/sdk/pico/pico-sdk/src/rp2_common/hardware_irq/irq.c.obj
 *fill*         0x10004c86        0x2 
 .rodata.__func__.0
                0x10004c88       0x1a CMakeFiles/vga.dir/D_/VSRM/sdk/pico/pico-sdk/src/rp2_common/hardware_irq/irq.c.obj
 *fill*         0x10004ca2        0x2 
 .rodata.__func__.1
                0x10004ca4       0x17 CMakeFiles/vga.dir/D_/VSRM/sdk/pico/pico-sdk/src/rp2_common/hardware_irq/irq.c.obj
 *fill*         0x10004cbb        0x1 
 .rodata.__func__.2
                0x10004cbc       0x13 CMakeFiles/vga.dir/D_/VSRM/sdk/pico/pico-sdk/src/rp2_common/hardware_irq/irq.c.obj
 *fill*         0x10004ccf        0x1 
 .rodata.__func__.3
                0x10004cd0        0xc CMakeFiles/vga.dir/D_/VSRM/sdk/pico/pico-sdk/src/rp2_common/hardware_irq/irq.c.obj
 .rodata.__func__.4
                0x10004cdc        0xf CMakeFiles/vga.dir/D_/VSRM/sdk/pico/pico-sdk/src/rp2_common/hardware_irq/irq.c.obj
 *fill*         0x10004ceb        0x1 
 .rodata.__func__.5
                0x10004cec       0x17 CMakeFiles/vga.dir/D_/VSRM/sdk/pico/pico-sdk/src/rp2_common/hardware_irq/irq.c.obj
 *fill*         0x10004d03        0x1 
 .rodata.__func__.6
                0x10004d04       0x1a CMakeFiles/vga.dir/D_/VSRM/sdk/pico/pico-sdk/src/rp2_common/hardware_irq/irq.c.obj
 *fill*         0x10004d1e        0x2 
 .rodata.str1.4
                0x10004d20       0xe9 CMakeFiles/vga.dir/D_/VSRM/sdk/pico/pico-sdk/src/common/pico_sync/mutex.c.obj
 *fill*         0x10004e09        0x3 
 .rodata.__func__.1
                0x10004e0c        0xb CMakeFiles/vga.dir/D_/VSRM/sdk/pico/pico-sdk/src/common/pico_sync/mutex.c.obj
 *fill*         0x10004e17        0x1 
 .rodata.__func__.3
                0x10004e18       0x18 CMakeFiles/vga.dir/D_/VSRM/sdk/pico/pico-sdk/src/common/pico_sync/mutex.c.obj
 .rodata.repeating_timer_callback.str1.4
                0x10004e30       0x4a CMakeFiles/vga.dir/D_/VSRM/sdk/pico/pico-sdk/src/common/pico_time/time.c.obj
 *fill*         0x10004e7a        0x2 
 .rodata.timer_pool_entry_comparator.str1.4
                0x10004e7c       0x22 CMakeFiles/vga.dir/D_/VSRM/sdk/pico/pico-sdk/src/common/pico_time/time.c.obj
 *fill*         0x10004e9e        0x2 
 .rodata.ph_add_child_node.str1.4
                0x10004ea0       0x8a CMakeFiles/vga.dir/D_/VSRM/sdk/pico/pico-sdk/src/common/pico_time/time.c.obj
 *fill*         0x10004f2a        0x2 
 .rodata.add_alarm_under_lock.str1.4
                0x10004f2c       0x28 CMakeFiles/vga.dir/D_/VSRM/sdk/pico/pico-sdk/src/common/pico_time/time.c.obj
 .rodata.alarm_pool_alarm_callback.str1.4
                0x10004f54       0x98 CMakeFiles/vga.dir/D_/VSRM/sdk/pico/pico-sdk/src/common/pico_time/time.c.obj
                                 0xf8 (size before relaxing)
 .rodata.alarm_pool_get_default.str1.4
                0x10004fec       0x21 CMakeFiles/vga.dir/D_/VSRM/sdk/pico/pico-sdk/src/common/pico_time/time.c.obj
 *fill*         0x1000500d        0x3 
 .rodata.alarm_pool_cancel_alarm.str1.4
                0x10005010       0x27 CMakeFiles/vga.dir/D_/VSRM/sdk/pico/pico-sdk/src/common/pico_time/time.c.obj
 *fill*         0x10005037        0x1 
 .rodata.sleep_until.str1.4
                0x10005038       0x4d CMakeFiles/vga.dir/D_/VSRM/sdk/pico/pico-sdk/src/common/pico_time/time.c.obj
 *fill*         0x10005085        0x3 
 .rodata.__func__.1
                0x10005088       0x18 CMakeFiles/vga.dir/D_/VSRM/sdk/pico/pico-sdk/src/common/pico_time/time.c.obj
 .rodata.__func__.10
                0x100050a0       0x15 CMakeFiles/vga.dir/D_/VSRM/sdk/pico/pico-sdk/src/common/pico_time/time.c.obj
 *fill*         0x100050b5        0x3 
 .rodata.__func__.11
                0x100050b8       0x1a CMakeFiles/vga.dir/D_/VSRM/sdk/pico/pico-sdk/src/common/pico_time/time.c.obj
 *fill*         0x100050d2        0x2 
 .rodata.__func__.12
                0x100050d4        0xa CMakeFiles/vga.dir/D_/VSRM/sdk/pico/pico-sdk/src/common/pico_time/time.c.obj
 *fill*         0x100050de        0x2 
 .rodata.__func__.3
                0x100050e0       0x17 CMakeFiles/vga.dir/D_/VSRM/sdk/pico/pico-sdk/src/common/pico_time/time.c.obj
 *fill*         0x100050f7        0x1 
 .rodata.__func__.4
                0x100050f8       0x12 CMakeFiles/vga.dir/D_/VSRM/sdk/pico/pico-sdk/src/common/pico_time/time.c.obj
 *fill*         0x1000510a        0x2 
 .rodata.__func__.5
                0x1000510c        0xd CMakeFiles/vga.dir/D_/VSRM/sdk/pico/pico-sdk/src/common/pico_time/time.c.obj
 *fill*         0x10005119        0x3 
 .rodata.__func__.6
                0x1000511c       0x12 CMakeFiles/vga.dir/D_/VSRM/sdk/pico/pico-sdk/src/common/pico_time/time.c.obj
 *fill*         0x1000512e        0x2 
 .rodata.__func__.8
                0x10005130        0xc CMakeFiles/vga.dir/D_/VSRM/sdk/pico/pico-sdk/src/common/pico_time/time.c.obj
 .rodata.__func__.9
                0x1000513c       0x15 CMakeFiles/vga.dir/D_/VSRM/sdk/pico/pico-sdk/src/common/pico_time/time.c.obj
 *fill*         0x10005151        0x3 
 .rodata.hardware_alarm_claim.str1.4
                0x10005154       0x22 CMakeFiles/vga.dir/D_/VSRM/sdk/pico/pico-sdk/src/rp2_common/hardware_timer/timer.c.obj
 *fill*         0x10005176        0x2 
 .rodata.hardware_alarm_set_target.str1.4
                0x10005178       0x64 CMakeFiles/vga.dir/D_/VSRM/sdk/pico/pico-sdk/src/rp2_common/hardware_timer/timer.c.obj
 .rodata.__func__.0
                0x100051dc       0x1a CMakeFiles/vga.dir/D_/VSRM/sdk/pico/pico-sdk/src/rp2_common/hardware_timer/timer.c.obj
 .rodata.ph_add_child_node.str1.4
                0x100051f6       0x8a CMakeFiles/vga.dir/D_/VSRM/sdk/pico/pico-sdk/src/common/pico_util/pheap.c.obj
 *fill*         0x100051f6        0x2 
 .rodata.ph_remove_any_head.str1.4
                0x100051f8       0x8c CMakeFiles/vga.dir/D_/VSRM/sdk/pico/pico-sdk/src/common/pico_util/pheap.c.obj
                                 0xa0 (size before relaxing)
 .rodata.ph_remove_and_free_node.str1.4
                0x10005284       0x1e CMakeFiles/vga.dir/D_/VSRM/sdk/pico/pico-sdk/src/common/pico_util/pheap.c.obj
                                 0x26 (size before relaxing)
 *fill*         0x100052a2        0x2 
 .rodata.__func__.0
                0x100052a4       0x18 CMakeFiles/vga.dir/D_/VSRM/sdk/pico/pico-sdk/src/common/pico_util/pheap.c.obj
 .rodata.__func__.1
                0x100052bc       0x13 CMakeFiles/vga.dir/D_/VSRM/sdk/pico/pico-sdk/src/common/pico_util/pheap.c.obj
 *fill*         0x100052cf        0x1 
 .rodata.__func__.2
                0x100052d0       0x12 CMakeFiles/vga.dir/D_/VSRM/sdk/pico/pico-sdk/src/common/pico_util/pheap.c.obj
 *fill*         0x100052e2        0x2 
 .rodata.__func__.3
                0x100052e4        0xc CMakeFiles/vga.dir/D_/VSRM/sdk/pico/pico-sdk/src/common/pico_util/pheap.c.obj
 .rodata.clock_configure.str1.4
                0x100052f0       0x56 CMakeFiles/vga.dir/D_/VSRM/sdk/pico/pico-sdk/src/rp2_common/hardware_clocks/clocks.c.obj
 *fill*         0x10005346        0x2 
 .rodata.__func__.1
                0x10005348       0x10 CMakeFiles/vga.dir/D_/VSRM/sdk/pico/pico-sdk/src/rp2_common/hardware_clocks/clocks.c.obj
 .rodata.pll_init.str1.4
                0x10005358      0x101 CMakeFiles/vga.dir/D_/VSRM/sdk/pico/pico-sdk/src/rp2_common/hardware_pll/pll.c.obj
 *fill*         0x10005459        0x3 
 .rodata.__func__.0
                0x1000545c        0x9 CMakeFiles/vga.dir/D_/VSRM/sdk/pico/pico-sdk/src/rp2_common/hardware_pll/pll.c.obj
 *fill*         0x10005465        0x3 
 .rodata.__assert_func.str1.4
                0x10005468       0x3f CMakeFiles/vga.dir/D_/VSRM/sdk/pico/pico-sdk/src/rp2_common/pico_runtime/runtime.c.obj
                                 0x43 (size before relaxing)
 *fill*         0x100054a7        0x1 
 .rodata.runtime_init.str1.4
                0x100054a8       0x60 CMakeFiles/vga.dir/D_/VSRM/sdk/pico/pico-sdk/src/rp2_common/pico_runtime/runtime.c.obj
 .rodata.panic.str1.4
                0x10005508       0x12 CMakeFiles/vga.dir/D_/VSRM/sdk/pico/pico-sdk/src/rp2_common/pico_runtime/runtime.c.obj
 *fill*         0x1000551a        0x2 
 .rodata.__func__.2
                0x1000551c        0xd CMakeFiles/vga.dir/D_/VSRM/sdk/pico/pico-sdk/src/rp2_common/pico_runtime/runtime.c.obj
 *fill*         0x10005529        0x3 
 .rodata._ftoa.str1.4
                0x1000552c       0x15 CMakeFiles/vga.dir/D_/VSRM/sdk/pico/pico-sdk/src/rp2_common/pico_printf/printf.c.obj
 *fill*         0x10005541        0x3 
 .rodata._vsnprintf
                0x10005544      0x1e0 CMakeFiles/vga.dir/D_/VSRM/sdk/pico/pico-sdk/src/rp2_common/pico_printf/printf.c.obj
 *fill*         0x10005724        0x4 
 .rodata.pow10.0
                0x10005728       0x50 CMakeFiles/vga.dir/D_/VSRM/sdk/pico/pico-sdk/src/rp2_common/pico_printf/printf.c.obj
 .rodata.__aeabi_double_init.str1.4
                0x10005778       0xa7 CMakeFiles/vga.dir/D_/VSRM/sdk/pico/pico-sdk/src/rp2_common/pico_double/double_init_rom.c.obj
 *fill*         0x1000581f        0x1 
 .rodata.__func__.0
                0x10005820       0x14 CMakeFiles/vga.dir/D_/VSRM/sdk/pico/pico-sdk/src/rp2_common/pico_double/double_init_rom.c.obj
 .rodata.__aeabi_float_init.str1.4
                0x10005834       0x79 CMakeFiles/vga.dir/D_/VSRM/sdk/pico/pico-sdk/src/rp2_common/pico_float/float_init_rom.c.obj
                                 0x7d (size before relaxing)
 *fill*         0x100058ad        0x3 
 .rodata.__func__.0
                0x100058b0       0x13 CMakeFiles/vga.dir/D_/VSRM/sdk/pico/pico-sdk/src/rp2_common/pico_float/float_init_rom.c.obj
 *fill*         0x100058c3        0x1 
 .rodata.str1.4
                0x100058c4       0x74 CMakeFiles/vga.dir/D_/VSRM/sdk/pico/pico-sdk/src/rp2_common/pico_standard_link/binary_info.c.obj
 .rodata.__bi_44
                0x10005938        0xc CMakeFiles/vga.dir/D_/VSRM/sdk/pico/pico-sdk/src/rp2_common/pico_standard_link/binary_info.c.obj
 .rodata.__bi_69
                0x10005944        0xc CMakeFiles/vga.dir/D_/VSRM/sdk/pico/pico-sdk/src/rp2_common/pico_standard_link/binary_info.c.obj
 .rodata.__bi_75
                0x10005950        0xc CMakeFiles/vga.dir/D_/VSRM/sdk/pico/pico-sdk/src/rp2_common/pico_standard_link/binary_info.c.obj
 .rodata.__bi_81
                0x1000595c        0xc CMakeFiles/vga.dir/D_/VSRM/sdk/pico/pico-sdk/src/rp2_common/pico_standard_link/binary_info.c.obj
 .rodata.stdout_serialize_begin.str1.4
                0x10005968       0x60 CMakeFiles/vga.dir/D_/VSRM/sdk/pico/pico-sdk/src/rp2_common/pico_stdio/stdio.c.obj
 .rodata.__func__.3
                0x10005968       0x15 CMakeFiles/vga.dir/D_/VSRM/sdk/pico/pico-sdk/src/rp2_common/pico_stdio/stdio.c.obj
 *fill*         0x1000597d        0x3 
 .rodata.crlf_str.2
                0x10005980        0x2 CMakeFiles/vga.dir/D_/VSRM/sdk/pico/pico-sdk/src/rp2_common/pico_stdio/stdio.c.obj
                0x10005984                . = ALIGN (0x4)
 *fill*         0x10005982        0x2 
 *(SORT_BY_ALIGNMENT(SORT_BY_NAME(.flashdata*)))
                0x10005984                . = ALIGN (0x4)

.rel.dyn        0x10005984        0x0
 .rel.iplt      0x10005984        0x0 d:/vsrm/armcc/10_2021_10/bin/../lib/gcc/arm-none-eabi/10.3.1/thumb/v6-m/nofp/crtbegin.o

.ARM.extab
 *(.ARM.extab* .gnu.linkonce.armextab.*)
                0x10005984                __exidx_start = .

.ARM.exidx
 *(.ARM.exidx* .gnu.linkonce.armexidx.*)
                0x10005984                __exidx_end = .
                0x10005984                . = ALIGN (0x4)
                0x10005984                __binary_info_start = .

.binary_info    0x10005984       0x20
 *(.binary_info.keep.*)
 .binary_info.keep.__bi_ptr22
                0x10005984        0x4 CMakeFiles/vga.dir/D_/VSRM/sdk/pico/pico-sdk/src/rp2_common/pico_standard_link/binary_info.c.obj
 .binary_info.keep.__bi_ptr30
                0x10005988        0x4 CMakeFiles/vga.dir/D_/VSRM/sdk/pico/pico-sdk/src/rp2_common/pico_standard_link/binary_info.c.obj
 .binary_info.keep.__bi_ptr38
                0x1000598c        0x4 CMakeFiles/vga.dir/D_/VSRM/sdk/pico/pico-sdk/src/rp2_common/pico_standard_link/binary_info.c.obj
 .binary_info.keep.__bi_ptr44
                0x10005990        0x4 CMakeFiles/vga.dir/D_/VSRM/sdk/pico/pico-sdk/src/rp2_common/pico_standard_link/binary_info.c.obj
 .binary_info.keep.__bi_ptr50
                0x10005994        0x4 CMakeFiles/vga.dir/D_/VSRM/sdk/pico/pico-sdk/src/rp2_common/pico_standard_link/binary_info.c.obj
 .binary_info.keep.__bi_ptr69
                0x10005998        0x4 CMakeFiles/vga.dir/D_/VSRM/sdk/pico/pico-sdk/src/rp2_common/pico_standard_link/binary_info.c.obj
 .binary_info.keep.__bi_ptr75
                0x1000599c        0x4 CMakeFiles/vga.dir/D_/VSRM/sdk/pico/pico-sdk/src/rp2_common/pico_standard_link/binary_info.c.obj
 .binary_info.keep.__bi_ptr81
                0x100059a0        0x4 CMakeFiles/vga.dir/D_/VSRM/sdk/pico/pico-sdk/src/rp2_common/pico_standard_link/binary_info.c.obj
 *(.binary_info.*)
                0x100059a4                __binary_info_end = .
                0x100059a4                . = ALIGN (0x4)
                0x100059a4                __etext = .

.ram_vector_table
                0x20000000       0xc0
 *(.ram_vector_table)
 .ram_vector_table
                0x20000000       0xc0 CMakeFiles/vga.dir/D_/VSRM/sdk/pico/pico-sdk/src/rp2_common/pico_runtime/runtime.c.obj
                0x20000000                ram_vector_table

.data           0x200000c0      0x25c load address 0x100059a4
                0x200000c0                __data_start__ = .
 *(vtable)
 *(.time_critical*)
 .time_critical.mutex_try_enter
                0x200000c0       0x44 CMakeFiles/vga.dir/D_/VSRM/sdk/pico/pico-sdk/src/common/pico_sync/mutex.c.obj
                0x200000c0                mutex_try_enter
 .time_critical.mutex_enter_block_until
                0x20000104       0x90 CMakeFiles/vga.dir/D_/VSRM/sdk/pico/pico-sdk/src/common/pico_sync/mutex.c.obj
                0x20000104                mutex_enter_block_until
 .time_critical.mutex_try_enter_block_until
                0x20000194       0x34 CMakeFiles/vga.dir/D_/VSRM/sdk/pico/pico-sdk/src/common/pico_sync/mutex.c.obj
                0x20000194                mutex_try_enter_block_until
 .time_critical.mutex_exit
                0x200001c8       0x48 CMakeFiles/vga.dir/D_/VSRM/sdk/pico/pico-sdk/src/common/pico_sync/mutex.c.obj
                0x200001c8                mutex_exit
 *(.text*)
 .text          0x20000210        0x4 d:/vsrm/armcc/10_2021_10/bin/../lib/gcc/arm-none-eabi/10.3.1/thumb/v6-m/nofp\libgcc.a(_dvmd_tls.o)
                0x20000210                __aeabi_idiv0
                0x20000210                __aeabi_ldiv0
 *fill*         0x20000214        0x4 
 .text.__stub   0x20000218       0x20 linker stubs
                0x20000238                . = ALIGN (0x4)
 *(.rodata*)
                0x20000238                . = ALIGN (0x4)
 *(.data*)
 .data.COLOR_BITMASKS
                0x20000238        0xc CMakeFiles/vga.dir/vga.c.obj
                0x20000238                COLOR_BITMASKS
 .data.bits     0x20000244       0x20 CMakeFiles/vga.dir/vga.c.obj
                0x20000244                bits
 .data.chess    0x20000264        0x8 CMakeFiles/vga.dir/vga.c.obj
                0x20000264                chess
 .data.striped_spin_lock_num
                0x2000026c        0x1 CMakeFiles/vga.dir/D_/VSRM/sdk/pico/pico-sdk/src/rp2_common/hardware_sync/sync.c.obj
 *fill*         0x2000026d        0x3 
 .data          0x20000270       0x48 CMakeFiles/vga.dir/D_/VSRM/sdk/pico/pico-sdk/src/rp2_common/hardware_irq/irq_handler_chain.S.obj
                0x20000270                irq_handler_chain_slots
                0x200002a0                irq_handler_chain_first_slot
                0x200002aa                irq_handler_chain_remove_tail
 .data.default_alarm_pool
                0x200002b8       0x18 CMakeFiles/vga.dir/D_/VSRM/sdk/pico/pico-sdk/src/common/pico_time/time.c.obj
 .data.default_alarm_pool_heap
                0x200002d0       0x10 CMakeFiles/vga.dir/D_/VSRM/sdk/pico/pico-sdk/src/common/pico_time/time.c.obj
 *fill*         0x200002e0        0x0 
 .data.aeabi_bits_funcs
                0x200002e0       0x10 CMakeFiles/vga.dir/D_/VSRM/sdk/pico/pico-sdk/src/rp2_common/pico_bit_ops/bit_ops_aeabi.S.obj
                0x200002e0                aeabi_bits_funcs
                0x200002f0                aeabi_bits_funcs_end
 .data.aeabi_mem_funcs
                0x200002f0       0x10 CMakeFiles/vga.dir/D_/VSRM/sdk/pico/pico-sdk/src/rp2_common/pico_mem_ops/mem_ops_aeabi.S.obj
                0x200002f0                aeabi_mem_funcs
                0x20000300                aeabi_mem_funcs_end
                0x20000300                . = ALIGN (0x4)
 *(.after_data.*)
                0x20000300                . = ALIGN (0x4)
                0x20000300                PROVIDE (__mutex_array_start = .)
 *(SORT_BY_NAME(.mutex_array.*))
 *(.mutex_array)
 .mutex_array   0x20000300        0x8 CMakeFiles/vga.dir/D_/VSRM/sdk/pico/pico-sdk/src/rp2_common/pico_stdio/stdio.c.obj
                0x20000308                PROVIDE (__mutex_array_end = .)
                0x20000308                . = ALIGN (0x4)
                0x20000308                PROVIDE (__preinit_array_start = .)
 *(SORT_BY_NAME(.preinit_array.*))
 .preinit_array.00001
                0x20000308        0x4 CMakeFiles/vga.dir/D_/VSRM/sdk/pico/pico-sdk/src/rp2_common/pico_mem_ops/mem_ops_aeabi.S.obj
 .preinit_array.00010
                0x2000030c        0x4 CMakeFiles/vga.dir/D_/VSRM/sdk/pico/pico-sdk/src/rp2_common/pico_bit_ops/bit_ops_aeabi.S.obj
 .preinit_array.00020
                0x20000310        0x4 CMakeFiles/vga.dir/D_/VSRM/sdk/pico/pico-sdk/src/rp2_common/pico_double/double_aeabi.S.obj
 .preinit_array.00020
                0x20000314        0x4 CMakeFiles/vga.dir/D_/VSRM/sdk/pico/pico-sdk/src/rp2_common/pico_float/float_aeabi.S.obj
 *(.preinit_array)
                0x20000318                PROVIDE (__preinit_array_end = .)
                0x20000318                . = ALIGN (0x4)
                0x20000318                PROVIDE (__init_array_start = .)
 *(SORT_BY_NAME(.init_array.*))
 *(.init_array)
 .init_array    0x20000318        0x4 d:/vsrm/armcc/10_2021_10/bin/../lib/gcc/arm-none-eabi/10.3.1/thumb/v6-m/nofp/crtbegin.o
                0x2000031c                PROVIDE (__init_array_end = .)
                0x2000031c                . = ALIGN (0x4)
                [!provide]                PROVIDE (__fini_array_start = .)
 *(SORT_BY_NAME(.fini_array.*))
 *(.fini_array)
                [!provide]                PROVIDE (__fini_array_end = .)
 *(.jcr)
                0x2000031c                . = ALIGN (0x4)
                0x2000031c                __data_end__ = .

.igot.plt       0x2000031c        0x0 load address 0x10005c00
 .igot.plt      0x2000031c        0x0 d:/vsrm/armcc/10_2021_10/bin/../lib/gcc/arm-none-eabi/10.3.1/thumb/v6-m/nofp/crtbegin.o

.uninitialized_data
                0x2000031c        0x0 load address 0x10005c00
                0x2000031c                . = ALIGN (0x4)
 *(.uninitialized_data*)

.scratch_x      0x20040000        0x0 load address 0x10005c00
                0x20040000                __scratch_x_start__ = .
 *(.scratch_x.*)
                0x20040000                . = ALIGN (0x4)
                0x20040000                __scratch_x_end__ = .
                0x10005c00                __scratch_x_source__ = LOADADDR (.scratch_x)

.scratch_y      0x20041000        0x0 load address 0x10005c00
                0x20041000                __scratch_y_start__ = .
 *(.scratch_y.*)
                0x20041000                . = ALIGN (0x4)
                0x20041000                __scratch_y_end__ = .
                0x10005c00                __scratch_y_source__ = LOADADDR (.scratch_y)

.bss            0x20000320      0x410
                0x20000320                . = ALIGN (0x4)
                0x20000320                __bss_start__ = .
 *(SORT_BY_ALIGNMENT(SORT_BY_NAME(.bss*)))
 .bss.default_alarm_pool_entries
                0x20000320      0x100 CMakeFiles/vga.dir/D_/VSRM/sdk/pico/pico-sdk/src/common/pico_time/time.c.obj
 .bss           0x20000420       0x1c d:/vsrm/armcc/10_2021_10/bin/../lib/gcc/arm-none-eabi/10.3.1/thumb/v6-m/nofp/crtbegin.o
 .bss.alarm_callbacks
                0x2000043c       0x10 CMakeFiles/vga.dir/D_/VSRM/sdk/pico/pico-sdk/src/rp2_common/hardware_timer/timer.c.obj
 .bss.callbacks
                0x2000044c        0x8 CMakeFiles/vga.dir/D_/VSRM/sdk/pico/pico-sdk/src/rp2_common/hardware_gpio/gpio.c.obj
 .bss.configured_freq
                0x20000454       0x28 CMakeFiles/vga.dir/D_/VSRM/sdk/pico/pico-sdk/src/rp2_common/hardware_clocks/clocks.c.obj
 .bss.default_alarm_pool_entry_ids_high
                0x2000047c       0x10 CMakeFiles/vga.dir/D_/VSRM/sdk/pico/pico-sdk/src/common/pico_time/time.c.obj
 .bss.default_alarm_pool_heap_nodes
                0x2000048c       0x30 CMakeFiles/vga.dir/D_/VSRM/sdk/pico/pico-sdk/src/common/pico_time/time.c.obj
 .bss.drivers   0x200004bc        0x4 CMakeFiles/vga.dir/D_/VSRM/sdk/pico/pico-sdk/src/rp2_common/pico_stdio/stdio.c.obj
 .bss.filter    0x200004c0        0x4 CMakeFiles/vga.dir/D_/VSRM/sdk/pico/pico-sdk/src/rp2_common/pico_stdio/stdio.c.obj
 .bss.hsync_config.0
                0x200004c4        0xc CMakeFiles/vga.dir/vga_sync.c.obj
 .bss.pools     0x200004d0       0x10 CMakeFiles/vga.dir/D_/VSRM/sdk/pico/pico-sdk/src/common/pico_time/time.c.obj
 .bss.raw_irq_mask
                0x200004e0        0x8 CMakeFiles/vga.dir/D_/VSRM/sdk/pico/pico-sdk/src/rp2_common/hardware_gpio/gpio.c.obj
 .bss.sd_table  0x200004e8      0x100 CMakeFiles/vga.dir/D_/VSRM/sdk/pico/pico-sdk/src/rp2_common/pico_double/double_init_rom.c.obj
                0x200004e8                sd_table
 .bss.sf_clz_func
                0x200005e8        0x4 CMakeFiles/vga.dir/D_/VSRM/sdk/pico/pico-sdk/src/rp2_common/pico_double/double_init_rom.c.obj
                0x200005e8                sf_clz_func
 .bss.sf_table  0x200005ec      0x100 CMakeFiles/vga.dir/D_/VSRM/sdk/pico/pico-sdk/src/rp2_common/pico_float/float_init_rom.c.obj
                0x200005ec                sf_table
 .bss.sleep_notifier
                0x200006ec        0x4 CMakeFiles/vga.dir/D_/VSRM/sdk/pico/pico-sdk/src/common/pico_time/time.c.obj
 .bss.target_hi
                0x200006f0       0x10 CMakeFiles/vga.dir/D_/VSRM/sdk/pico/pico-sdk/src/rp2_common/hardware_timer/timer.c.obj
 .bss.temp      0x20000700        0x4 CMakeFiles/vga.dir/vga.c.obj
                0x20000700                temp
 .bss.vga       0x20000704       0x24 CMakeFiles/vga.dir/vga.c.obj
                0x20000704                vga
 .bss.slice_num_hsync
                0x20000728        0x2 CMakeFiles/vga.dir/vga_sync.c.obj
 .bss.claimed   0x2000072a        0x1 CMakeFiles/vga.dir/D_/VSRM/sdk/pico/pico-sdk/src/rp2_common/hardware_timer/timer.c.obj
 .bss.irq_hander_chain_free_slot_head
                0x2000072b        0x1 CMakeFiles/vga.dir/D_/VSRM/sdk/pico/pico-sdk/src/rp2_common/hardware_irq/irq.c.obj
 .bss.timer_callbacks_pending
                0x2000072c        0x1 CMakeFiles/vga.dir/D_/VSRM/sdk/pico/pico-sdk/src/rp2_common/hardware_timer/timer.c.obj
 *(COMMON)
                0x20000730                . = ALIGN (0x4)
 *fill*         0x2000072d        0x3 
                0x20000730                __bss_end__ = .

.heap           0x20000730      0x800
                0x20000730                __end__ = .
                0x20000730                end = __end__
 *(.heap*)
 .heap          0x20000730      0x800 CMakeFiles/vga.dir/D_/VSRM/sdk/pico/pico-sdk/src/rp2_common/pico_standard_link/crt0.S.obj
                0x20000f30                __HeapLimit = .

.stack1_dummy   0x20040000        0x0
 *(.stack1*)

.stack_dummy    0x20041000      0x800
 *(.stack*)
 .stack         0x20041000      0x800 CMakeFiles/vga.dir/D_/VSRM/sdk/pico/pico-sdk/src/rp2_common/pico_standard_link/crt0.S.obj

.flash_end      0x10005c00        0x0
                0x10005c00                __flash_binary_end = .
                0x20040000                __StackLimit = (ORIGIN (RAM) + LENGTH (RAM))
                0x20041000                __StackOneTop = (ORIGIN (SCRATCH_X) + LENGTH (SCRATCH_X))
                0x20042000                __StackTop = (ORIGIN (SCRATCH_Y) + LENGTH (SCRATCH_Y))
                0x20041000                __StackOneBottom = (__StackOneTop - SIZEOF (.stack1_dummy))
                0x20041800                __StackBottom = (__StackTop - SIZEOF (.stack_dummy))
                0x20042000                PROVIDE (__stack = __StackTop)
                0x00000001                ASSERT ((__StackLimit >= __HeapLimit), region RAM overflowed)
                0x00000001                ASSERT (((__binary_info_header_end - __logical_binary_start) <= 0x100), Binary info must be in first 256 bytes of the binary)
LOAD CMakeFiles/vga.dir/vga.c.obj
LOAD CMakeFiles/vga.dir/vga_button.c.obj
LOAD CMakeFiles/vga.dir/vga_uart.c.obj
LOAD CMakeFiles/vga.dir/vga_sync.c.obj
LOAD CMakeFiles/vga.dir/vga_pixel.c.obj
LOAD CMakeFiles/vga.dir/D_/VSRM/sdk/pico/pico-sdk/src/rp2_common/pico_stdlib/stdlib.c.obj
LOAD CMakeFiles/vga.dir/D_/VSRM/sdk/pico/pico-sdk/src/rp2_common/hardware_gpio/gpio.c.obj
LOAD CMakeFiles/vga.dir/D_/VSRM/sdk/pico/pico-sdk/src/rp2_common/pico_platform/platform.c.obj
LOAD CMakeFiles/vga.dir/D_/VSRM/sdk/pico/pico-sdk/src/rp2_common/hardware_claim/claim.c.obj
LOAD CMakeFiles/vga.dir/D_/VSRM/sdk/pico/pico-sdk/src/rp2_common/hardware_sync/sync.c.obj
LOAD CMakeFiles/vga.dir/D_/VSRM/sdk/pico/pico-sdk/src/rp2_common/hardware_irq/irq.c.obj
LOAD CMakeFiles/vga.dir/D_/VSRM/sdk/pico/pico-sdk/src/rp2_common/hardware_irq/irq_handler_chain.S.obj
LOAD CMakeFiles/vga.dir/D_/VSRM/sdk/pico/pico-sdk/src/common/pico_sync/sem.c.obj
LOAD CMakeFiles/vga.dir/D_/VSRM/sdk/pico/pico-sdk/src/common/pico_sync/lock_core.c.obj
LOAD CMakeFiles/vga.dir/D_/VSRM/sdk/pico/pico-sdk/src/common/pico_sync/mutex.c.obj
LOAD CMakeFiles/vga.dir/D_/VSRM/sdk/pico/pico-sdk/src/common/pico_sync/critical_section.c.obj
LOAD CMakeFiles/vga.dir/D_/VSRM/sdk/pico/pico-sdk/src/common/pico_time/time.c.obj
LOAD CMakeFiles/vga.dir/D_/VSRM/sdk/pico/pico-sdk/src/common/pico_time/timeout_helper.c.obj
LOAD CMakeFiles/vga.dir/D_/VSRM/sdk/pico/pico-sdk/src/rp2_common/hardware_timer/timer.c.obj
LOAD CMakeFiles/vga.dir/D_/VSRM/sdk/pico/pico-sdk/src/common/pico_util/datetime.c.obj
LOAD CMakeFiles/vga.dir/D_/VSRM/sdk/pico/pico-sdk/src/common/pico_util/pheap.c.obj
LOAD CMakeFiles/vga.dir/D_/VSRM/sdk/pico/pico-sdk/src/common/pico_util/queue.c.obj
LOAD CMakeFiles/vga.dir/D_/VSRM/sdk/pico/pico-sdk/src/rp2_common/hardware_uart/uart.c.obj
LOAD CMakeFiles/vga.dir/D_/VSRM/sdk/pico/pico-sdk/src/rp2_common/hardware_clocks/clocks.c.obj
LOAD CMakeFiles/vga.dir/D_/VSRM/sdk/pico/pico-sdk/src/rp2_common/hardware_pll/pll.c.obj
LOAD CMakeFiles/vga.dir/D_/VSRM/sdk/pico/pico-sdk/src/rp2_common/hardware_vreg/vreg.c.obj
LOAD CMakeFiles/vga.dir/D_/VSRM/sdk/pico/pico-sdk/src/rp2_common/hardware_watchdog/watchdog.c.obj
LOAD CMakeFiles/vga.dir/D_/VSRM/sdk/pico/pico-sdk/src/rp2_common/hardware_xosc/xosc.c.obj
LOAD CMakeFiles/vga.dir/D_/VSRM/sdk/pico/pico-sdk/src/rp2_common/hardware_divider/divider.S.obj
LOAD CMakeFiles/vga.dir/D_/VSRM/sdk/pico/pico-sdk/src/rp2_common/pico_runtime/runtime.c.obj
LOAD CMakeFiles/vga.dir/D_/VSRM/sdk/pico/pico-sdk/src/rp2_common/pico_printf/printf.c.obj
LOAD CMakeFiles/vga.dir/D_/VSRM/sdk/pico/pico-sdk/src/rp2_common/pico_bit_ops/bit_ops_aeabi.S.obj
LOAD CMakeFiles/vga.dir/D_/VSRM/sdk/pico/pico-sdk/src/rp2_common/pico_bootrom/bootrom.c.obj
LOAD CMakeFiles/vga.dir/D_/VSRM/sdk/pico/pico-sdk/src/rp2_common/pico_divider/divider.S.obj
LOAD CMakeFiles/vga.dir/D_/VSRM/sdk/pico/pico-sdk/src/rp2_common/pico_double/double_aeabi.S.obj
LOAD CMakeFiles/vga.dir/D_/VSRM/sdk/pico/pico-sdk/src/rp2_common/pico_double/double_init_rom.c.obj
LOAD CMakeFiles/vga.dir/D_/VSRM/sdk/pico/pico-sdk/src/rp2_common/pico_double/double_math.c.obj
LOAD CMakeFiles/vga.dir/D_/VSRM/sdk/pico/pico-sdk/src/rp2_common/pico_double/double_v1_rom_shim.S.obj
LOAD CMakeFiles/vga.dir/D_/VSRM/sdk/pico/pico-sdk/src/rp2_common/pico_int64_ops/pico_int64_ops_aeabi.S.obj
LOAD CMakeFiles/vga.dir/D_/VSRM/sdk/pico/pico-sdk/src/rp2_common/pico_float/float_aeabi.S.obj
LOAD CMakeFiles/vga.dir/D_/VSRM/sdk/pico/pico-sdk/src/rp2_common/pico_float/float_init_rom.c.obj
LOAD CMakeFiles/vga.dir/D_/VSRM/sdk/pico/pico-sdk/src/rp2_common/pico_float/float_math.c.obj
LOAD CMakeFiles/vga.dir/D_/VSRM/sdk/pico/pico-sdk/src/rp2_common/pico_float/float_v1_rom_shim.S.obj
LOAD CMakeFiles/vga.dir/D_/VSRM/sdk/pico/pico-sdk/src/rp2_common/pico_malloc/pico_malloc.c.obj
LOAD CMakeFiles/vga.dir/D_/VSRM/sdk/pico/pico-sdk/src/rp2_common/pico_mem_ops/mem_ops_aeabi.S.obj
LOAD CMakeFiles/vga.dir/D_/VSRM/sdk/pico/pico-sdk/src/rp2_common/pico_standard_link/crt0.S.obj
LOAD CMakeFiles/vga.dir/D_/VSRM/sdk/pico/pico-sdk/src/rp2_common/pico_standard_link/new_delete.cpp.obj
LOAD CMakeFiles/vga.dir/D_/VSRM/sdk/pico/pico-sdk/src/rp2_common/pico_standard_link/binary_info.c.obj
LOAD CMakeFiles/vga.dir/D_/VSRM/sdk/pico/pico-sdk/src/rp2_common/pico_stdio/stdio.c.obj
LOAD CMakeFiles/vga.dir/D_/VSRM/sdk/pico/pico-sdk/src/rp2_common/pico_stdio_uart/stdio_uart.c.obj
LOAD CMakeFiles/vga.dir/D_/VSRM/sdk/pico/pico-sdk/src/rp2_common/hardware_dma/dma.c.obj
LOAD C:\Users\Sidney\AppData\Local\Temp\ccWQtWAy.o
LOAD d:/vsrm/armcc/10_2021_10/bin/../lib/gcc/arm-none-eabi/10.3.1/../../../../arm-none-eabi/lib/thumb/v6-m/nofp\libstdc++.a
LOAD d:/vsrm/armcc/10_2021_10/bin/../lib/gcc/arm-none-eabi/10.3.1/../../../../arm-none-eabi/lib/thumb/v6-m/nofp\libm.a
START GROUP
LOAD d:/vsrm/armcc/10_2021_10/bin/../lib/gcc/arm-none-eabi/10.3.1/thumb/v6-m/nofp\libgcc.a
LOAD d:/vsrm/armcc/10_2021_10/bin/../lib/gcc/arm-none-eabi/10.3.1/../../../../arm-none-eabi/lib/thumb/v6-m/nofp\libg.a
LOAD d:/vsrm/armcc/10_2021_10/bin/../lib/gcc/arm-none-eabi/10.3.1/../../../../arm-none-eabi/lib/thumb/v6-m/nofp\libc.a
END GROUP
START GROUP
LOAD d:/vsrm/armcc/10_2021_10/bin/../lib/gcc/arm-none-eabi/10.3.1/thumb/v6-m/nofp\libgcc.a
LOAD d:/vsrm/armcc/10_2021_10/bin/../lib/gcc/arm-none-eabi/10.3.1/../../../../arm-none-eabi/lib/thumb/v6-m/nofp\libc.a
LOAD d:/vsrm/armcc/10_2021_10/bin/../lib/gcc/arm-none-eabi/10.3.1/../../../../arm-none-eabi/lib/thumb/v6-m/nofp\libnosys.a
END GROUP
LOAD d:/vsrm/armcc/10_2021_10/bin/../lib/gcc/arm-none-eabi/10.3.1/thumb/v6-m/nofp/crtend.o
LOAD d:/vsrm/armcc/10_2021_10/bin/../lib/gcc/arm-none-eabi/10.3.1/thumb/v6-m/nofp/crtn.o
OUTPUT(vga.elf elf32-littlearm)
LOAD linker stubs

.ARM.attributes
                0x00000000       0x28
 .ARM.attributes
                0x00000000       0x1e d:/vsrm/armcc/10_2021_10/bin/../lib/gcc/arm-none-eabi/10.3.1/thumb/v6-m/nofp/crti.o
 .ARM.attributes
                0x0000001e       0x2c d:/vsrm/armcc/10_2021_10/bin/../lib/gcc/arm-none-eabi/10.3.1/thumb/v6-m/nofp/crtbegin.o
 .ARM.attributes
                0x0000004a       0x2c CMakeFiles/vga.dir/vga.c.obj
 .ARM.attributes
                0x00000076       0x2c CMakeFiles/vga.dir/vga_button.c.obj
 .ARM.attributes
                0x000000a2       0x2c CMakeFiles/vga.dir/vga_sync.c.obj
 .ARM.attributes
                0x000000ce       0x2c CMakeFiles/vga.dir/vga_pixel.c.obj
 .ARM.attributes
                0x000000fa       0x2c CMakeFiles/vga.dir/D_/VSRM/sdk/pico/pico-sdk/src/rp2_common/hardware_gpio/gpio.c.obj
 .ARM.attributes
                0x00000126       0x2c CMakeFiles/vga.dir/D_/VSRM/sdk/pico/pico-sdk/src/rp2_common/pico_platform/platform.c.obj
 .ARM.attributes
                0x00000152       0x2c CMakeFiles/vga.dir/D_/VSRM/sdk/pico/pico-sdk/src/rp2_common/hardware_claim/claim.c.obj
 .ARM.attributes
                0x0000017e       0x2c CMakeFiles/vga.dir/D_/VSRM/sdk/pico/pico-sdk/src/rp2_common/hardware_sync/sync.c.obj
 .ARM.attributes
                0x000001aa       0x2c CMakeFiles/vga.dir/D_/VSRM/sdk/pico/pico-sdk/src/rp2_common/hardware_irq/irq.c.obj
 .ARM.attributes
                0x000001d6       0x22 CMakeFiles/vga.dir/D_/VSRM/sdk/pico/pico-sdk/src/rp2_common/hardware_irq/irq_handler_chain.S.obj
 .ARM.attributes
                0x000001f8       0x2c CMakeFiles/vga.dir/D_/VSRM/sdk/pico/pico-sdk/src/common/pico_sync/lock_core.c.obj
 .ARM.attributes
                0x00000224       0x2c CMakeFiles/vga.dir/D_/VSRM/sdk/pico/pico-sdk/src/common/pico_sync/mutex.c.obj
 .ARM.attributes
                0x00000250       0x2c CMakeFiles/vga.dir/D_/VSRM/sdk/pico/pico-sdk/src/common/pico_time/time.c.obj
 .ARM.attributes
                0x0000027c       0x2c CMakeFiles/vga.dir/D_/VSRM/sdk/pico/pico-sdk/src/rp2_common/hardware_timer/timer.c.obj
 .ARM.attributes
                0x000002a8       0x2c CMakeFiles/vga.dir/D_/VSRM/sdk/pico/pico-sdk/src/common/pico_util/pheap.c.obj
 .ARM.attributes
                0x000002d4       0x2c CMakeFiles/vga.dir/D_/VSRM/sdk/pico/pico-sdk/src/rp2_common/hardware_clocks/clocks.c.obj
 .ARM.attributes
                0x00000300       0x2c CMakeFiles/vga.dir/D_/VSRM/sdk/pico/pico-sdk/src/rp2_common/hardware_pll/pll.c.obj
 .ARM.attributes
                0x0000032c       0x2c CMakeFiles/vga.dir/D_/VSRM/sdk/pico/pico-sdk/src/rp2_common/hardware_watchdog/watchdog.c.obj
 .ARM.attributes
                0x00000358       0x2c CMakeFiles/vga.dir/D_/VSRM/sdk/pico/pico-sdk/src/rp2_common/hardware_xosc/xosc.c.obj
 .ARM.attributes
                0x00000384       0x2c CMakeFiles/vga.dir/D_/VSRM/sdk/pico/pico-sdk/src/rp2_common/pico_runtime/runtime.c.obj
 .ARM.attributes
                0x000003b0       0x2c CMakeFiles/vga.dir/D_/VSRM/sdk/pico/pico-sdk/src/rp2_common/pico_printf/printf.c.obj
 .ARM.attributes
                0x000003dc       0x22 CMakeFiles/vga.dir/D_/VSRM/sdk/pico/pico-sdk/src/rp2_common/pico_bit_ops/bit_ops_aeabi.S.obj
 .ARM.attributes
                0x000003fe       0x2c CMakeFiles/vga.dir/D_/VSRM/sdk/pico/pico-sdk/src/rp2_common/pico_bootrom/bootrom.c.obj
 .ARM.attributes
                0x0000042a       0x22 CMakeFiles/vga.dir/D_/VSRM/sdk/pico/pico-sdk/src/rp2_common/pico_divider/divider.S.obj
 .ARM.attributes
                0x0000044c       0x22 CMakeFiles/vga.dir/D_/VSRM/sdk/pico/pico-sdk/src/rp2_common/pico_double/double_aeabi.S.obj
 .ARM.attributes
                0x0000046e       0x2c CMakeFiles/vga.dir/D_/VSRM/sdk/pico/pico-sdk/src/rp2_common/pico_double/double_init_rom.c.obj
 .ARM.attributes
                0x0000049a       0x22 CMakeFiles/vga.dir/D_/VSRM/sdk/pico/pico-sdk/src/rp2_common/pico_double/double_v1_rom_shim.S.obj
 .ARM.attributes
                0x000004bc       0x22 CMakeFiles/vga.dir/D_/VSRM/sdk/pico/pico-sdk/src/rp2_common/pico_int64_ops/pico_int64_ops_aeabi.S.obj
 .ARM.attributes
                0x000004de       0x22 CMakeFiles/vga.dir/D_/VSRM/sdk/pico/pico-sdk/src/rp2_common/pico_float/float_aeabi.S.obj
 .ARM.attributes
                0x00000500       0x2c CMakeFiles/vga.dir/D_/VSRM/sdk/pico/pico-sdk/src/rp2_common/pico_float/float_init_rom.c.obj
 .ARM.attributes
                0x0000052c       0x22 CMakeFiles/vga.dir/D_/VSRM/sdk/pico/pico-sdk/src/rp2_common/pico_float/float_v1_rom_shim.S.obj
 .ARM.attributes
                0x0000054e       0x22 CMakeFiles/vga.dir/D_/VSRM/sdk/pico/pico-sdk/src/rp2_common/pico_mem_ops/mem_ops_aeabi.S.obj
 .ARM.attributes
                0x00000570       0x22 CMakeFiles/vga.dir/D_/VSRM/sdk/pico/pico-sdk/src/rp2_common/pico_standard_link/crt0.S.obj
 .ARM.attributes
                0x00000592       0x2c CMakeFiles/vga.dir/D_/VSRM/sdk/pico/pico-sdk/src/rp2_common/pico_standard_link/binary_info.c.obj
 .ARM.attributes
                0x000005be       0x2c CMakeFiles/vga.dir/D_/VSRM/sdk/pico/pico-sdk/src/rp2_common/pico_stdio/stdio.c.obj
 .ARM.attributes
                0x000005ea       0x22 C:\Users\Sidney\AppData\Local\Temp\ccWQtWAy.o
 .ARM.attributes
                0x0000060c       0x1e d:/vsrm/armcc/10_2021_10/bin/../lib/gcc/arm-none-eabi/10.3.1/thumb/v6-m/nofp\libgcc.a(_dvmd_tls.o)
 .ARM.attributes
                0x0000062a       0x2c d:/vsrm/armcc/10_2021_10/bin/../lib/gcc/arm-none-eabi/10.3.1/../../../../arm-none-eabi/lib/thumb/v6-m/nofp\libg.a(lib_a-strlen-stub.o)

.comment        0x00000000       0x49
 .comment       0x00000000       0x49 CMakeFiles/vga.dir/vga.c.obj
                                 0x4a (size before relaxing)
 .comment       0x00000049       0x4a CMakeFiles/vga.dir/vga_button.c.obj
 .comment       0x00000049       0x4a CMakeFiles/vga.dir/vga_sync.c.obj
 .comment       0x00000049       0x4a CMakeFiles/vga.dir/vga_pixel.c.obj
 .comment       0x00000049       0x4a CMakeFiles/vga.dir/D_/VSRM/sdk/pico/pico-sdk/src/rp2_common/hardware_gpio/gpio.c.obj
 .comment       0x00000049       0x4a CMakeFiles/vga.dir/D_/VSRM/sdk/pico/pico-sdk/src/rp2_common/pico_platform/platform.c.obj
 .comment       0x00000049       0x4a CMakeFiles/vga.dir/D_/VSRM/sdk/pico/pico-sdk/src/rp2_common/hardware_claim/claim.c.obj
 .comment       0x00000049       0x4a CMakeFiles/vga.dir/D_/VSRM/sdk/pico/pico-sdk/src/rp2_common/hardware_sync/sync.c.obj
 .comment       0x00000049       0x4a CMakeFiles/vga.dir/D_/VSRM/sdk/pico/pico-sdk/src/rp2_common/hardware_irq/irq.c.obj
 .comment       0x00000049       0x4a CMakeFiles/vga.dir/D_/VSRM/sdk/pico/pico-sdk/src/common/pico_sync/lock_core.c.obj
 .comment       0x00000049       0x4a CMakeFiles/vga.dir/D_/VSRM/sdk/pico/pico-sdk/src/common/pico_sync/mutex.c.obj
 .comment       0x00000049       0x4a CMakeFiles/vga.dir/D_/VSRM/sdk/pico/pico-sdk/src/common/pico_time/time.c.obj
 .comment       0x00000049       0x4a CMakeFiles/vga.dir/D_/VSRM/sdk/pico/pico-sdk/src/rp2_common/hardware_timer/timer.c.obj
 .comment       0x00000049       0x4a CMakeFiles/vga.dir/D_/VSRM/sdk/pico/pico-sdk/src/common/pico_util/pheap.c.obj
 .comment       0x00000049       0x4a CMakeFiles/vga.dir/D_/VSRM/sdk/pico/pico-sdk/src/rp2_common/hardware_clocks/clocks.c.obj
 .comment       0x00000049       0x4a CMakeFiles/vga.dir/D_/VSRM/sdk/pico/pico-sdk/src/rp2_common/hardware_pll/pll.c.obj
 .comment       0x00000049       0x4a CMakeFiles/vga.dir/D_/VSRM/sdk/pico/pico-sdk/src/rp2_common/hardware_watchdog/watchdog.c.obj
 .comment       0x00000049       0x4a CMakeFiles/vga.dir/D_/VSRM/sdk/pico/pico-sdk/src/rp2_common/hardware_xosc/xosc.c.obj
 .comment       0x00000049       0x4a CMakeFiles/vga.dir/D_/VSRM/sdk/pico/pico-sdk/src/rp2_common/pico_runtime/runtime.c.obj
 .comment       0x00000049       0x4a CMakeFiles/vga.dir/D_/VSRM/sdk/pico/pico-sdk/src/rp2_common/pico_printf/printf.c.obj
 .comment       0x00000049       0x4a CMakeFiles/vga.dir/D_/VSRM/sdk/pico/pico-sdk/src/rp2_common/pico_bootrom/bootrom.c.obj
 .comment       0x00000049       0x4a CMakeFiles/vga.dir/D_/VSRM/sdk/pico/pico-sdk/src/rp2_common/pico_double/double_init_rom.c.obj
 .comment       0x00000049       0x4a CMakeFiles/vga.dir/D_/VSRM/sdk/pico/pico-sdk/src/rp2_common/pico_float/float_init_rom.c.obj
 .comment       0x00000049       0x4a CMakeFiles/vga.dir/D_/VSRM/sdk/pico/pico-sdk/src/rp2_common/pico_standard_link/binary_info.c.obj
 .comment       0x00000049       0x4a CMakeFiles/vga.dir/D_/VSRM/sdk/pico/pico-sdk/src/rp2_common/pico_stdio/stdio.c.obj

.debug_info     0x00000000    0x153fa
 .debug_info    0x00000000      0x832 CMakeFiles/vga.dir/vga.c.obj
 .debug_info    0x00000832      0x7a5 CMakeFiles/vga.dir/vga_button.c.obj
 .debug_info    0x00000fd7      0xd42 CMakeFiles/vga.dir/vga_sync.c.obj
 .debug_info    0x00001d19      0x512 CMakeFiles/vga.dir/vga_pixel.c.obj
 .debug_info    0x0000222b     0x1788 CMakeFiles/vga.dir/D_/VSRM/sdk/pico/pico-sdk/src/rp2_common/hardware_gpio/gpio.c.obj
 .debug_info    0x000039b3      0x1e3 CMakeFiles/vga.dir/D_/VSRM/sdk/pico/pico-sdk/src/rp2_common/pico_platform/platform.c.obj
 .debug_info    0x00003b96      0x6c1 CMakeFiles/vga.dir/D_/VSRM/sdk/pico/pico-sdk/src/rp2_common/hardware_claim/claim.c.obj
 .debug_info    0x00004257      0x586 CMakeFiles/vga.dir/D_/VSRM/sdk/pico/pico-sdk/src/rp2_common/hardware_sync/sync.c.obj
 .debug_info    0x000047dd     0x1ce9 CMakeFiles/vga.dir/D_/VSRM/sdk/pico/pico-sdk/src/rp2_common/hardware_irq/irq.c.obj
 .debug_info    0x000064c6      0x1a4 CMakeFiles/vga.dir/D_/VSRM/sdk/pico/pico-sdk/src/common/pico_sync/lock_core.c.obj
 .debug_info    0x0000666a     0x1fc3 CMakeFiles/vga.dir/D_/VSRM/sdk/pico/pico-sdk/src/common/pico_sync/mutex.c.obj
 .debug_info    0x0000862d     0x3dc5 CMakeFiles/vga.dir/D_/VSRM/sdk/pico/pico-sdk/src/common/pico_time/time.c.obj
 .debug_info    0x0000c3f2     0x13c9 CMakeFiles/vga.dir/D_/VSRM/sdk/pico/pico-sdk/src/rp2_common/hardware_timer/timer.c.obj
 .debug_info    0x0000d7bb     0x1275 CMakeFiles/vga.dir/D_/VSRM/sdk/pico/pico-sdk/src/common/pico_util/pheap.c.obj
 .debug_info    0x0000ea30      0xfb7 CMakeFiles/vga.dir/D_/VSRM/sdk/pico/pico-sdk/src/rp2_common/hardware_clocks/clocks.c.obj
 .debug_info    0x0000f9e7      0x4e8 CMakeFiles/vga.dir/D_/VSRM/sdk/pico/pico-sdk/src/rp2_common/hardware_pll/pll.c.obj
 .debug_info    0x0000fecf      0x4ee CMakeFiles/vga.dir/D_/VSRM/sdk/pico/pico-sdk/src/rp2_common/hardware_watchdog/watchdog.c.obj
 .debug_info    0x000103bd      0x1d8 CMakeFiles/vga.dir/D_/VSRM/sdk/pico/pico-sdk/src/rp2_common/hardware_xosc/xosc.c.obj
 .debug_info    0x00010595      0xfcb CMakeFiles/vga.dir/D_/VSRM/sdk/pico/pico-sdk/src/rp2_common/pico_runtime/runtime.c.obj
 .debug_info    0x00011560     0x1a84 CMakeFiles/vga.dir/D_/VSRM/sdk/pico/pico-sdk/src/rp2_common/pico_printf/printf.c.obj
 .debug_info    0x00012fe4       0x22 CMakeFiles/vga.dir/D_/VSRM/sdk/pico/pico-sdk/src/rp2_common/pico_bit_ops/bit_ops_aeabi.S.obj
 .debug_info    0x00013006      0x27c CMakeFiles/vga.dir/D_/VSRM/sdk/pico/pico-sdk/src/rp2_common/pico_bootrom/bootrom.c.obj
 .debug_info    0x00013282       0x22 CMakeFiles/vga.dir/D_/VSRM/sdk/pico/pico-sdk/src/rp2_common/pico_divider/divider.S.obj
 .debug_info    0x000132a4       0x22 CMakeFiles/vga.dir/D_/VSRM/sdk/pico/pico-sdk/src/rp2_common/pico_double/double_aeabi.S.obj
 .debug_info    0x000132c6      0x2c9 CMakeFiles/vga.dir/D_/VSRM/sdk/pico/pico-sdk/src/rp2_common/pico_double/double_init_rom.c.obj
 .debug_info    0x0001358f       0x22 CMakeFiles/vga.dir/D_/VSRM/sdk/pico/pico-sdk/src/rp2_common/pico_double/double_v1_rom_shim.S.obj
 .debug_info    0x000135b1       0x26 CMakeFiles/vga.dir/D_/VSRM/sdk/pico/pico-sdk/src/rp2_common/pico_int64_ops/pico_int64_ops_aeabi.S.obj
 .debug_info    0x000135d7       0x22 CMakeFiles/vga.dir/D_/VSRM/sdk/pico/pico-sdk/src/rp2_common/pico_float/float_aeabi.S.obj
 .debug_info    0x000135f9      0x2d7 CMakeFiles/vga.dir/D_/VSRM/sdk/pico/pico-sdk/src/rp2_common/pico_float/float_init_rom.c.obj
 .debug_info    0x000138d0       0x22 CMakeFiles/vga.dir/D_/VSRM/sdk/pico/pico-sdk/src/rp2_common/pico_float/float_v1_rom_shim.S.obj
 .debug_info    0x000138f2       0x22 CMakeFiles/vga.dir/D_/VSRM/sdk/pico/pico-sdk/src/rp2_common/pico_mem_ops/mem_ops_aeabi.S.obj
 .debug_info    0x00013914       0x22 CMakeFiles/vga.dir/D_/VSRM/sdk/pico/pico-sdk/src/rp2_common/pico_standard_link/crt0.S.obj
 .debug_info    0x00013936      0x327 CMakeFiles/vga.dir/D_/VSRM/sdk/pico/pico-sdk/src/rp2_common/pico_standard_link/binary_info.c.obj
 .debug_info    0x00013c5d     0x179d CMakeFiles/vga.dir/D_/VSRM/sdk/pico/pico-sdk/src/rp2_common/pico_stdio/stdio.c.obj

.debug_abbrev   0x00000000     0x4276
 .debug_abbrev  0x00000000      0x204 CMakeFiles/vga.dir/vga.c.obj
 .debug_abbrev  0x00000204      0x29d CMakeFiles/vga.dir/vga_button.c.obj
 .debug_abbrev  0x000004a1      0x26d CMakeFiles/vga.dir/vga_sync.c.obj
 .debug_abbrev  0x0000070e      0x188 CMakeFiles/vga.dir/vga_pixel.c.obj
 .debug_abbrev  0x00000896      0x387 CMakeFiles/vga.dir/D_/VSRM/sdk/pico/pico-sdk/src/rp2_common/hardware_gpio/gpio.c.obj
 .debug_abbrev  0x00000c1d       0xeb CMakeFiles/vga.dir/D_/VSRM/sdk/pico/pico-sdk/src/rp2_common/pico_platform/platform.c.obj
 .debug_abbrev  0x00000d08      0x2d3 CMakeFiles/vga.dir/D_/VSRM/sdk/pico/pico-sdk/src/rp2_common/hardware_claim/claim.c.obj
 .debug_abbrev  0x00000fdb      0x224 CMakeFiles/vga.dir/D_/VSRM/sdk/pico/pico-sdk/src/rp2_common/hardware_sync/sync.c.obj
 .debug_abbrev  0x000011ff      0x4ca CMakeFiles/vga.dir/D_/VSRM/sdk/pico/pico-sdk/src/rp2_common/hardware_irq/irq.c.obj
 .debug_abbrev  0x000016c9      0x116 CMakeFiles/vga.dir/D_/VSRM/sdk/pico/pico-sdk/src/common/pico_sync/lock_core.c.obj
 .debug_abbrev  0x000017df      0x3ad CMakeFiles/vga.dir/D_/VSRM/sdk/pico/pico-sdk/src/common/pico_sync/mutex.c.obj
 .debug_abbrev  0x00001b8c      0x566 CMakeFiles/vga.dir/D_/VSRM/sdk/pico/pico-sdk/src/common/pico_time/time.c.obj
 .debug_abbrev  0x000020f2      0x3ae CMakeFiles/vga.dir/D_/VSRM/sdk/pico/pico-sdk/src/rp2_common/hardware_timer/timer.c.obj
 .debug_abbrev  0x000024a0      0x2c7 CMakeFiles/vga.dir/D_/VSRM/sdk/pico/pico-sdk/src/common/pico_util/pheap.c.obj
 .debug_abbrev  0x00002767      0x425 CMakeFiles/vga.dir/D_/VSRM/sdk/pico/pico-sdk/src/rp2_common/hardware_clocks/clocks.c.obj
 .debug_abbrev  0x00002b8c      0x1ea CMakeFiles/vga.dir/D_/VSRM/sdk/pico/pico-sdk/src/rp2_common/hardware_pll/pll.c.obj
 .debug_abbrev  0x00002d76      0x1a8 CMakeFiles/vga.dir/D_/VSRM/sdk/pico/pico-sdk/src/rp2_common/hardware_watchdog/watchdog.c.obj
 .debug_abbrev  0x00002f1e      0x109 CMakeFiles/vga.dir/D_/VSRM/sdk/pico/pico-sdk/src/rp2_common/hardware_xosc/xosc.c.obj
 .debug_abbrev  0x00003027      0x4c7 CMakeFiles/vga.dir/D_/VSRM/sdk/pico/pico-sdk/src/rp2_common/pico_runtime/runtime.c.obj
 .debug_abbrev  0x000034ee      0x37f CMakeFiles/vga.dir/D_/VSRM/sdk/pico/pico-sdk/src/rp2_common/pico_printf/printf.c.obj
 .debug_abbrev  0x0000386d       0x12 CMakeFiles/vga.dir/D_/VSRM/sdk/pico/pico-sdk/src/rp2_common/pico_bit_ops/bit_ops_aeabi.S.obj
 .debug_abbrev  0x0000387f      0x13b CMakeFiles/vga.dir/D_/VSRM/sdk/pico/pico-sdk/src/rp2_common/pico_bootrom/bootrom.c.obj
 .debug_abbrev  0x000039ba       0x12 CMakeFiles/vga.dir/D_/VSRM/sdk/pico/pico-sdk/src/rp2_common/pico_divider/divider.S.obj
 .debug_abbrev  0x000039cc       0x12 CMakeFiles/vga.dir/D_/VSRM/sdk/pico/pico-sdk/src/rp2_common/pico_double/double_aeabi.S.obj
 .debug_abbrev  0x000039de      0x174 CMakeFiles/vga.dir/D_/VSRM/sdk/pico/pico-sdk/src/rp2_common/pico_double/double_init_rom.c.obj
 .debug_abbrev  0x00003b52       0x12 CMakeFiles/vga.dir/D_/VSRM/sdk/pico/pico-sdk/src/rp2_common/pico_double/double_v1_rom_shim.S.obj
 .debug_abbrev  0x00003b64       0x14 CMakeFiles/vga.dir/D_/VSRM/sdk/pico/pico-sdk/src/rp2_common/pico_int64_ops/pico_int64_ops_aeabi.S.obj
 .debug_abbrev  0x00003b78       0x12 CMakeFiles/vga.dir/D_/VSRM/sdk/pico/pico-sdk/src/rp2_common/pico_float/float_aeabi.S.obj
 .debug_abbrev  0x00003b8a      0x187 CMakeFiles/vga.dir/D_/VSRM/sdk/pico/pico-sdk/src/rp2_common/pico_float/float_init_rom.c.obj
 .debug_abbrev  0x00003d11       0x12 CMakeFiles/vga.dir/D_/VSRM/sdk/pico/pico-sdk/src/rp2_common/pico_float/float_v1_rom_shim.S.obj
 .debug_abbrev  0x00003d23       0x12 CMakeFiles/vga.dir/D_/VSRM/sdk/pico/pico-sdk/src/rp2_common/pico_mem_ops/mem_ops_aeabi.S.obj
 .debug_abbrev  0x00003d35       0x12 CMakeFiles/vga.dir/D_/VSRM/sdk/pico/pico-sdk/src/rp2_common/pico_standard_link/crt0.S.obj
 .debug_abbrev  0x00003d47       0xad CMakeFiles/vga.dir/D_/VSRM/sdk/pico/pico-sdk/src/rp2_common/pico_standard_link/binary_info.c.obj
 .debug_abbrev  0x00003df4      0x482 CMakeFiles/vga.dir/D_/VSRM/sdk/pico/pico-sdk/src/rp2_common/pico_stdio/stdio.c.obj

.debug_loc      0x00000000     0xeeb8
 .debug_loc     0x00000000      0x343 CMakeFiles/vga.dir/vga.c.obj
 .debug_loc     0x00000343      0x1d1 CMakeFiles/vga.dir/vga_button.c.obj
 .debug_loc     0x00000514      0x3bf CMakeFiles/vga.dir/vga_sync.c.obj
 .debug_loc     0x000008d3       0x8c CMakeFiles/vga.dir/vga_pixel.c.obj
 .debug_loc     0x0000095f     0x1421 CMakeFiles/vga.dir/D_/VSRM/sdk/pico/pico-sdk/src/rp2_common/hardware_gpio/gpio.c.obj
 .debug_loc     0x00001d80       0xde CMakeFiles/vga.dir/D_/VSRM/sdk/pico/pico-sdk/src/rp2_common/pico_platform/platform.c.obj
 .debug_loc     0x00001e5e      0x4a2 CMakeFiles/vga.dir/D_/VSRM/sdk/pico/pico-sdk/src/rp2_common/hardware_claim/claim.c.obj
 .debug_loc     0x00002300      0x211 CMakeFiles/vga.dir/D_/VSRM/sdk/pico/pico-sdk/src/rp2_common/hardware_sync/sync.c.obj
 .debug_loc     0x00002511     0x149d CMakeFiles/vga.dir/D_/VSRM/sdk/pico/pico-sdk/src/rp2_common/hardware_irq/irq.c.obj
 .debug_loc     0x000039ae       0x4d CMakeFiles/vga.dir/D_/VSRM/sdk/pico/pico-sdk/src/common/pico_sync/lock_core.c.obj
 .debug_loc     0x000039fb     0x14cd CMakeFiles/vga.dir/D_/VSRM/sdk/pico/pico-sdk/src/common/pico_sync/mutex.c.obj
 .debug_loc     0x00004ec8     0x303d CMakeFiles/vga.dir/D_/VSRM/sdk/pico/pico-sdk/src/common/pico_time/time.c.obj
 .debug_loc     0x00007f05      0xa96 CMakeFiles/vga.dir/D_/VSRM/sdk/pico/pico-sdk/src/rp2_common/hardware_timer/timer.c.obj
 .debug_loc     0x0000899b     0x1335 CMakeFiles/vga.dir/D_/VSRM/sdk/pico/pico-sdk/src/common/pico_util/pheap.c.obj
 .debug_loc     0x00009cd0      0x884 CMakeFiles/vga.dir/D_/VSRM/sdk/pico/pico-sdk/src/rp2_common/hardware_clocks/clocks.c.obj
 .debug_loc     0x0000a554      0x305 CMakeFiles/vga.dir/D_/VSRM/sdk/pico/pico-sdk/src/rp2_common/hardware_pll/pll.c.obj
 .debug_loc     0x0000a859      0x2ec CMakeFiles/vga.dir/D_/VSRM/sdk/pico/pico-sdk/src/rp2_common/hardware_watchdog/watchdog.c.obj
 .debug_loc     0x0000ab45       0x71 CMakeFiles/vga.dir/D_/VSRM/sdk/pico/pico-sdk/src/rp2_common/hardware_xosc/xosc.c.obj
 .debug_loc     0x0000abb6      0x67a CMakeFiles/vga.dir/D_/VSRM/sdk/pico/pico-sdk/src/rp2_common/pico_runtime/runtime.c.obj
 .debug_loc     0x0000b230     0x2aed CMakeFiles/vga.dir/D_/VSRM/sdk/pico/pico-sdk/src/rp2_common/pico_printf/printf.c.obj
 .debug_loc     0x0000dd1d      0x21d CMakeFiles/vga.dir/D_/VSRM/sdk/pico/pico-sdk/src/rp2_common/pico_bootrom/bootrom.c.obj
 .debug_loc     0x0000df3a       0x51 CMakeFiles/vga.dir/D_/VSRM/sdk/pico/pico-sdk/src/rp2_common/pico_double/double_init_rom.c.obj
 .debug_loc     0x0000df8b       0x6b CMakeFiles/vga.dir/D_/VSRM/sdk/pico/pico-sdk/src/rp2_common/pico_float/float_init_rom.c.obj
 .debug_loc     0x0000dff6      0xec2 CMakeFiles/vga.dir/D_/VSRM/sdk/pico/pico-sdk/src/rp2_common/pico_stdio/stdio.c.obj

.debug_aranges  0x00000000      0xe18
 .debug_aranges
                0x00000000       0x20 CMakeFiles/vga.dir/vga.c.obj
 .debug_aranges
                0x00000020       0x30 CMakeFiles/vga.dir/vga_button.c.obj
 .debug_aranges
                0x00000050       0x38 CMakeFiles/vga.dir/vga_sync.c.obj
 .debug_aranges
                0x00000088       0x28 CMakeFiles/vga.dir/vga_pixel.c.obj
 .debug_aranges
                0x000000b0       0xf8 CMakeFiles/vga.dir/D_/VSRM/sdk/pico/pico-sdk/src/rp2_common/hardware_gpio/gpio.c.obj
 .debug_aranges
                0x000001a8       0x28 CMakeFiles/vga.dir/D_/VSRM/sdk/pico/pico-sdk/src/rp2_common/pico_platform/platform.c.obj
 .debug_aranges
                0x000001d0       0x48 CMakeFiles/vga.dir/D_/VSRM/sdk/pico/pico-sdk/src/rp2_common/hardware_claim/claim.c.obj
 .debug_aranges
                0x00000218       0x58 CMakeFiles/vga.dir/D_/VSRM/sdk/pico/pico-sdk/src/rp2_common/hardware_sync/sync.c.obj
 .debug_aranges
                0x00000270       0xb8 CMakeFiles/vga.dir/D_/VSRM/sdk/pico/pico-sdk/src/rp2_common/hardware_irq/irq.c.obj
 .debug_aranges
                0x00000328       0x20 CMakeFiles/vga.dir/D_/VSRM/sdk/pico/pico-sdk/src/common/pico_sync/lock_core.c.obj
 .debug_aranges
                0x00000348       0x90 CMakeFiles/vga.dir/D_/VSRM/sdk/pico/pico-sdk/src/common/pico_sync/mutex.c.obj
 .debug_aranges
                0x000003d8       0xe0 CMakeFiles/vga.dir/D_/VSRM/sdk/pico/pico-sdk/src/common/pico_time/time.c.obj
 .debug_aranges
                0x000004b8       0x88 CMakeFiles/vga.dir/D_/VSRM/sdk/pico/pico-sdk/src/rp2_common/hardware_timer/timer.c.obj
 .debug_aranges
                0x00000540       0x78 CMakeFiles/vga.dir/D_/VSRM/sdk/pico/pico-sdk/src/common/pico_util/pheap.c.obj
 .debug_aranges
                0x000005b8       0x68 CMakeFiles/vga.dir/D_/VSRM/sdk/pico/pico-sdk/src/rp2_common/hardware_clocks/clocks.c.obj
 .debug_aranges
                0x00000620       0x28 CMakeFiles/vga.dir/D_/VSRM/sdk/pico/pico-sdk/src/rp2_common/hardware_pll/pll.c.obj
 .debug_aranges
                0x00000648       0x58 CMakeFiles/vga.dir/D_/VSRM/sdk/pico/pico-sdk/src/rp2_common/hardware_watchdog/watchdog.c.obj
 .debug_aranges
                0x000006a0       0x30 CMakeFiles/vga.dir/D_/VSRM/sdk/pico/pico-sdk/src/rp2_common/hardware_xosc/xosc.c.obj
 .debug_aranges
                0x000006d0       0x88 CMakeFiles/vga.dir/D_/VSRM/sdk/pico/pico-sdk/src/rp2_common/pico_runtime/runtime.c.obj
 .debug_aranges
                0x00000758       0x88 CMakeFiles/vga.dir/D_/VSRM/sdk/pico/pico-sdk/src/rp2_common/pico_printf/printf.c.obj
 .debug_aranges
                0x000007e0       0x68 CMakeFiles/vga.dir/D_/VSRM/sdk/pico/pico-sdk/src/rp2_common/pico_bit_ops/bit_ops_aeabi.S.obj
 .debug_aranges
                0x00000848       0x30 CMakeFiles/vga.dir/D_/VSRM/sdk/pico/pico-sdk/src/rp2_common/pico_bootrom/bootrom.c.obj
 .debug_aranges
                0x00000878       0x40 CMakeFiles/vga.dir/D_/VSRM/sdk/pico/pico-sdk/src/rp2_common/pico_divider/divider.S.obj
 .debug_aranges
                0x000008b8      0x140 CMakeFiles/vga.dir/D_/VSRM/sdk/pico/pico-sdk/src/rp2_common/pico_double/double_aeabi.S.obj
 .debug_aranges
                0x000009f8       0x20 CMakeFiles/vga.dir/D_/VSRM/sdk/pico/pico-sdk/src/rp2_common/pico_double/double_init_rom.c.obj
 .debug_aranges
                0x00000a18       0xc8 CMakeFiles/vga.dir/D_/VSRM/sdk/pico/pico-sdk/src/rp2_common/pico_double/double_v1_rom_shim.S.obj
 .debug_aranges
                0x00000ae0       0x20 CMakeFiles/vga.dir/D_/VSRM/sdk/pico/pico-sdk/src/rp2_common/pico_int64_ops/pico_int64_ops_aeabi.S.obj
 .debug_aranges
                0x00000b00      0x130 CMakeFiles/vga.dir/D_/VSRM/sdk/pico/pico-sdk/src/rp2_common/pico_float/float_aeabi.S.obj
 .debug_aranges
                0x00000c30       0x20 CMakeFiles/vga.dir/D_/VSRM/sdk/pico/pico-sdk/src/rp2_common/pico_float/float_init_rom.c.obj
 .debug_aranges
                0x00000c50       0x50 CMakeFiles/vga.dir/D_/VSRM/sdk/pico/pico-sdk/src/rp2_common/pico_float/float_v1_rom_shim.S.obj
 .debug_aranges
                0x00000ca0       0x38 CMakeFiles/vga.dir/D_/VSRM/sdk/pico/pico-sdk/src/rp2_common/pico_mem_ops/mem_ops_aeabi.S.obj
 .debug_aranges
                0x00000cd8       0x28 CMakeFiles/vga.dir/D_/VSRM/sdk/pico/pico-sdk/src/rp2_common/pico_standard_link/crt0.S.obj
 .debug_aranges
                0x00000d00       0x18 CMakeFiles/vga.dir/D_/VSRM/sdk/pico/pico-sdk/src/rp2_common/pico_standard_link/binary_info.c.obj
 .debug_aranges
                0x00000d18      0x100 CMakeFiles/vga.dir/D_/VSRM/sdk/pico/pico-sdk/src/rp2_common/pico_stdio/stdio.c.obj

.debug_ranges   0x00000000     0x35f0
 .debug_ranges  0x00000000       0xa0 CMakeFiles/vga.dir/vga.c.obj
 .debug_ranges  0x000000a0       0x38 CMakeFiles/vga.dir/vga_button.c.obj
 .debug_ranges  0x000000d8       0xd8 CMakeFiles/vga.dir/vga_sync.c.obj
 .debug_ranges  0x000001b0       0x18 CMakeFiles/vga.dir/vga_pixel.c.obj
 .debug_ranges  0x000001c8      0x288 CMakeFiles/vga.dir/D_/VSRM/sdk/pico/pico-sdk/src/rp2_common/hardware_gpio/gpio.c.obj
 .debug_ranges  0x00000450       0x18 CMakeFiles/vga.dir/D_/VSRM/sdk/pico/pico-sdk/src/rp2_common/pico_platform/platform.c.obj
 .debug_ranges  0x00000468       0xf8 CMakeFiles/vga.dir/D_/VSRM/sdk/pico/pico-sdk/src/rp2_common/hardware_claim/claim.c.obj
 .debug_ranges  0x00000560      0x100 CMakeFiles/vga.dir/D_/VSRM/sdk/pico/pico-sdk/src/rp2_common/hardware_sync/sync.c.obj
 .debug_ranges  0x00000660      0x410 CMakeFiles/vga.dir/D_/VSRM/sdk/pico/pico-sdk/src/rp2_common/hardware_irq/irq.c.obj
 .debug_ranges  0x00000a70       0x10 CMakeFiles/vga.dir/D_/VSRM/sdk/pico/pico-sdk/src/common/pico_sync/lock_core.c.obj
 .debug_ranges  0x00000a80      0xb58 CMakeFiles/vga.dir/D_/VSRM/sdk/pico/pico-sdk/src/common/pico_sync/mutex.c.obj
 .debug_ranges  0x000015d8      0xdf0 CMakeFiles/vga.dir/D_/VSRM/sdk/pico/pico-sdk/src/common/pico_time/time.c.obj
 .debug_ranges  0x000023c8      0x3d0 CMakeFiles/vga.dir/D_/VSRM/sdk/pico/pico-sdk/src/rp2_common/hardware_timer/timer.c.obj
 .debug_ranges  0x00002798      0x218 CMakeFiles/vga.dir/D_/VSRM/sdk/pico/pico-sdk/src/common/pico_util/pheap.c.obj
 .debug_ranges  0x000029b0       0xc8 CMakeFiles/vga.dir/D_/VSRM/sdk/pico/pico-sdk/src/rp2_common/hardware_clocks/clocks.c.obj
 .debug_ranges  0x00002a78       0x48 CMakeFiles/vga.dir/D_/VSRM/sdk/pico/pico-sdk/src/rp2_common/hardware_pll/pll.c.obj
 .debug_ranges  0x00002ac0       0x48 CMakeFiles/vga.dir/D_/VSRM/sdk/pico/pico-sdk/src/rp2_common/hardware_watchdog/watchdog.c.obj
 .debug_ranges  0x00002b08       0x20 CMakeFiles/vga.dir/D_/VSRM/sdk/pico/pico-sdk/src/rp2_common/hardware_xosc/xosc.c.obj
 .debug_ranges  0x00002b28      0x178 CMakeFiles/vga.dir/D_/VSRM/sdk/pico/pico-sdk/src/rp2_common/pico_runtime/runtime.c.obj
 .debug_ranges  0x00002ca0      0x190 CMakeFiles/vga.dir/D_/VSRM/sdk/pico/pico-sdk/src/rp2_common/pico_printf/printf.c.obj
 .debug_ranges  0x00002e30       0x60 CMakeFiles/vga.dir/D_/VSRM/sdk/pico/pico-sdk/src/rp2_common/pico_bit_ops/bit_ops_aeabi.S.obj
 .debug_ranges  0x00002e90       0x38 CMakeFiles/vga.dir/D_/VSRM/sdk/pico/pico-sdk/src/rp2_common/pico_bootrom/bootrom.c.obj
 .debug_ranges  0x00002ec8       0x38 CMakeFiles/vga.dir/D_/VSRM/sdk/pico/pico-sdk/src/rp2_common/pico_divider/divider.S.obj
 .debug_ranges  0x00002f00      0x138 CMakeFiles/vga.dir/D_/VSRM/sdk/pico/pico-sdk/src/rp2_common/pico_double/double_aeabi.S.obj
 .debug_ranges  0x00003038       0x38 CMakeFiles/vga.dir/D_/VSRM/sdk/pico/pico-sdk/src/rp2_common/pico_double/double_init_rom.c.obj
 .debug_ranges  0x00003070       0xc0 CMakeFiles/vga.dir/D_/VSRM/sdk/pico/pico-sdk/src/rp2_common/pico_double/double_v1_rom_shim.S.obj
 .debug_ranges  0x00003130      0x128 CMakeFiles/vga.dir/D_/VSRM/sdk/pico/pico-sdk/src/rp2_common/pico_float/float_aeabi.S.obj
 .debug_ranges  0x00003258       0x28 CMakeFiles/vga.dir/D_/VSRM/sdk/pico/pico-sdk/src/rp2_common/pico_float/float_init_rom.c.obj
 .debug_ranges  0x00003280       0x48 CMakeFiles/vga.dir/D_/VSRM/sdk/pico/pico-sdk/src/rp2_common/pico_float/float_v1_rom_shim.S.obj
 .debug_ranges  0x000032c8       0x30 CMakeFiles/vga.dir/D_/VSRM/sdk/pico/pico-sdk/src/rp2_common/pico_mem_ops/mem_ops_aeabi.S.obj
 .debug_ranges  0x000032f8       0x20 CMakeFiles/vga.dir/D_/VSRM/sdk/pico/pico-sdk/src/rp2_common/pico_standard_link/crt0.S.obj
 .debug_ranges  0x00003318      0x2d8 CMakeFiles/vga.dir/D_/VSRM/sdk/pico/pico-sdk/src/rp2_common/pico_stdio/stdio.c.obj

.debug_line     0x00000000     0xd936
 .debug_line    0x00000000      0x558 CMakeFiles/vga.dir/vga.c.obj
 .debug_line    0x00000558      0x3a7 CMakeFiles/vga.dir/vga_button.c.obj
 .debug_line    0x000008ff      0x58a CMakeFiles/vga.dir/vga_sync.c.obj
 .debug_line    0x00000e89      0x297 CMakeFiles/vga.dir/vga_pixel.c.obj
 .debug_line    0x00001120      0xcc8 CMakeFiles/vga.dir/D_/VSRM/sdk/pico/pico-sdk/src/rp2_common/hardware_gpio/gpio.c.obj
 .debug_line    0x00001de8      0x240 CMakeFiles/vga.dir/D_/VSRM/sdk/pico/pico-sdk/src/rp2_common/pico_platform/platform.c.obj
 .debug_line    0x00002028      0x471 CMakeFiles/vga.dir/D_/VSRM/sdk/pico/pico-sdk/src/rp2_common/hardware_claim/claim.c.obj
 .debug_line    0x00002499      0x449 CMakeFiles/vga.dir/D_/VSRM/sdk/pico/pico-sdk/src/rp2_common/hardware_sync/sync.c.obj
 .debug_line    0x000028e2      0xfe0 CMakeFiles/vga.dir/D_/VSRM/sdk/pico/pico-sdk/src/rp2_common/hardware_irq/irq.c.obj
 .debug_line    0x000038c2      0x1fa CMakeFiles/vga.dir/D_/VSRM/sdk/pico/pico-sdk/src/common/pico_sync/lock_core.c.obj
 .debug_line    0x00003abc     0x1057 CMakeFiles/vga.dir/D_/VSRM/sdk/pico/pico-sdk/src/common/pico_sync/mutex.c.obj
 .debug_line    0x00004b13     0x19f0 CMakeFiles/vga.dir/D_/VSRM/sdk/pico/pico-sdk/src/common/pico_time/time.c.obj
 .debug_line    0x00006503      0xbd6 CMakeFiles/vga.dir/D_/VSRM/sdk/pico/pico-sdk/src/rp2_common/hardware_timer/timer.c.obj
 .debug_line    0x000070d9      0x842 CMakeFiles/vga.dir/D_/VSRM/sdk/pico/pico-sdk/src/common/pico_util/pheap.c.obj
 .debug_line    0x0000791b      0x9be CMakeFiles/vga.dir/D_/VSRM/sdk/pico/pico-sdk/src/rp2_common/hardware_clocks/clocks.c.obj
 .debug_line    0x000082d9      0x4de CMakeFiles/vga.dir/D_/VSRM/sdk/pico/pico-sdk/src/rp2_common/hardware_pll/pll.c.obj
 .debug_line    0x000087b7      0x3de CMakeFiles/vga.dir/D_/VSRM/sdk/pico/pico-sdk/src/rp2_common/hardware_watchdog/watchdog.c.obj
 .debug_line    0x00008b95      0x294 CMakeFiles/vga.dir/D_/VSRM/sdk/pico/pico-sdk/src/rp2_common/hardware_xosc/xosc.c.obj
 .debug_line    0x00008e29      0xa60 CMakeFiles/vga.dir/D_/VSRM/sdk/pico/pico-sdk/src/rp2_common/pico_runtime/runtime.c.obj