Archive member included to satisfy reference by file (symbol)

d:/vsrm/armcc/10_2021_10/bin/../lib/gcc/arm-none-eabi/10.3.1/thumb/v6-m/nofp\libgcc.a(_dvmd_tls.o)
                              CMakeFiles/vga.dir/D_/VSRM/sdk/pico/pico-sdk/src/rp2_common/pico_divider/divider.S.obj (__aeabi_idiv0)
d:/vsrm/armcc/10_2021_10/bin/../lib/gcc/arm-none-eabi/10.3.1/../../../../arm-none-eabi/lib/thumb/v6-m/nofp\libg.a(lib_a-calloc.o)
                              CMakeFiles/vga.dir/D_/VSRM/sdk/pico/pico-sdk/src/rp2_common/pico_malloc/pico_malloc.c.obj (calloc)
d:/vsrm/armcc/10_2021_10/bin/../lib/gcc/arm-none-eabi/10.3.1/../../../../arm-none-eabi/lib/thumb/v6-m/nofp\libg.a(lib_a-callocr.o)
                              d:/vsrm/armcc/10_2021_10/bin/../lib/gcc/arm-none-eabi/10.3.1/../../../../arm-none-eabi/lib/thumb/v6-m/nofp\libg.a(lib_a-calloc.o) (_calloc_r)
d:/vsrm/armcc/10_2021_10/bin/../lib/gcc/arm-none-eabi/10.3.1/../../../../arm-none-eabi/lib/thumb/v6-m/nofp\libg.a(lib_a-errno.o)
                              d:/vsrm/armcc/10_2021_10/bin/../lib/gcc/arm-none-eabi/10.3.1/../../../../arm-none-eabi/lib/thumb/v6-m/nofp\libg.a(lib_a-callocr.o) (__errno)
d:/vsrm/armcc/10_2021_10/bin/../lib/gcc/arm-none-eabi/10.3.1/../../../../arm-none-eabi/lib/thumb/v6-m/nofp\libg.a(lib_a-impure.o)
                              d:/vsrm/armcc/10_2021_10/bin/../lib/gcc/arm-none-eabi/10.3.1/../../../../arm-none-eabi/lib/thumb/v6-m/nofp\libg.a(lib_a-calloc.o) (_impure_ptr)
d:/vsrm/armcc/10_2021_10/bin/../lib/gcc/arm-none-eabi/10.3.1/../../../../arm-none-eabi/lib/thumb/v6-m/nofp\libg.a(lib_a-init.o)
                              d:/vsrm/armcc/10_2021_10/bin/../lib/gcc/arm-none-eabi/10.3.1/../../../../arm-none-eabi/lib/thumb/v6-m/nofp/crt0.o (__libc_init_array)
d:/vsrm/armcc/10_2021_10/bin/../lib/gcc/arm-none-eabi/10.3.1/../../../../arm-none-eabi/lib/thumb/v6-m/nofp\libg.a(lib_a-malloc.o)
                              CMakeFiles/vga.dir/D_/VSRM/sdk/pico/pico-sdk/src/rp2_common/pico_malloc/pico_malloc.c.obj (malloc)
d:/vsrm/armcc/10_2021_10/bin/../lib/gcc/arm-none-eabi/10.3.1/../../../../arm-none-eabi/lib/thumb/v6-m/nofp\libg.a(lib_a-mallocr.o)
                              d:/vsrm/armcc/10_2021_10/bin/../lib/gcc/arm-none-eabi/10.3.1/../../../../arm-none-eabi/lib/thumb/v6-m/nofp\libg.a(lib_a-callocr.o) (_malloc_r)
d:/vsrm/armcc/10_2021_10/bin/../lib/gcc/arm-none-eabi/10.3.1/../../../../arm-none-eabi/lib/thumb/v6-m/nofp\libg.a(lib_a-mlock.o)
                              d:/vsrm/armcc/10_2021_10/bin/../lib/gcc/arm-none-eabi/10.3.1/../../../../arm-none-eabi/lib/thumb/v6-m/nofp\libg.a(lib_a-mallocr.o) (__malloc_lock)
d:/vsrm/armcc/10_2021_10/bin/../lib/gcc/arm-none-eabi/10.3.1/../../../../arm-none-eabi/lib/thumb/v6-m/nofp\libg.a(lib_a-realloc.o)
                              CMakeFiles/vga.dir/D_/VSRM/sdk/pico/pico-sdk/src/rp2_common/pico_malloc/pico_malloc.c.obj (realloc)
d:/vsrm/armcc/10_2021_10/bin/../lib/gcc/arm-none-eabi/10.3.1/../../../../arm-none-eabi/lib/thumb/v6-m/nofp\libg.a(lib_a-reallocr.o)
                              d:/vsrm/armcc/10_2021_10/bin/../lib/gcc/arm-none-eabi/10.3.1/../../../../arm-none-eabi/lib/thumb/v6-m/nofp\libg.a(lib_a-realloc.o) (_realloc_r)
d:/vsrm/armcc/10_2021_10/bin/../lib/gcc/arm-none-eabi/10.3.1/../../../../arm-none-eabi/lib/thumb/v6-m/nofp\libg.a(lib_a-sbrkr.o)
                              d:/vsrm/armcc/10_2021_10/bin/../lib/gcc/arm-none-eabi/10.3.1/../../../../arm-none-eabi/lib/thumb/v6-m/nofp\libg.a(lib_a-mallocr.o) (_sbrk_r)
d:/vsrm/armcc/10_2021_10/bin/../lib/gcc/arm-none-eabi/10.3.1/../../../../arm-none-eabi/lib/thumb/v6-m/nofp\libg.a(lib_a-strlen-stub.o)
                              CMakeFiles/vga.dir/D_/VSRM/sdk/pico/pico-sdk/src/rp2_common/pico_stdio/stdio.c.obj (strlen)
d:/vsrm/armcc/10_2021_10/bin/../lib/gcc/arm-none-eabi/10.3.1/../../../../arm-none-eabi/lib/thumb/v6-m/nofp\libg.a(lib_a-freer.o)
                              d:/vsrm/armcc/10_2021_10/bin/../lib/gcc/arm-none-eabi/10.3.1/../../../../arm-none-eabi/lib/thumb/v6-m/nofp\libg.a(lib_a-malloc.o) (_free_r)
d:/vsrm/armcc/10_2021_10/bin/../lib/gcc/arm-none-eabi/10.3.1/../../../../arm-none-eabi/lib/thumb/v6-m/nofp\libg.a(lib_a-lock.o)
                              d:/vsrm/armcc/10_2021_10/bin/../lib/gcc/arm-none-eabi/10.3.1/../../../../arm-none-eabi/lib/thumb/v6-m/nofp\libg.a(lib_a-mlock.o) (__retarget_lock_acquire_recursive)
d:/vsrm/armcc/10_2021_10/bin/../lib/gcc/arm-none-eabi/10.3.1/../../../../arm-none-eabi/lib/thumb/v6-m/nofp\libg.a(lib_a-memmove.o)
                              d:/vsrm/armcc/10_2021_10/bin/../lib/gcc/arm-none-eabi/10.3.1/../../../../arm-none-eabi/lib/thumb/v6-m/nofp\libg.a(lib_a-reallocr.o) (memmove)
d:/vsrm/armcc/10_2021_10/bin/../lib/gcc/arm-none-eabi/10.3.1/../../../../arm-none-eabi/lib/thumb/v6-m/nofp\libg.a(lib_a-reent.o)
                              d:/vsrm/armcc/10_2021_10/bin/../lib/gcc/arm-none-eabi/10.3.1/../../../../arm-none-eabi/lib/thumb/v6-m/nofp\libg.a(lib_a-sbrkr.o) (errno)

Discarded input sections

[...]
Memory Configuration

Name             Origin             Length             Attributes
FLASH            0x10000000         0x00200000         xr
RAM              0x20000000         0x00040000         xrw
SCRATCH_X        0x20040000         0x00001000         xrw
SCRATCH_Y        0x20041000         0x00001000         xrw
*default*        0x00000000         0xffffffff

Linker script and memory map

LOAD d:/vsrm/armcc/10_2021_10/bin/../lib/gcc/arm-none-eabi/10.3.1/thumb/v6-m/nofp/crti.o
LOAD d:/vsrm/armcc/10_2021_10/bin/../lib/gcc/arm-none-eabi/10.3.1/thumb/v6-m/nofp/crtbegin.o
LOAD d:/vsrm/armcc/10_2021_10/bin/../lib/gcc/arm-none-eabi/10.3.1/../../../../arm-none-eabi/lib/thumb/v6-m/nofp/crt0.o

.flash_begin    0x10000000        0x0
                0x10000000                __flash_binary_start = .

.boot2          0x10000000      0x100
                0x10000000                __boot2_start__ = .
 *(.boot2)
 .boot2         0x10000000      0x100 C:\Users\Sidney\AppData\Local\Temp\ccWNdi3Q.o
                0x10000100                __boot2_end__ = .
                0x00000001                ASSERT (((__boot2_end__ - __boot2_start__) == 0x100), ERROR: Pico second stage bootloader must be 256 bytes in size)

.text           0x10000100     0x47c8
                0x10000100                __logical_binary_start = .
 *(.vectors)
 .vectors       0x10000100       0xd4 CMakeFiles/vga.dir/D_/VSRM/sdk/pico/pico-sdk/src/rp2_common/pico_standard_link/crt0.S.obj
                0x10000100                __VECTOR_TABLE
                0x10000100                __vectors
                0x100001c0                isr_invalid
                0x100001c0                __default_isrs_start
                0x100001c2                isr_nmi
                0x100001c4                isr_hardfault
                0x100001c6                isr_svcall
                0x100001c8                isr_pendsv
                0x100001ca                isr_systick
                0x100001cc                isr_irq23
                0x100001cc                isr_irq18
                0x100001cc                isr_irq11
                0x100001cc                isr_irq28
                0x100001cc                isr_irq19
                0x100001cc                isr_irq0
                0x100001cc                isr_irq6
                0x100001cc                isr_irq5
                0x100001cc                isr_irq12
                0x100001cc                isr_irq22
                0x100001cc                isr_irq31
                0x100001cc                isr_irq17
                0x100001cc                isr_irq27
                0x100001cc                isr_irq30
                0x100001cc                isr_irq2
                0x100001cc                isr_irq10
                0x100001cc                isr_irq8
                0x100001cc                isr_irq24
                0x100001cc                isr_irq1
                0x100001cc                isr_irq7
                0x100001cc                isr_irq21
                0x100001cc                isr_irq20
                0x100001cc                isr_irq15
                0x100001cc                isr_irq25
                0x100001cc                isr_irq13
                0x100001cc                __unhandled_user_irq
                0x100001cc                isr_irq4
                0x100001cc                isr_irq16
                0x100001cc                isr_irq29
                0x100001cc                isr_irq26
                0x100001cc                __default_isrs_end
                0x100001cc                isr_irq3
                0x100001cc                isr_irq14
                0x100001cc                isr_irq9
                0x100001d2                unhandled_user_irq_num_in_r0
 *(.binary_info_header)
 .binary_info_header
                0x100001d4       0x14 CMakeFiles/vga.dir/D_/VSRM/sdk/pico/pico-sdk/src/rp2_common/pico_standard_link/crt0.S.obj
                0x100001e8                __binary_info_header_end = .
 *(.reset)
 .reset         0x100001e8       0xa0 CMakeFiles/vga.dir/D_/VSRM/sdk/pico/pico-sdk/src/rp2_common/pico_standard_link/crt0.S.obj
                0x100001e8                _entry_point
 .reset         0x10000288       0x30 CMakeFiles/vga.dir/D_/VSRM/sdk/pico/pico-sdk/src/rp2_common/pico_standard_link/binary_info.c.obj
 *(.init)
 .init          0x100002b8        0x4 d:/vsrm/armcc/10_2021_10/bin/../lib/gcc/arm-none-eabi/10.3.1/thumb/v6-m/nofp/crti.o
                0x100002b8                _init
 *(EXCLUDE_FILE(*libm.a: *libc.a:*lib_a-mem*.o *libgcc.a:) .text*)
 .text          0x100002bc       0x48 d:/vsrm/armcc/10_2021_10/bin/../lib/gcc/arm-none-eabi/10.3.1/thumb/v6-m/nofp/crtbegin.o
 .text.main     0x10000304      0x1f8 CMakeFiles/vga.dir/vga.c.obj
                0x10000304                main
 .text.change_color_param
                0x100004fc       0xac CMakeFiles/vga.dir/vga_button.c.obj
                0x100004fc                change_color_param
 .text.on_button
                0x100005a8       0x18 CMakeFiles/vga.dir/vga_button.c.obj
                0x100005a8                on_button
 .text.configure_button
                0x100005c0       0x40 CMakeFiles/vga.dir/vga_button.c.obj
                0x100005c0                configure_button
 .text.hsync_irq
                0x10000600       0x58 CMakeFiles/vga.dir/vga_sync.c.obj
                0x10000600                hsync_irq
 .text.configure_pwm_hsync
                0x10000658       0x88 CMakeFiles/vga.dir/vga_sync.c.obj
                0x10000658                configure_pwm_hsync
 .text.hsync_get_counter
                0x100006e0       0x1c CMakeFiles/vga.dir/vga_sync.c.obj
                0x100006e0                hsync_get_counter
 .text.configure_irq
                0x100006fc       0x3c CMakeFiles/vga.dir/vga_sync.c.obj
                0x100006fc                configure_irq
 .text.configure_gpio
                0x10000738       0x24 CMakeFiles/vga.dir/vga_pixel.c.obj
                0x10000738                configure_gpio
 .text.gpio_set_function
                0x1000075c       0x30 CMakeFiles/vga.dir/D_/VSRM/sdk/pico/pico-sdk/src/rp2_common/hardware_gpio/gpio.c.obj
                0x1000075c                gpio_set_function
 .text.gpio_set_pulls
                0x1000078c       0x2c CMakeFiles/vga.dir/D_/VSRM/sdk/pico/pico-sdk/src/rp2_common/hardware_gpio/gpio.c.obj
                0x1000078c                gpio_set_pulls
 .text.gpio_set_irq_callback
                0x100007b8       0x48 CMakeFiles/vga.dir/D_/VSRM/sdk/pico/pico-sdk/src/rp2_common/hardware_gpio/gpio.c.obj
                0x100007b8                gpio_set_irq_callback
 .text.gpio_acknowledge_irq
                0x10000800       0x1c CMakeFiles/vga.dir/D_/VSRM/sdk/pico/pico-sdk/src/rp2_common/hardware_gpio/gpio.c.obj
                0x10000800                gpio_acknowledge_irq
 .text.gpio_set_irq_enabled
                0x1000081c       0x4c CMakeFiles/vga.dir/D_/VSRM/sdk/pico/pico-sdk/src/rp2_common/hardware_gpio/gpio.c.obj
                0x1000081c                gpio_set_irq_enabled
 .text.gpio_set_irq_enabled_with_callback
                0x10000868       0x20 CMakeFiles/vga.dir/D_/VSRM/sdk/pico/pico-sdk/src/rp2_common/hardware_gpio/gpio.c.obj
                0x10000868                gpio_set_irq_enabled_with_callback
 .text.gpio_default_irq_handler
                0x10000888       0xb4 CMakeFiles/vga.dir/D_/VSRM/sdk/pico/pico-sdk/src/rp2_common/hardware_gpio/gpio.c.obj
 .text.gpio_init
                0x1000093c       0x16 CMakeFiles/vga.dir/D_/VSRM/sdk/pico/pico-sdk/src/rp2_common/hardware_gpio/gpio.c.obj
                0x1000093c                gpio_init
 .text.gpio_init_mask
                0x10000952       0x20 CMakeFiles/vga.dir/D_/VSRM/sdk/pico/pico-sdk/src/rp2_common/hardware_gpio/gpio.c.obj
                0x10000952                gpio_init_mask
 *fill*         0x10000972        0x2 
 .text.running_on_fpga
                0x10000974       0x10 CMakeFiles/vga.dir/D_/VSRM/sdk/pico/pico-sdk/src/rp2_common/pico_platform/platform.c.obj
                0x10000974                running_on_fpga
 .text.hw_claim_lock
                0x10000984       0x18 CMakeFiles/vga.dir/D_/VSRM/sdk/pico/pico-sdk/src/rp2_common/hardware_claim/claim.c.obj
                0x10000984                hw_claim_lock
 .text.hw_claim_unlock
                0x1000099c       0x14 CMakeFiles/vga.dir/D_/VSRM/sdk/pico/pico-sdk/src/rp2_common/hardware_claim/claim.c.obj
                0x1000099c                hw_claim_unlock
 .text.hw_claim_or_assert
                0x100009b0       0x30 CMakeFiles/vga.dir/D_/VSRM/sdk/pico/pico-sdk/src/rp2_common/hardware_claim/claim.c.obj
                0x100009b0                hw_claim_or_assert
 .text.spin_locks_reset
                0x100009e0       0x1c CMakeFiles/vga.dir/D_/VSRM/sdk/pico/pico-sdk/src/rp2_common/hardware_sync/sync.c.obj
                0x100009e0                spin_locks_reset
 .text.next_striped_spin_lock_num
                0x100009fc       0x20 CMakeFiles/vga.dir/D_/VSRM/sdk/pico/pico-sdk/src/rp2_common/hardware_sync/sync.c.obj
                0x100009fc                next_striped_spin_lock_num
 .text.set_raw_irq_handler_and_unlock
                0x10000a1c       0x28 CMakeFiles/vga.dir/D_/VSRM/sdk/pico/pico-sdk/src/rp2_common/hardware_irq/irq.c.obj
 .text.make_branch
                0x10000a44       0x44 CMakeFiles/vga.dir/D_/VSRM/sdk/pico/pico-sdk/src/rp2_common/hardware_irq/irq.c.obj
 .text.irq_is_enabled
                0x10000a88       0x18 CMakeFiles/vga.dir/D_/VSRM/sdk/pico/pico-sdk/src/rp2_common/hardware_irq/irq.c.obj
                0x10000a88                irq_is_enabled
 .text.irq_set_mask_enabled
                0x10000aa0       0x20 CMakeFiles/vga.dir/D_/VSRM/sdk/pico/pico-sdk/src/rp2_common/hardware_irq/irq.c.obj
                0x10000aa0                irq_set_mask_enabled
 .text.irq_set_enabled
                0x10000ac0        0xe CMakeFiles/vga.dir/D_/VSRM/sdk/pico/pico-sdk/src/rp2_common/hardware_irq/irq.c.obj
                0x10000ac0                irq_set_enabled
 *fill*         0x10000ace        0x2 
 .text.irq_get_vtable_handler
                0x10000ad0       0x10 CMakeFiles/vga.dir/D_/VSRM/sdk/pico/pico-sdk/src/rp2_common/hardware_irq/irq.c.obj
                0x10000ad0                irq_get_vtable_handler
 .text.irq_set_exclusive_handler
                0x10000ae0       0x54 CMakeFiles/vga.dir/D_/VSRM/sdk/pico/pico-sdk/src/rp2_common/hardware_irq/irq.c.obj
                0x10000ae0                irq_set_exclusive_handler
 .text.irq_add_shared_handler
                0x10000b34      0x214 CMakeFiles/vga.dir/D_/VSRM/sdk/pico/pico-sdk/src/rp2_common/hardware_irq/irq.c.obj
                0x10000b34                irq_add_shared_handler
 .text.irq_remove_handler
                0x10000d48      0x1f0 CMakeFiles/vga.dir/D_/VSRM/sdk/pico/pico-sdk/src/rp2_common/hardware_irq/irq.c.obj
                0x10000d48                irq_remove_handler
 .text.irq_add_tail_to_free_list
                0x10000f38       0xe4 CMakeFiles/vga.dir/D_/VSRM/sdk/pico/pico-sdk/src/rp2_common/hardware_irq/irq.c.obj
                0x10000f38                irq_add_tail_to_free_list
 .text.irq_init_priorities
                0x1000101c       0x48 CMakeFiles/vga.dir/D_/VSRM/sdk/pico/pico-sdk/src/rp2_common/hardware_irq/irq.c.obj
                0x1000101c                irq_init_priorities
 .text.lock_init
                0x10001064       0x10 CMakeFiles/vga.dir/D_/VSRM/sdk/pico/pico-sdk/src/common/pico_sync/lock_core.c.obj
                0x10001064                lock_init
 .text.mutex_init
                0x10001074       0x1a CMakeFiles/vga.dir/D_/VSRM/sdk/pico/pico-sdk/src/common/pico_sync/mutex.c.obj
                0x10001074                mutex_init
 .text.recursive_mutex_init
                0x1000108e       0x1e CMakeFiles/vga.dir/D_/VSRM/sdk/pico/pico-sdk/src/common/pico_sync/mutex.c.obj
                0x1000108e                recursive_mutex_init
 .text.alarm_pool_post_alloc_init
                0x100010ac       0x40 CMakeFiles/vga.dir/D_/VSRM/sdk/pico/pico-sdk/src/common/pico_time/time.c.obj
 .text.sleep_until_callback
                0x100010ec       0x30 CMakeFiles/vga.dir/D_/VSRM/sdk/pico/pico-sdk/src/common/pico_time/time.c.obj
 .text.timer_pool_entry_comparator
                0x1000111c       0x70 CMakeFiles/vga.dir/D_/VSRM/sdk/pico/pico-sdk/src/common/pico_time/time.c.obj
                0x1000111c                timer_pool_entry_comparator
 .text.ph_add_child_node
                0x1000118c       0x84 CMakeFiles/vga.dir/D_/VSRM/sdk/pico/pico-sdk/src/common/pico_time/time.c.obj
 .text.add_alarm_under_lock
                0x10001210      0x170 CMakeFiles/vga.dir/D_/VSRM/sdk/pico/pico-sdk/src/common/pico_time/time.c.obj
 .text.alarm_pool_alarm_callback
                0x10001380      0x304 CMakeFiles/vga.dir/D_/VSRM/sdk/pico/pico-sdk/src/common/pico_time/time.c.obj
 .text.alarm_pool_init_default
                0x10001684       0x40 CMakeFiles/vga.dir/D_/VSRM/sdk/pico/pico-sdk/src/common/pico_time/time.c.obj
                0x10001684                alarm_pool_init_default
 .text.alarm_pool_get_default
                0x100016c4       0x2c CMakeFiles/vga.dir/D_/VSRM/sdk/pico/pico-sdk/src/common/pico_time/time.c.obj
                0x100016c4                alarm_pool_get_default
 .text.alarm_pool_add_alarm_at
                0x100016f0      0x13c CMakeFiles/vga.dir/D_/VSRM/sdk/pico/pico-sdk/src/common/pico_time/time.c.obj
                0x100016f0                alarm_pool_add_alarm_at
 .text.alarm_pool_cancel_alarm
                0x1000182c       0xf4 CMakeFiles/vga.dir/D_/VSRM/sdk/pico/pico-sdk/src/common/pico_time/time.c.obj
                0x1000182c                alarm_pool_cancel_alarm
 .text.best_effort_wfe_or_timeout
                0x10001920       0x90 CMakeFiles/vga.dir/D_/VSRM/sdk/pico/pico-sdk/src/common/pico_time/time.c.obj
                0x10001920                best_effort_wfe_or_timeout
 .text.hardware_alarm_irq_handler
                0x100019b0       0x9c CMakeFiles/vga.dir/D_/VSRM/sdk/pico/pico-sdk/src/rp2_common/hardware_timer/timer.c.obj
 .text.hardware_alarm_claim
                0x10001a4c       0x18 CMakeFiles/vga.dir/D_/VSRM/sdk/pico/pico-sdk/src/rp2_common/hardware_timer/timer.c.obj
                0x10001a4c                hardware_alarm_claim
 .text.time_us_64
                0x10001a64       0x14 CMakeFiles/vga.dir/D_/VSRM/sdk/pico/pico-sdk/src/rp2_common/hardware_timer/timer.c.obj
                0x10001a64                time_us_64
 .text.hardware_alarm_set_callback
                0x10001a78       0x90 CMakeFiles/vga.dir/D_/VSRM/sdk/pico/pico-sdk/src/rp2_common/hardware_timer/timer.c.obj
                0x10001a78                hardware_alarm_set_callback
 .text.hardware_alarm_set_target
                0x10001b08       0xec CMakeFiles/vga.dir/D_/VSRM/sdk/pico/pico-sdk/src/rp2_common/hardware_timer/timer.c.obj
                0x10001b08                hardware_alarm_set_target
 .text.hardware_alarm_cancel
                0x10001bf4       0x40 CMakeFiles/vga.dir/D_/VSRM/sdk/pico/pico-sdk/src/rp2_common/hardware_timer/timer.c.obj
                0x10001bf4                hardware_alarm_cancel
 .text.ph_add_child_node
                0x10001c34       0x84 CMakeFiles/vga.dir/D_/VSRM/sdk/pico/pico-sdk/src/common/pico_util/pheap.c.obj
 .text.ph_merge_nodes
                0x10001cb8       0x3a CMakeFiles/vga.dir/D_/VSRM/sdk/pico/pico-sdk/src/common/pico_util/pheap.c.obj
 *fill*         0x10001cf2        0x2 
 .text.ph_clear
                0x10001cf4       0x68 CMakeFiles/vga.dir/D_/VSRM/sdk/pico/pico-sdk/src/common/pico_util/pheap.c.obj
                0x10001cf4                ph_clear
 .text.ph_post_alloc_init
                0x10001d5c        0xe CMakeFiles/vga.dir/D_/VSRM/sdk/pico/pico-sdk/src/common/pico_util/pheap.c.obj
                0x10001d5c                ph_post_alloc_init
 *fill*         0x10001d6a        0x2 
 .text.ph_merge_two_pass
                0x10001d6c       0x90 CMakeFiles/vga.dir/D_/VSRM/sdk/pico/pico-sdk/src/common/pico_util/pheap.c.obj
                0x10001d6c                ph_merge_two_pass
 .text.ph_remove_any_head
                0x10001dfc      0x114 CMakeFiles/vga.dir/D_/VSRM/sdk/pico/pico-sdk/src/common/pico_util/pheap.c.obj
 .text.ph_remove_head
                0x10001f10       0x14 CMakeFiles/vga.dir/D_/VSRM/sdk/pico/pico-sdk/src/common/pico_util/pheap.c.obj
                0x10001f10                ph_remove_head
 .text.ph_remove_and_free_node
                0x10001f24       0xe4 CMakeFiles/vga.dir/D_/VSRM/sdk/pico/pico-sdk/src/common/pico_util/pheap.c.obj
                0x10001f24                ph_remove_and_free_node
 .text.clock_configure
                0x10002008      0x11c CMakeFiles/vga.dir/D_/VSRM/sdk/pico/pico-sdk/src/rp2_common/hardware_clocks/clocks.c.obj
                0x10002008                clock_configure
 .text.clocks_init
                0x10002124       0xfc CMakeFiles/vga.dir/D_/VSRM/sdk/pico/pico-sdk/src/rp2_common/hardware_clocks/clocks.c.obj
                0x10002124                clocks_init
 .text.pll_init
                0x10002220      0x10c CMakeFiles/vga.dir/D_/VSRM/sdk/pico/pico-sdk/src/rp2_common/hardware_pll/pll.c.obj
                0x10002220                pll_init
 .text.watchdog_start_tick
                0x1000232c       0x10 CMakeFiles/vga.dir/D_/VSRM/sdk/pico/pico-sdk/src/rp2_common/hardware_watchdog/watchdog.c.obj
                0x1000232c                watchdog_start_tick
 .text.xosc_init
                0x1000233c       0x28 CMakeFiles/vga.dir/D_/VSRM/sdk/pico/pico-sdk/src/rp2_common/hardware_xosc/xosc.c.obj
                0x1000233c                xosc_init
 .text._exit    0x10002364        0x4 CMakeFiles/vga.dir/D_/VSRM/sdk/pico/pico-sdk/src/rp2_common/pico_runtime/runtime.c.obj
                0x10002364                _exit
 .text.exit     0x10002368        0x6 CMakeFiles/vga.dir/D_/VSRM/sdk/pico/pico-sdk/src/rp2_common/pico_runtime/runtime.c.obj
                0x10002368                exit
 *fill*         0x1000236e        0x2 
 .text.__assert_func
                0x10002370       0x34 CMakeFiles/vga.dir/D_/VSRM/sdk/pico/pico-sdk/src/rp2_common/pico_runtime/runtime.c.obj
                0x10002370                __assert_func
 .text.runtime_init
                0x100023a4      0x124 CMakeFiles/vga.dir/D_/VSRM/sdk/pico/pico-sdk/src/rp2_common/pico_runtime/runtime.c.obj
                0x100023a4                runtime_init
 .text.panic    0x100024c8       0x30 CMakeFiles/vga.dir/D_/VSRM/sdk/pico/pico-sdk/src/rp2_common/pico_runtime/runtime.c.obj
                0x100024c8                panic
 .text._out_null
                0x100024f8        0x2 CMakeFiles/vga.dir/D_/VSRM/sdk/pico/pico-sdk/src/rp2_common/pico_printf/printf.c.obj
 .text._out_fct
                0x100024fa       0x10 CMakeFiles/vga.dir/D_/VSRM/sdk/pico/pico-sdk/src/rp2_common/pico_printf/printf.c.obj
 .text._out_rev
                0x1000250a       0xaa CMakeFiles/vga.dir/D_/VSRM/sdk/pico/pico-sdk/src/rp2_common/pico_printf/printf.c.obj
 .text._ntoa_format
                0x100025b4      0x148 CMakeFiles/vga.dir/D_/VSRM/sdk/pico/pico-sdk/src/rp2_common/pico_printf/printf.c.obj
 .text._ntoa_long
                0x100026fc       0xba CMakeFiles/vga.dir/D_/VSRM/sdk/pico/pico-sdk/src/rp2_common/pico_printf/printf.c.obj
 .text._ntoa_long_long
                0x100027b6       0xd2 CMakeFiles/vga.dir/D_/VSRM/sdk/pico/pico-sdk/src/rp2_common/pico_printf/printf.c.obj
 .text._etoa    0x10002888      0x404 CMakeFiles/vga.dir/D_/VSRM/sdk/pico/pico-sdk/src/rp2_common/pico_printf/printf.c.obj
 .text._ftoa    0x10002c8c      0x3c4 CMakeFiles/vga.dir/D_/VSRM/sdk/pico/pico-sdk/src/rp2_common/pico_printf/printf.c.obj
 .text._vsnprintf
                0x10003050      0x6a8 CMakeFiles/vga.dir/D_/VSRM/sdk/pico/pico-sdk/src/rp2_common/pico_printf/printf.c.obj
 .text.vfctprintf
                0x100036f8       0x20 CMakeFiles/vga.dir/D_/VSRM/sdk/pico/pico-sdk/src/rp2_common/pico_printf/printf.c.obj
                0x100036f8                vfctprintf
 .text          0x10003718       0x10 CMakeFiles/vga.dir/D_/VSRM/sdk/pico/pico-sdk/src/rp2_common/pico_bit_ops/bit_ops_aeabi.S.obj
 .text.rom_func_lookup
                0x10003728       0x10 CMakeFiles/vga.dir/D_/VSRM/sdk/pico/pico-sdk/src/rp2_common/pico_bootrom/bootrom.c.obj
                0x10003728                rom_func_lookup
 .text.rom_data_lookup
                0x10003738       0x10 CMakeFiles/vga.dir/D_/VSRM/sdk/pico/pico-sdk/src/rp2_common/pico_bootrom/bootrom.c.obj
                0x10003738                rom_data_lookup
 .text.rom_funcs_lookup
                0x10003748       0x2a CMakeFiles/vga.dir/D_/VSRM/sdk/pico/pico-sdk/src/rp2_common/pico_bootrom/bootrom.c.obj
                0x10003748                rom_funcs_lookup
 *fill*         0x10003772        0x2 
 .text.__wrap___aeabi_idiv
                0x10003774       0x50 CMakeFiles/vga.dir/D_/VSRM/sdk/pico/pico-sdk/src/rp2_common/pico_divider/divider.S.obj
                0x10003774                __wrap___aeabi_idivmod
                0x10003774                divmod_s32s32
                0x10003774                div_s32s32
                0x10003774                __wrap___aeabi_idiv
                0x1000377c                divmod_s32s32_unsafe
                0x100037a8                divmod_s32s32_savestate
 .text.__wrap___aeabi_uidiv
                0x100037c4       0x4c CMakeFiles/vga.dir/D_/VSRM/sdk/pico/pico-sdk/src/rp2_common/pico_divider/divider.S.obj
                0x100037c4                __wrap___aeabi_uidiv
                0x100037c4                __wrap___aeabi_uidivmod
                0x100037c4                div_u32u32
                0x100037c4                divmod_u32u32
                0x100037cc                divmod_u32u32_unsafe
                0x100037f4                divmod_u32u32_savestate
 .text.__wrap___aeabi_ldiv
                0x10003810      0x424 CMakeFiles/vga.dir/D_/VSRM/sdk/pico/pico-sdk/src/rp2_common/pico_divider/divider.S.obj
                0x10003810                div_s64s64
                0x10003810                divmod_s64s64
                0x10003810                __wrap___aeabi_ldivmod
                0x10003840                divmod_u64u64
                0x10003840                div_u64u64
                0x10003840                __wrap___aeabi_uldivmod
                0x10003850                divmod_u64u64_savestate
                0x10003870                divmod_s64s64_unsafe
                0x100038f8                divmod_u64u64_unsafe
 .text.__wrap___aeabi_darithmetic
                0x10003c34       0x80 CMakeFiles/vga.dir/D_/VSRM/sdk/pico/pico-sdk/src/rp2_common/pico_double/double_aeabi.S.obj
                0x10003c34                __wrap___aeabi_drsub
                0x10003c3a                __wrap___aeabi_dsub
                0x10003c4c                __wrap___aeabi_dadd
                0x10003c5e                __wrap___aeabi_ddiv
                0x10003c9a                __wrap___aeabi_dmul
 .text.__wrap___aeabi_cdcmple
                0x10003cb4       0x6c CMakeFiles/vga.dir/D_/VSRM/sdk/pico/pico-sdk/src/rp2_common/pico_double/double_aeabi.S.obj
                0x10003cb4                __wrap___aeabi_cdrcmple
                0x10003cc4                __wrap___aeabi_cdcmpeq
                0x10003cc4                __wrap___aeabi_cdcmple
 .text.__wrap___aeabi_dcmplt
                0x10003d20        0xc CMakeFiles/vga.dir/D_/VSRM/sdk/pico/pico-sdk/src/rp2_common/pico_double/double_aeabi.S.obj
                0x10003d20                __wrap___aeabi_dcmplt
 .text.__wrap___aeabi_dcmple
                0x10003d2c       0x10 CMakeFiles/vga.dir/D_/VSRM/sdk/pico/pico-sdk/src/rp2_common/pico_double/double_aeabi.S.obj
                0x10003d2c                __wrap___aeabi_dcmple
 .text.__wrap___aeabi_dcmpge
                0x10003d3c       0x10 CMakeFiles/vga.dir/D_/VSRM/sdk/pico/pico-sdk/src/rp2_common/pico_double/double_aeabi.S.obj
                0x10003d3c                __wrap___aeabi_dcmpge
 .text.__wrap___aeabi_dcmpgt
                0x10003d4c        0xa CMakeFiles/vga.dir/D_/VSRM/sdk/pico/pico-sdk/src/rp2_common/pico_double/double_aeabi.S.obj
                0x10003d4c                __wrap___aeabi_dcmpgt
 .text.__wrap___aeabi_dcmpun
                0x10003d56       0x1c CMakeFiles/vga.dir/D_/VSRM/sdk/pico/pico-sdk/src/rp2_common/pico_double/double_aeabi.S.obj
                0x10003d56                __wrap___aeabi_dcmpun
 *fill*         0x10003d72        0x2 
 .text.__wrap___aeabi_i2d
                0x10003d74       0x38 CMakeFiles/vga.dir/D_/VSRM/sdk/pico/pico-sdk/src/rp2_common/pico_double/double_aeabi.S.obj
                0x10003d74                __wrap___aeabi_ui2d
                0x10003d7c                __wrap___aeabi_i2d
 .text.__wrap___aeabi_d2iz
                0x10003dac       0x48 CMakeFiles/vga.dir/D_/VSRM/sdk/pico/pico-sdk/src/rp2_common/pico_double/double_aeabi.S.obj
                0x10003dac                double2int_z
                0x10003dac                __wrap___aeabi_d2iz
 .text.__wrap___aeabi_d2uiz
                0x10003df4       0x18 CMakeFiles/vga.dir/D_/VSRM/sdk/pico/pico-sdk/src/rp2_common/pico_double/double_aeabi.S.obj
                0x10003df4                __wrap___aeabi_d2uiz
                0x10003df4                double2uint
 .text.__aeabi_double_init
                0x10003e0c       0xc4 CMakeFiles/vga.dir/D_/VSRM/sdk/pico/pico-sdk/src/rp2_common/pico_double/double_init_rom.c.obj
                0x10003e0c                __aeabi_double_init
 .text.double_table_shim_on_use_helper
                0x10003ed0       0x34 CMakeFiles/vga.dir/D_/VSRM/sdk/pico/pico-sdk/src/rp2_common/pico_double/double_v1_rom_shim.S.obj
                0x10003ed0                double_table_shim_on_use_helper
 .text.__wrap___aeabi_dsub
                0x10003f04       0x10 CMakeFiles/vga.dir/D_/VSRM/sdk/pico/pico-sdk/src/rp2_common/pico_double/double_v1_rom_shim.S.obj
                0x10003f04                drsub_shim
                0x10003f0a                dsub_shim
 .text.dadd_shim
                0x10003f14      0x15c CMakeFiles/vga.dir/D_/VSRM/sdk/pico/pico-sdk/src/rp2_common/pico_double/double_v1_rom_shim.S.obj
                0x10003f14                dadd_shim
 .text.dmul_shim
                0x10004070      0x15c CMakeFiles/vga.dir/D_/VSRM/sdk/pico/pico-sdk/src/rp2_common/pico_double/double_v1_rom_shim.S.obj
                0x10004070                dmul_shim
 .text.ddiv_shim
                0x100041cc      0x1b0 CMakeFiles/vga.dir/D_/VSRM/sdk/pico/pico-sdk/src/rp2_common/pico_double/double_v1_rom_shim.S.obj
                0x100041cc                ddiv_shim
 .text.double2uint_shim
                0x1000437c        0xe CMakeFiles/vga.dir/D_/VSRM/sdk/pico/pico-sdk/src/rp2_common/pico_double/double_v1_rom_shim.S.obj
                0x1000437c                double2uint_shim
                0x1000437e                double2ufix_shim
 *fill*         0x1000438a        0x2 
 .text.double2uint64_shim
                0x1000438c       0x70 CMakeFiles/vga.dir/D_/VSRM/sdk/pico/pico-sdk/src/rp2_common/pico_double/double_v1_rom_shim.S.obj
                0x1000438c                double2uint64_shim
                0x1000438e                double2ufix64_shim
                0x100043ae                d2fix_a
 .text.dunpacks
                0x100043fc       0x3c CMakeFiles/vga.dir/D_/VSRM/sdk/pico/pico-sdk/src/rp2_common/pico_double/double_v1_rom_shim.S.obj
                0x100043fc                dunpacks
 .text.__aeabi_float_init
                0x10004438       0xf4 CMakeFiles/vga.dir/D_/VSRM/sdk/pico/pico-sdk/src/rp2_common/pico_float/float_init_rom.c.obj
                0x10004438                __aeabi_float_init
 .text.float_table_shim_on_use_helper
                0x1000452c       0x34 CMakeFiles/vga.dir/D_/VSRM/sdk/pico/pico-sdk/src/rp2_common/pico_float/float_v1_rom_shim.S.obj
                0x1000452c                float_table_shim_on_use_helper
 .text          0x10004560       0x10 CMakeFiles/vga.dir/D_/VSRM/sdk/pico/pico-sdk/src/rp2_common/pico_mem_ops/mem_ops_aeabi.S.obj
                0x10004560                __aeabi_mem_init
 .text.memcpy   0x10004570        0xc CMakeFiles/vga.dir/D_/VSRM/sdk/pico/pico-sdk/src/rp2_common/pico_mem_ops/mem_ops_aeabi.S.obj
                0x10004570                __wrap_memcpy
                0x10004570                __wrap___aeabi_memcpy
 .text.stdio_out_chars_no_crlf
                0x1000457c        0xe CMakeFiles/vga.dir/D_/VSRM/sdk/pico/pico-sdk/src/rp2_common/pico_stdio/stdio.c.obj
 *fill*         0x1000458a        0x2 
 .text.stdio_out_chars_crlf
                0x1000458c       0x94 CMakeFiles/vga.dir/D_/VSRM/sdk/pico/pico-sdk/src/rp2_common/pico_stdio/stdio.c.obj
 .text.stdio_stack_buffer_flush
                0x10004620       0x48 CMakeFiles/vga.dir/D_/VSRM/sdk/pico/pico-sdk/src/rp2_common/pico_stdio/stdio.c.obj
 .text.stdio_buffered_printer
                0x10004668       0x20 CMakeFiles/vga.dir/D_/VSRM/sdk/pico/pico-sdk/src/rp2_common/pico_stdio/stdio.c.obj
 .text.stdout_serialize_begin
                0x10004688       0x4c CMakeFiles/vga.dir/D_/VSRM/sdk/pico/pico-sdk/src/rp2_common/pico_stdio/stdio.c.obj
                0x10004688                stdout_serialize_begin
 .text.stdout_serialize_end
                0x100046d4       0x10 CMakeFiles/vga.dir/D_/VSRM/sdk/pico/pico-sdk/src/rp2_common/pico_stdio/stdio.c.obj
                0x100046d4                stdout_serialize_end
 .text.stdio_put_string
                0x100046e4       0xa8 CMakeFiles/vga.dir/D_/VSRM/sdk/pico/pico-sdk/src/rp2_common/pico_stdio/stdio.c.obj
 .text.stdio_flush
                0x1000478c       0x20 CMakeFiles/vga.dir/D_/VSRM/sdk/pico/pico-sdk/src/rp2_common/pico_stdio/stdio.c.obj
                0x1000478c                stdio_flush
 .text.__wrap_puts
                0x100047ac       0x1e CMakeFiles/vga.dir/D_/VSRM/sdk/pico/pico-sdk/src/rp2_common/pico_stdio/stdio.c.obj
                0x100047ac                __wrap_puts
 *fill*         0x100047ca        0x2 
 .text.__wrap_vprintf
                0x100047cc       0x40 CMakeFiles/vga.dir/D_/VSRM/sdk/pico/pico-sdk/src/rp2_common/pico_stdio/stdio.c.obj
                0x100047cc                __wrap_vprintf
 .text.__wrap_printf
                0x1000480c       0x18 CMakeFiles/vga.dir/D_/VSRM/sdk/pico/pico-sdk/src/rp2_common/pico_stdio/stdio.c.obj
                0x1000480c                __wrap_printf
 .text.strlen   0x10004824       0x5c d:/vsrm/armcc/10_2021_10/bin/../lib/gcc/arm-none-eabi/10.3.1/../../../../arm-none-eabi/lib/thumb/v6-m/nofp\libg.a(lib_a-strlen-stub.o)
                0x10004824                strlen
 *(.fini)
 .fini          0x10004880        0x4 d:/vsrm/armcc/10_2021_10/bin/../lib/gcc/arm-none-eabi/10.3.1/thumb/v6-m/nofp/crti.o
                0x10004880                _fini
 *fill*         0x10004884        0x4 
 .fini.__stub   0x10004888       0x40 linker stubs
 *crtbegin.o(.ctors)
 *crtbegin?.o(.ctors)
 *(EXCLUDE_FILE(*crtend.o *crtend?.o) .ctors)
 *(SORT_BY_NAME(.ctors.*))
 *(.ctors)
 *crtbegin.o(.dtors)
 *crtbegin?.o(.dtors)
 *(EXCLUDE_FILE(*crtend.o *crtend?.o) .dtors)
 *(SORT_BY_NAME(.dtors.*))
 *(.dtors)
 *(.eh_frame*)
 .eh_frame      0x100048c8        0x0 d:/vsrm/armcc/10_2021_10/bin/../lib/gcc/arm-none-eabi/10.3.1/thumb/v6-m/nofp/crtbegin.o
                0x100048c8                . = ALIGN (0x4)

.glue_7         0x100048c8        0x0
 .glue_7        0x100048c8        0x0 linker stubs

.glue_7t        0x100048c8        0x0
 .glue_7t       0x100048c8        0x0 linker stubs

.vfp11_veneer   0x100048c8        0x0
 .vfp11_veneer  0x100048c8        0x0 linker stubs

.v4_bx          0x100048c8        0x0
 .v4_bx         0x100048c8        0x0 linker stubs

.iplt           0x100048c8        0x0
 .iplt          0x100048c8        0x0 d:/vsrm/armcc/10_2021_10/bin/../lib/gcc/arm-none-eabi/10.3.1/thumb/v6-m/nofp/crtbegin.o

.rodata         0x100048c8      0xecc
 *(EXCLUDE_FILE(*libm.a: *libc.a:*lib_a-mem*.o *libgcc.a:) .rodata*)
 .rodata.main   0x100048c8       0x18 CMakeFiles/vga.dir/vga.c.obj
 .rodata.make_branch.str1.4
                0x100048e0       0x6c CMakeFiles/vga.dir/D_/VSRM/sdk/pico/pico-sdk/src/rp2_common/hardware_irq/irq.c.obj
 .rodata.irq_set_exclusive_handler.str1.4
                0x1000494c       0x36 CMakeFiles/vga.dir/D_/VSRM/sdk/pico/pico-sdk/src/rp2_common/hardware_irq/irq.c.obj
 *fill*         0x10004982        0x2 
 .rodata.irq_add_shared_handler.str1.4
                0x10004984       0xd9 CMakeFiles/vga.dir/D_/VSRM/sdk/pico/pico-sdk/src/rp2_common/hardware_irq/irq.c.obj
 *fill*         0x10004a5d        0x3 
 .rodata.irq_remove_handler.str1.4
                0x10004a60       0x4a CMakeFiles/vga.dir/D_/VSRM/sdk/pico/pico-sdk/src/rp2_common/hardware_irq/irq.c.obj
 *fill*         0x10004aaa        0x2 
 .rodata.irq_add_tail_to_free_list.str1.4
                0x10004aac       0x3a CMakeFiles/vga.dir/D_/VSRM/sdk/pico/pico-sdk/src/rp2_common/hardware_irq/irq.c.obj
 *fill*         0x10004ae6        0x2 
 .rodata.__func__.0
                0x10004ae8       0x1a CMakeFiles/vga.dir/D_/VSRM/sdk/pico/pico-sdk/src/rp2_common/hardware_irq/irq.c.obj
 *fill*         0x10004b02        0x2 
 .rodata.__func__.1
                0x10004b04       0x17 CMakeFiles/vga.dir/D_/VSRM/sdk/pico/pico-sdk/src/rp2_common/hardware_irq/irq.c.obj
 *fill*         0x10004b1b        0x1 
 .rodata.__func__.2
                0x10004b1c       0x13 CMakeFiles/vga.dir/D_/VSRM/sdk/pico/pico-sdk/src/rp2_common/hardware_irq/irq.c.obj
 *fill*         0x10004b2f        0x1 
 .rodata.__func__.3
                0x10004b30        0xc CMakeFiles/vga.dir/D_/VSRM/sdk/pico/pico-sdk/src/rp2_common/hardware_irq/irq.c.obj
 .rodata.__func__.4
                0x10004b3c        0xf CMakeFiles/vga.dir/D_/VSRM/sdk/pico/pico-sdk/src/rp2_common/hardware_irq/irq.c.obj
 *fill*         0x10004b4b        0x1 
 .rodata.__func__.5
                0x10004b4c       0x17 CMakeFiles/vga.dir/D_/VSRM/sdk/pico/pico-sdk/src/rp2_common/hardware_irq/irq.c.obj
 *fill*         0x10004b63        0x1 
 .rodata.__func__.6
                0x10004b64       0x1a CMakeFiles/vga.dir/D_/VSRM/sdk/pico/pico-sdk/src/rp2_common/hardware_irq/irq.c.obj
 *fill*         0x10004b7e        0x2 
 .rodata.str1.4
                0x10004b80       0xe9 CMakeFiles/vga.dir/D_/VSRM/sdk/pico/pico-sdk/src/common/pico_sync/mutex.c.obj
 *fill*         0x10004c69        0x3 
 .rodata.__func__.1
                0x10004c6c        0xb CMakeFiles/vga.dir/D_/VSRM/sdk/pico/pico-sdk/src/common/pico_sync/mutex.c.obj
 *fill*         0x10004c77        0x1 
 .rodata.__func__.3
                0x10004c78       0x18 CMakeFiles/vga.dir/D_/VSRM/sdk/pico/pico-sdk/src/common/pico_sync/mutex.c.obj
 .rodata.repeating_timer_callback.str1.4
                0x10004c90       0x4a CMakeFiles/vga.dir/D_/VSRM/sdk/pico/pico-sdk/src/common/pico_time/time.c.obj
 *fill*         0x10004cda        0x2 
 .rodata.timer_pool_entry_comparator.str1.4
                0x10004cdc       0x22 CMakeFiles/vga.dir/D_/VSRM/sdk/pico/pico-sdk/src/common/pico_time/time.c.obj
 *fill*         0x10004cfe        0x2 
 .rodata.ph_add_child_node.str1.4
                0x10004d00       0x8a CMakeFiles/vga.dir/D_/VSRM/sdk/pico/pico-sdk/src/common/pico_time/time.c.obj
 *fill*         0x10004d8a        0x2 
 .rodata.add_alarm_under_lock.str1.4
                0x10004d8c       0x28 CMakeFiles/vga.dir/D_/VSRM/sdk/pico/pico-sdk/src/common/pico_time/time.c.obj
 .rodata.alarm_pool_alarm_callback.str1.4
                0x10004db4       0x98 CMakeFiles/vga.dir/D_/VSRM/sdk/pico/pico-sdk/src/common/pico_time/time.c.obj
                                 0xf8 (size before relaxing)
 .rodata.alarm_pool_get_default.str1.4
                0x10004e4c       0x21 CMakeFiles/vga.dir/D_/VSRM/sdk/pico/pico-sdk/src/common/pico_time/time.c.obj
 *fill*         0x10004e6d        0x3 
 .rodata.alarm_pool_cancel_alarm.str1.4
                0x10004e70       0x27 CMakeFiles/vga.dir/D_/VSRM/sdk/pico/pico-sdk/src/common/pico_time/time.c.obj
 *fill*         0x10004e97        0x1 
 .rodata.__func__.1
                0x10004e98       0x18 CMakeFiles/vga.dir/D_/VSRM/sdk/pico/pico-sdk/src/common/pico_time/time.c.obj
 .rodata.__func__.10
                0x10004eb0       0x15 CMakeFiles/vga.dir/D_/VSRM/sdk/pico/pico-sdk/src/common/pico_time/time.c.obj
 *fill*         0x10004ec5        0x3 
 .rodata.__func__.11
                0x10004ec8       0x1a CMakeFiles/vga.dir/D_/VSRM/sdk/pico/pico-sdk/src/common/pico_time/time.c.obj
 *fill*         0x10004ee2        0x2 
 .rodata.__func__.12
                0x10004ee4        0xa CMakeFiles/vga.dir/D_/VSRM/sdk/pico/pico-sdk/src/common/pico_time/time.c.obj
 *fill*         0x10004eee        0x2 
 .rodata.__func__.3
                0x10004ef0       0x17 CMakeFiles/vga.dir/D_/VSRM/sdk/pico/pico-sdk/src/common/pico_time/time.c.obj
 *fill*         0x10004f07        0x1 
 .rodata.__func__.4
                0x10004f08       0x12 CMakeFiles/vga.dir/D_/VSRM/sdk/pico/pico-sdk/src/common/pico_time/time.c.obj
 *fill*         0x10004f1a        0x2 
 .rodata.__func__.5
                0x10004f1c        0xd CMakeFiles/vga.dir/D_/VSRM/sdk/pico/pico-sdk/src/common/pico_time/time.c.obj
 *fill*         0x10004f29        0x3 
 .rodata.__func__.6
                0x10004f2c       0x12 CMakeFiles/vga.dir/D_/VSRM/sdk/pico/pico-sdk/src/common/pico_time/time.c.obj
 *fill*         0x10004f3e        0x2 
 .rodata.__func__.8
                0x10004f40        0xc CMakeFiles/vga.dir/D_/VSRM/sdk/pico/pico-sdk/src/common/pico_time/time.c.obj
 .rodata.__func__.9
                0x10004f4c       0x15 CMakeFiles/vga.dir/D_/VSRM/sdk/pico/pico-sdk/src/common/pico_time/time.c.obj
 *fill*         0x10004f61        0x3 
 .rodata.hardware_alarm_claim.str1.4
                0x10004f64       0x22 CMakeFiles/vga.dir/D_/VSRM/sdk/pico/pico-sdk/src/rp2_common/hardware_timer/timer.c.obj
 *fill*         0x10004f86        0x2 
 .rodata.hardware_alarm_set_target.str1.4
                0x10004f88       0x64 CMakeFiles/vga.dir/D_/VSRM/sdk/pico/pico-sdk/src/rp2_common/hardware_timer/timer.c.obj
 .rodata.__func__.0
                0x10004fec       0x1a CMakeFiles/vga.dir/D_/VSRM/sdk/pico/pico-sdk/src/rp2_common/hardware_timer/timer.c.obj
 .rodata.ph_add_child_node.str1.4
                0x10005006       0x8a CMakeFiles/vga.dir/D_/VSRM/sdk/pico/pico-sdk/src/common/pico_util/pheap.c.obj
 *fill*         0x10005006        0x2 
 .rodata.ph_remove_any_head.str1.4
                0x10005008       0x8c CMakeFiles/vga.dir/D_/VSRM/sdk/pico/pico-sdk/src/common/pico_util/pheap.c.obj
                                 0xa0 (size before relaxing)
 .rodata.ph_remove_and_free_node.str1.4
                0x10005094       0x1e CMakeFiles/vga.dir/D_/VSRM/sdk/pico/pico-sdk/src/common/pico_util/pheap.c.obj
                                 0x26 (size before relaxing)
 *fill*         0x100050b2        0x2 
 .rodata.__func__.0
                0x100050b4       0x18 CMakeFiles/vga.dir/D_/VSRM/sdk/pico/pico-sdk/src/common/pico_util/pheap.c.obj
 .rodata.__func__.1
                0x100050cc       0x13 CMakeFiles/vga.dir/D_/VSRM/sdk/pico/pico-sdk/src/common/pico_util/pheap.c.obj
 *fill*         0x100050df        0x1 
 .rodata.__func__.2
                0x100050e0       0x12 CMakeFiles/vga.dir/D_/VSRM/sdk/pico/pico-sdk/src/common/pico_util/pheap.c.obj
 *fill*         0x100050f2        0x2 
 .rodata.__func__.3
                0x100050f4        0xc CMakeFiles/vga.dir/D_/VSRM/sdk/pico/pico-sdk/src/common/pico_util/pheap.c.obj
 .rodata.clock_configure.str1.4
                0x10005100       0x56 CMakeFiles/vga.dir/D_/VSRM/sdk/pico/pico-sdk/src/rp2_common/hardware_clocks/clocks.c.obj
 *fill*         0x10005156        0x2 
 .rodata.__func__.1
                0x10005158       0x10 CMakeFiles/vga.dir/D_/VSRM/sdk/pico/pico-sdk/src/rp2_common/hardware_clocks/clocks.c.obj
 .rodata.pll_init.str1.4
                0x10005168      0x101 CMakeFiles/vga.dir/D_/VSRM/sdk/pico/pico-sdk/src/rp2_common/hardware_pll/pll.c.obj
 *fill*         0x10005269        0x3 
 .rodata.__func__.0
                0x1000526c        0x9 CMakeFiles/vga.dir/D_/VSRM/sdk/pico/pico-sdk/src/rp2_common/hardware_pll/pll.c.obj
 *fill*         0x10005275        0x3 
 .rodata.__assert_func.str1.4
                0x10005278       0x3f CMakeFiles/vga.dir/D_/VSRM/sdk/pico/pico-sdk/src/rp2_common/pico_runtime/runtime.c.obj
                                 0x43 (size before relaxing)
 *fill*         0x100052b7        0x1 
 .rodata.runtime_init.str1.4
                0x100052b8       0x60 CMakeFiles/vga.dir/D_/VSRM/sdk/pico/pico-sdk/src/rp2_common/pico_runtime/runtime.c.obj
 .rodata.panic.str1.4
                0x10005318       0x12 CMakeFiles/vga.dir/D_/VSRM/sdk/pico/pico-sdk/src/rp2_common/pico_runtime/runtime.c.obj
 *fill*         0x1000532a        0x2 
 .rodata.__func__.2
                0x1000532c        0xd CMakeFiles/vga.dir/D_/VSRM/sdk/pico/pico-sdk/src/rp2_common/pico_runtime/runtime.c.obj
 *fill*         0x10005339        0x3 
 .rodata._ftoa.str1.4
                0x1000533c       0x15 CMakeFiles/vga.dir/D_/VSRM/sdk/pico/pico-sdk/src/rp2_common/pico_printf/printf.c.obj
 *fill*         0x10005351        0x3 
 .rodata._vsnprintf
                0x10005354      0x1e0 CMakeFiles/vga.dir/D_/VSRM/sdk/pico/pico-sdk/src/rp2_common/pico_printf/printf.c.obj
 *fill*         0x10005534        0x4 
 .rodata.pow10.0
                0x10005538       0x50 CMakeFiles/vga.dir/D_/VSRM/sdk/pico/pico-sdk/src/rp2_common/pico_printf/printf.c.obj
 .rodata.__aeabi_double_init.str1.4
                0x10005588       0xa7 CMakeFiles/vga.dir/D_/VSRM/sdk/pico/pico-sdk/src/rp2_common/pico_double/double_init_rom.c.obj
 *fill*         0x1000562f        0x1 
 .rodata.__func__.0
                0x10005630       0x14 CMakeFiles/vga.dir/D_/VSRM/sdk/pico/pico-sdk/src/rp2_common/pico_double/double_init_rom.c.obj
 .rodata.__aeabi_float_init.str1.4
                0x10005644       0x79 CMakeFiles/vga.dir/D_/VSRM/sdk/pico/pico-sdk/src/rp2_common/pico_float/float_init_rom.c.obj
                                 0x7d (size before relaxing)
 *fill*         0x100056bd        0x3 
 .rodata.__func__.0
                0x100056c0       0x13 CMakeFiles/vga.dir/D_/VSRM/sdk/pico/pico-sdk/src/rp2_common/pico_float/float_init_rom.c.obj
 *fill*         0x100056d3        0x1 
 .rodata.str1.4
                0x100056d4       0x74 CMakeFiles/vga.dir/D_/VSRM/sdk/pico/pico-sdk/src/rp2_common/pico_standard_link/binary_info.c.obj
 .rodata.__bi_44
                0x10005748        0xc CMakeFiles/vga.dir/D_/VSRM/sdk/pico/pico-sdk/src/rp2_common/pico_standard_link/binary_info.c.obj
 .rodata.__bi_69
                0x10005754        0xc CMakeFiles/vga.dir/D_/VSRM/sdk/pico/pico-sdk/src/rp2_common/pico_standard_link/binary_info.c.obj
 .rodata.__bi_75
                0x10005760        0xc CMakeFiles/vga.dir/D_/VSRM/sdk/pico/pico-sdk/src/rp2_common/pico_standard_link/binary_info.c.obj
 .rodata.__bi_81
                0x1000576c        0xc CMakeFiles/vga.dir/D_/VSRM/sdk/pico/pico-sdk/src/rp2_common/pico_standard_link/binary_info.c.obj
 .rodata.stdout_serialize_begin.str1.4
                0x10005778       0x60 CMakeFiles/vga.dir/D_/VSRM/sdk/pico/pico-sdk/src/rp2_common/pico_stdio/stdio.c.obj
 .rodata.__func__.3
                0x10005778       0x15 CMakeFiles/vga.dir/D_/VSRM/sdk/pico/pico-sdk/src/rp2_common/pico_stdio/stdio.c.obj
 *fill*         0x1000578d        0x3 
 .rodata.crlf_str.2
                0x10005790        0x2 CMakeFiles/vga.dir/D_/VSRM/sdk/pico/pico-sdk/src/rp2_common/pico_stdio/stdio.c.obj
                0x10005794                . = ALIGN (0x4)
 *fill*         0x10005792        0x2 
 *(SORT_BY_ALIGNMENT(SORT_BY_NAME(.flashdata*)))
                0x10005794                . = ALIGN (0x4)

.rel.dyn        0x10005794        0x0
 .rel.iplt      0x10005794        0x0 d:/vsrm/armcc/10_2021_10/bin/../lib/gcc/arm-none-eabi/10.3.1/thumb/v6-m/nofp/crtbegin.o

.ARM.extab
 *(.ARM.extab* .gnu.linkonce.armextab.*)
                0x10005794                __exidx_start = .

.ARM.exidx
 *(.ARM.exidx* .gnu.linkonce.armexidx.*)
                0x10005794                __exidx_end = .
                0x10005794                . = ALIGN (0x4)
                0x10005794                __binary_info_start = .

.binary_info    0x10005794       0x20
 *(.binary_info.keep.*)
 .binary_info.keep.__bi_ptr22
                0x10005794        0x4 CMakeFiles/vga.dir/D_/VSRM/sdk/pico/pico-sdk/src/rp2_common/pico_standard_link/binary_info.c.obj
 .binary_info.keep.__bi_ptr30
                0x10005798        0x4 CMakeFiles/vga.dir/D_/VSRM/sdk/pico/pico-sdk/src/rp2_common/pico_standard_link/binary_info.c.obj
 .binary_info.keep.__bi_ptr38
                0x1000579c        0x4 CMakeFiles/vga.dir/D_/VSRM/sdk/pico/pico-sdk/src/rp2_common/pico_standard_link/binary_info.c.obj
 .binary_info.keep.__bi_ptr44
                0x100057a0        0x4 CMakeFiles/vga.dir/D_/VSRM/sdk/pico/pico-sdk/src/rp2_common/pico_standard_link/binary_info.c.obj
 .binary_info.keep.__bi_ptr50
                0x100057a4        0x4 CMakeFiles/vga.dir/D_/VSRM/sdk/pico/pico-sdk/src/rp2_common/pico_standard_link/binary_info.c.obj
 .binary_info.keep.__bi_ptr69
                0x100057a8        0x4 CMakeFiles/vga.dir/D_/VSRM/sdk/pico/pico-sdk/src/rp2_common/pico_standard_link/binary_info.c.obj
 .binary_info.keep.__bi_ptr75
                0x100057ac        0x4 CMakeFiles/vga.dir/D_/VSRM/sdk/pico/pico-sdk/src/rp2_common/pico_standard_link/binary_info.c.obj
 .binary_info.keep.__bi_ptr81
                0x100057b0        0x4 CMakeFiles/vga.dir/D_/VSRM/sdk/pico/pico-sdk/src/rp2_common/pico_standard_link/binary_info.c.obj
 *(.binary_info.*)
                0x100057b4                __binary_info_end = .
                0x100057b4                . = ALIGN (0x4)
                0x100057b4                __etext = .

.ram_vector_table
                0x20000000       0xc0
 *(.ram_vector_table)
 .ram_vector_table
                0x20000000       0xc0 CMakeFiles/vga.dir/D_/VSRM/sdk/pico/pico-sdk/src/rp2_common/pico_runtime/runtime.c.obj
                0x20000000                ram_vector_table

.data           0x200000c0      0x25c load address 0x100057b4
                0x200000c0                __data_start__ = .
 *(vtable)
 *(.time_critical*)
 .time_critical.mutex_try_enter
                0x200000c0       0x44 CMakeFiles/vga.dir/D_/VSRM/sdk/pico/pico-sdk/src/common/pico_sync/mutex.c.obj
                0x200000c0                mutex_try_enter
 .time_critical.mutex_enter_block_until
                0x20000104       0x90 CMakeFiles/vga.dir/D_/VSRM/sdk/pico/pico-sdk/src/common/pico_sync/mutex.c.obj
                0x20000104                mutex_enter_block_until
 .time_critical.mutex_try_enter_block_until
                0x20000194       0x34 CMakeFiles/vga.dir/D_/VSRM/sdk/pico/pico-sdk/src/common/pico_sync/mutex.c.obj
                0x20000194                mutex_try_enter_block_until
 .time_critical.mutex_exit
                0x200001c8       0x48 CMakeFiles/vga.dir/D_/VSRM/sdk/pico/pico-sdk/src/common/pico_sync/mutex.c.obj
                0x200001c8                mutex_exit
 *(.text*)
 .text          0x20000210        0x4 d:/vsrm/armcc/10_2021_10/bin/../lib/gcc/arm-none-eabi/10.3.1/thumb/v6-m/nofp\libgcc.a(_dvmd_tls.o)
                0x20000210                __aeabi_idiv0
                0x20000210                __aeabi_ldiv0
 *fill*         0x20000214        0x4 
 .text.__stub   0x20000218       0x20 linker stubs
                0x20000238                . = ALIGN (0x4)
 *(.rodata*)
                0x20000238                . = ALIGN (0x4)
 *(.data*)
 .data.COLOR_BITMASKS
                0x20000238        0xc CMakeFiles/vga.dir/vga.c.obj
                0x20000238                COLOR_BITMASKS
 .data.bits     0x20000244       0x20 CMakeFiles/vga.dir/vga.c.obj
                0x20000244                bits
 .data.chess    0x20000264        0x8 CMakeFiles/vga.dir/vga.c.obj
                0x20000264                chess
 .data.striped_spin_lock_num
                0x2000026c        0x1 CMakeFiles/vga.dir/D_/VSRM/sdk/pico/pico-sdk/src/rp2_common/hardware_sync/sync.c.obj
 *fill*         0x2000026d        0x3 
 .data          0x20000270       0x48 CMakeFiles/vga.dir/D_/VSRM/sdk/pico/pico-sdk/src/rp2_common/hardware_irq/irq_handler_chain.S.obj
                0x20000270                irq_handler_chain_slots
                0x200002a0                irq_handler_chain_first_slot
                0x200002aa                irq_handler_chain_remove_tail
 .data.default_alarm_pool
                0x200002b8       0x18 CMakeFiles/vga.dir/D_/VSRM/sdk/pico/pico-sdk/src/common/pico_time/time.c.obj
 .data.default_alarm_pool_heap
                0x200002d0       0x10 CMakeFiles/vga.dir/D_/VSRM/sdk/pico/pico-sdk/src/common/pico_time/time.c.obj
 *fill*         0x200002e0        0x0 
 .data.aeabi_bits_funcs
                0x200002e0       0x10 CMakeFiles/vga.dir/D_/VSRM/sdk/pico/pico-sdk/src/rp2_common/pico_bit_ops/bit_ops_aeabi.S.obj
                0x200002e0                aeabi_bits_funcs
                0x200002f0                aeabi_bits_funcs_end
 .data.aeabi_mem_funcs
                0x200002f0       0x10 CMakeFiles/vga.dir/D_/VSRM/sdk/pico/pico-sdk/src/rp2_common/pico_mem_ops/mem_ops_aeabi.S.obj
                0x200002f0                aeabi_mem_funcs
                0x20000300                aeabi_mem_funcs_end
                0x20000300                . = ALIGN (0x4)
 *(.after_data.*)
                0x20000300                . = ALIGN (0x4)
                0x20000300                PROVIDE (__mutex_array_start = .)
 *(SORT_BY_NAME(.mutex_array.*))
 *(.mutex_array)
 .mutex_array   0x20000300        0x8 CMakeFiles/vga.dir/D_/VSRM/sdk/pico/pico-sdk/src/rp2_common/pico_stdio/stdio.c.obj
                0x20000308                PROVIDE (__mutex_array_end = .)
                0x20000308                . = ALIGN (0x4)
                0x20000308                PROVIDE (__preinit_array_start = .)
 *(SORT_BY_NAME(.preinit_array.*))
 .preinit_array.00001
                0x20000308        0x4 CMakeFiles/vga.dir/D_/VSRM/sdk/pico/pico-sdk/src/rp2_common/pico_mem_ops/mem_ops_aeabi.S.obj
 .preinit_array.00010
                0x2000030c        0x4 CMakeFiles/vga.dir/D_/VSRM/sdk/pico/pico-sdk/src/rp2_common/pico_bit_ops/bit_ops_aeabi.S.obj
 .preinit_array.00020
                0x20000310        0x4 CMakeFiles/vga.dir/D_/VSRM/sdk/pico/pico-sdk/src/rp2_common/pico_double/double_aeabi.S.obj
 .preinit_array.00020
                0x20000314        0x4 CMakeFiles/vga.dir/D_/VSRM/sdk/pico/pico-sdk/src/rp2_common/pico_float/float_aeabi.S.obj
 *(.preinit_array)
                0x20000318                PROVIDE (__preinit_array_end = .)
                0x20000318                . = ALIGN (0x4)
                0x20000318                PROVIDE (__init_array_start = .)
 *(SORT_BY_NAME(.init_array.*))
 *(.init_array)
 .init_array    0x20000318        0x4 d:/vsrm/armcc/10_2021_10/bin/../lib/gcc/arm-none-eabi/10.3.1/thumb/v6-m/nofp/crtbegin.o
                0x2000031c                PROVIDE (__init_array_end = .)
                0x2000031c                . = ALIGN (0x4)
                [!provide]                PROVIDE (__fini_array_start = .)
 *(SORT_BY_NAME(.fini_array.*))
 *(.fini_array)
                [!provide]                PROVIDE (__fini_array_end = .)
 *(.jcr)
                0x2000031c                . = ALIGN (0x4)
                0x2000031c                __data_end__ = .

.igot.plt       0x2000031c        0x0 load address 0x10005a10
 .igot.plt      0x2000031c        0x0 d:/vsrm/armcc/10_2021_10/bin/../lib/gcc/arm-none-eabi/10.3.1/thumb/v6-m/nofp/crtbegin.o

.uninitialized_data
                0x2000031c        0x0 load address 0x10005a10
                0x2000031c                . = ALIGN (0x4)
 *(.uninitialized_data*)

.scratch_x      0x20040000        0x0 load address 0x10005a10
                0x20040000                __scratch_x_start__ = .
 *(.scratch_x.*)
                0x20040000                . = ALIGN (0x4)
                0x20040000                __scratch_x_end__ = .
                0x10005a10                __scratch_x_source__ = LOADADDR (.scratch_x)

.scratch_y      0x20041000        0x0 load address 0x10005a10
                0x20041000                __scratch_y_start__ = .
 *(.scratch_y.*)
                0x20041000                . = ALIGN (0x4)
                0x20041000                __scratch_y_end__ = .
                0x10005a10                __scratch_y_source__ = LOADADDR (.scratch_y)

.bss            0x20000320      0x410
                0x20000320                . = ALIGN (0x4)
                0x20000320                __bss_start__ = .
 *(SORT_BY_ALIGNMENT(SORT_BY_NAME(.bss*)))
 .bss.default_alarm_pool_entries
                0x20000320      0x100 CMakeFiles/vga.dir/D_/VSRM/sdk/pico/pico-sdk/src/common/pico_time/time.c.obj
 .bss           0x20000420       0x1c d:/vsrm/armcc/10_2021_10/bin/../lib/gcc/arm-none-eabi/10.3.1/thumb/v6-m/nofp/crtbegin.o
 .bss.alarm_callbacks
                0x2000043c       0x10 CMakeFiles/vga.dir/D_/VSRM/sdk/pico/pico-sdk/src/rp2_common/hardware_timer/timer.c.obj
 .bss.callbacks
                0x2000044c        0x8 CMakeFiles/vga.dir/D_/VSRM/sdk/pico/pico-sdk/src/rp2_common/hardware_gpio/gpio.c.obj
 .bss.configured_freq
                0x20000454       0x28 CMakeFiles/vga.dir/D_/VSRM/sdk/pico/pico-sdk/src/rp2_common/hardware_clocks/clocks.c.obj
 .bss.default_alarm_pool_entry_ids_high
                0x2000047c       0x10 CMakeFiles/vga.dir/D_/VSRM/sdk/pico/pico-sdk/src/common/pico_time/time.c.obj
 .bss.default_alarm_pool_heap_nodes
                0x2000048c       0x30 CMakeFiles/vga.dir/D_/VSRM/sdk/pico/pico-sdk/src/common/pico_time/time.c.obj
 .bss.drivers   0x200004bc        0x4 CMakeFiles/vga.dir/D_/VSRM/sdk/pico/pico-sdk/src/rp2_common/pico_stdio/stdio.c.obj
 .bss.filter    0x200004c0        0x4 CMakeFiles/vga.dir/D_/VSRM/sdk/pico/pico-sdk/src/rp2_common/pico_stdio/stdio.c.obj
 .bss.hsync_config.0
                0x200004c4        0xc CMakeFiles/vga.dir/vga_sync.c.obj
 .bss.pools     0x200004d0       0x10 CMakeFiles/vga.dir/D_/VSRM/sdk/pico/pico-sdk/src/common/pico_time/time.c.obj
 .bss.raw_irq_mask
                0x200004e0        0x8 CMakeFiles/vga.dir/D_/VSRM/sdk/pico/pico-sdk/src/rp2_common/hardware_gpio/gpio.c.obj
 .bss.sd_table  0x200004e8      0x100 CMakeFiles/vga.dir/D_/VSRM/sdk/pico/pico-sdk/src/rp2_common/pico_double/double_init_rom.c.obj
                0x200004e8                sd_table
 .bss.sf_clz_func
                0x200005e8        0x4 CMakeFiles/vga.dir/D_/VSRM/sdk/pico/pico-sdk/src/rp2_common/pico_double/double_init_rom.c.obj
                0x200005e8                sf_clz_func
 .bss.sf_table  0x200005ec      0x100 CMakeFiles/vga.dir/D_/VSRM/sdk/pico/pico-sdk/src/rp2_common/pico_float/float_init_rom.c.obj
                0x200005ec                sf_table
 .bss.sleep_notifier
                0x200006ec        0x4 CMakeFiles/vga.dir/D_/VSRM/sdk/pico/pico-sdk/src/common/pico_time/time.c.obj
 .bss.target_hi
                0x200006f0       0x10 CMakeFiles/vga.dir/D_/VSRM/sdk/pico/pico-sdk/src/rp2_common/hardware_timer/timer.c.obj
 .bss.temp      0x20000700        0x4 CMakeFiles/vga.dir/vga.c.obj
                0x20000700                temp
 .bss.vga       0x20000704       0x24 CMakeFiles/vga.dir/vga.c.obj
                0x20000704                vga
 .bss.slice_num_hsync
                0x20000728        0x2 CMakeFiles/vga.dir/vga_sync.c.obj
 .bss.claimed   0x2000072a        0x1 CMakeFiles/vga.dir/D_/VSRM/sdk/pico/pico-sdk/src/rp2_common/hardware_timer/timer.c.obj
 .bss.irq_hander_chain_free_slot_head
                0x2000072b        0x1 CMakeFiles/vga.dir/D_/VSRM/sdk/pico/pico-sdk/src/rp2_common/hardware_irq/irq.c.obj
 .bss.timer_callbacks_pending
                0x2000072c        0x1 CMakeFiles/vga.dir/D_/VSRM/sdk/pico/pico-sdk/src/rp2_common/hardware_timer/timer.c.obj
 *(COMMON)
                0x20000730                . = ALIGN (0x4)
 *fill*         0x2000072d        0x3 
                0x20000730                __bss_end__ = .

.heap           0x20000730      0x800
                0x20000730                __end__ = .
                0x20000730                end = __end__
 *(.heap*)
 .heap          0x20000730      0x800 CMakeFiles/vga.dir/D_/VSRM/sdk/pico/pico-sdk/src/rp2_common/pico_standard_link/crt0.S.obj
                0x20000f30                __HeapLimit = .

.stack1_dummy   0x20040000        0x0
 *(.stack1*)

.stack_dummy    0x20041000      0x800
 *(.stack*)
 .stack         0x20041000      0x800 CMakeFiles/vga.dir/D_/VSRM/sdk/pico/pico-sdk/src/rp2_common/pico_standard_link/crt0.S.obj

.flash_end      0x10005a10        0x0
                0x10005a10                __flash_binary_end = .
                0x20040000                __StackLimit = (ORIGIN (RAM) + LENGTH (RAM))
                0x20041000                __StackOneTop = (ORIGIN (SCRATCH_X) + LENGTH (SCRATCH_X))
                0x20042000                __StackTop = (ORIGIN (SCRATCH_Y) + LENGTH (SCRATCH_Y))
                0x20041000                __StackOneBottom = (__StackOneTop - SIZEOF (.stack1_dummy))
                0x20041800                __StackBottom = (__StackTop - SIZEOF (.stack_dummy))
                0x20042000                PROVIDE (__stack = __StackTop)
                0x00000001                ASSERT ((__StackLimit >= __HeapLimit), region RAM overflowed)
                0x00000001                ASSERT (((__binary_info_header_end - __logical_binary_start) <= 0x100), Binary info must be in first 256 bytes of the binary)
LOAD CMakeFiles/vga.dir/vga.c.obj
LOAD CMakeFiles/vga.dir/vga_button.c.obj
LOAD CMakeFiles/vga.dir/vga_uart.c.obj
LOAD CMakeFiles/vga.dir/vga_sync.c.obj
LOAD CMakeFiles/vga.dir/vga_pixel.c.obj
LOAD CMakeFiles/vga.dir/D_/VSRM/sdk/pico/pico-sdk/src/rp2_common/pico_stdlib/stdlib.c.obj
LOAD CMakeFiles/vga.dir/D_/VSRM/sdk/pico/pico-sdk/src/rp2_common/hardware_gpio/gpio.c.obj
LOAD CMakeFiles/vga.dir/D_/VSRM/sdk/pico/pico-sdk/src/rp2_common/pico_platform/platform.c.obj
LOAD CMakeFiles/vga.dir/D_/VSRM/sdk/pico/pico-sdk/src/rp2_common/hardware_claim/claim.c.obj
LOAD CMakeFiles/vga.dir/D_/VSRM/sdk/pico/pico-sdk/src/rp2_common/hardware_sync/sync.c.obj
LOAD CMakeFiles/vga.dir/D_/VSRM/sdk/pico/pico-sdk/src/rp2_common/hardware_irq/irq.c.obj
LOAD CMakeFiles/vga.dir/D_/VSRM/sdk/pico/pico-sdk/src/rp2_common/hardware_irq/irq_handler_chain.S.obj
LOAD CMakeFiles/vga.dir/D_/VSRM/sdk/pico/pico-sdk/src/common/pico_sync/sem.c.obj
LOAD CMakeFiles/vga.dir/D_/VSRM/sdk/pico/pico-sdk/src/common/pico_sync/lock_core.c.obj
LOAD CMakeFiles/vga.dir/D_/VSRM/sdk/pico/pico-sdk/src/common/pico_sync/mutex.c.obj
LOAD CMakeFiles/vga.dir/D_/VSRM/sdk/pico/pico-sdk/src/common/pico_sync/critical_section.c.obj
LOAD CMakeFiles/vga.dir/D_/VSRM/sdk/pico/pico-sdk/src/common/pico_time/time.c.obj
LOAD CMakeFiles/vga.dir/D_/VSRM/sdk/pico/pico-sdk/src/common/pico_time/timeout_helper.c.obj
LOAD CMakeFiles/vga.dir/D_/VSRM/sdk/pico/pico-sdk/src/rp2_common/hardware_timer/timer.c.obj
LOAD CMakeFiles/vga.dir/D_/VSRM/sdk/pico/pico-sdk/src/common/pico_util/datetime.c.obj
LOAD CMakeFiles/vga.dir/D_/VSRM/sdk/pico/pico-sdk/src/common/pico_util/pheap.c.obj
LOAD CMakeFiles/vga.dir/D_/VSRM/sdk/pico/pico-sdk/src/common/pico_util/queue.c.obj
LOAD CMakeFiles/vga.dir/D_/VSRM/sdk/pico/pico-sdk/src/rp2_common/hardware_uart/uart.c.obj
LOAD CMakeFiles/vga.dir/D_/VSRM/sdk/pico/pico-sdk/src/rp2_common/hardware_clocks/clocks.c.obj
LOAD CMakeFiles/vga.dir/D_/VSRM/sdk/pico/pico-sdk/src/rp2_common/hardware_pll/pll.c.obj
LOAD CMakeFiles/vga.dir/D_/VSRM/sdk/pico/pico-sdk/src/rp2_common/hardware_vreg/vreg.c.obj
LOAD CMakeFiles/vga.dir/D_/VSRM/sdk/pico/pico-sdk/src/rp2_common/hardware_watchdog/watchdog.c.obj
LOAD CMakeFiles/vga.dir/D_/VSRM/sdk/pico/pico-sdk/src/rp2_common/hardware_xosc/xosc.c.obj
LOAD CMakeFiles/vga.dir/D_/VSRM/sdk/pico/pico-sdk/src/rp2_common/hardware_divider/divider.S.obj
LOAD CMakeFiles/vga.dir/D_/VSRM/sdk/pico/pico-sdk/src/rp2_common/pico_runtime/runtime.c.obj
LOAD CMakeFiles/vga.dir/D_/VSRM/sdk/pico/pico-sdk/src/rp2_common/pico_printf/printf.c.obj
LOAD CMakeFiles/vga.dir/D_/VSRM/sdk/pico/pico-sdk/src/rp2_common/pico_bit_ops/bit_ops_aeabi.S.obj
LOAD CMakeFiles/vga.dir/D_/VSRM/sdk/pico/pico-sdk/src/rp2_common/pico_bootrom/bootrom.c.obj
LOAD CMakeFiles/vga.dir/D_/VSRM/sdk/pico/pico-sdk/src/rp2_common/pico_divider/divider.S.obj
LOAD CMakeFiles/vga.dir/D_/VSRM/sdk/pico/pico-sdk/src/rp2_common/pico_double/double_aeabi.S.obj
LOAD CMakeFiles/vga.dir/D_/VSRM/sdk/pico/pico-sdk/src/rp2_common/pico_double/double_init_rom.c.obj
LOAD CMakeFiles/vga.dir/D_/VSRM/sdk/pico/pico-sdk/src/rp2_common/pico_double/double_math.c.obj
LOAD CMakeFiles/vga.dir/D_/VSRM/sdk/pico/pico-sdk/src/rp2_common/pico_double/double_v1_rom_shim.S.obj
LOAD CMakeFiles/vga.dir/D_/VSRM/sdk/pico/pico-sdk/src/rp2_common/pico_int64_ops/pico_int64_ops_aeabi.S.obj
LOAD CMakeFiles/vga.dir/D_/VSRM/sdk/pico/pico-sdk/src/rp2_common/pico_float/float_aeabi.S.obj
LOAD CMakeFiles/vga.dir/D_/VSRM/sdk/pico/pico-sdk/src/rp2_common/pico_float/float_init_rom.c.obj
LOAD CMakeFiles/vga.dir/D_/VSRM/sdk/pico/pico-sdk/src/rp2_common/pico_float/float_math.c.obj
LOAD CMakeFiles/vga.dir/D_/VSRM/sdk/pico/pico-sdk/src/rp2_common/pico_float/float_v1_rom_shim.S.obj
LOAD CMakeFiles/vga.dir/D_/VSRM/sdk/pico/pico-sdk/src/rp2_common/pico_malloc/pico_malloc.c.obj
LOAD CMakeFiles/vga.dir/D_/VSRM/sdk/pico/pico-sdk/src/rp2_common/pico_mem_ops/mem_ops_aeabi.S.obj
LOAD CMakeFiles/vga.dir/D_/VSRM/sdk/pico/pico-sdk/src/rp2_common/pico_standard_link/crt0.S.obj
LOAD CMakeFiles/vga.dir/D_/VSRM/sdk/pico/pico-sdk/src/rp2_common/pico_standard_link/new_delete.cpp.obj
LOAD CMakeFiles/vga.dir/D_/VSRM/sdk/pico/pico-sdk/src/rp2_common/pico_standard_link/binary_info.c.obj
LOAD CMakeFiles/vga.dir/D_/VSRM/sdk/pico/pico-sdk/src/rp2_common/pico_stdio/stdio.c.obj
LOAD CMakeFiles/vga.dir/D_/VSRM/sdk/pico/pico-sdk/src/rp2_common/pico_stdio_uart/stdio_uart.c.obj
LOAD CMakeFiles/vga.dir/D_/VSRM/sdk/pico/pico-sdk/src/rp2_common/hardware_dma/dma.c.obj
LOAD C:\Users\Sidney\AppData\Local\Temp\ccWNdi3Q.o
LOAD d:/vsrm/armcc/10_2021_10/bin/../lib/gcc/arm-none-eabi/10.3.1/../../../../arm-none-eabi/lib/thumb/v6-m/nofp\libstdc++.a
LOAD d:/vsrm/armcc/10_2021_10/bin/../lib/gcc/arm-none-eabi/10.3.1/../../../../arm-none-eabi/lib/thumb/v6-m/nofp\libm.a
START GROUP
LOAD d:/vsrm/armcc/10_2021_10/bin/../lib/gcc/arm-none-eabi/10.3.1/thumb/v6-m/nofp\libgcc.a
LOAD d:/vsrm/armcc/10_2021_10/bin/../lib/gcc/arm-none-eabi/10.3.1/../../../../arm-none-eabi/lib/thumb/v6-m/nofp\libg.a
LOAD d:/vsrm/armcc/10_2021_10/bin/../lib/gcc/arm-none-eabi/10.3.1/../../../../arm-none-eabi/lib/thumb/v6-m/nofp\libc.a
END GROUP
START GROUP
LOAD d:/vsrm/armcc/10_2021_10/bin/../lib/gcc/arm-none-eabi/10.3.1/thumb/v6-m/nofp\libgcc.a
LOAD d:/vsrm/armcc/10_2021_10/bin/../lib/gcc/arm-none-eabi/10.3.1/../../../../arm-none-eabi/lib/thumb/v6-m/nofp\libc.a
LOAD d:/vsrm/armcc/10_2021_10/bin/../lib/gcc/arm-none-eabi/10.3.1/../../../../arm-none-eabi/lib/thumb/v6-m/nofp\libnosys.a
END GROUP
LOAD d:/vsrm/armcc/10_2021_10/bin/../lib/gcc/arm-none-eabi/10.3.1/thumb/v6-m/nofp/crtend.o
LOAD d:/vsrm/armcc/10_2021_10/bin/../lib/gcc/arm-none-eabi/10.3.1/thumb/v6-m/nofp/crtn.o
OUTPUT(vga.elf elf32-littlearm)
LOAD linker stubs

.ARM.attributes
                0x00000000       0x28
 .ARM.attributes
                0x00000000       0x1e d:/vsrm/armcc/10_2021_10/bin/../lib/gcc/arm-none-eabi/10.3.1/thumb/v6-m/nofp/crti.o
 .ARM.attributes
                0x0000001e       0x2c d:/vsrm/armcc/10_2021_10/bin/../lib/gcc/arm-none-eabi/10.3.1/thumb/v6-m/nofp/crtbegin.o
 .ARM.attributes
                0x0000004a       0x2c CMakeFiles/vga.dir/vga.c.obj
 .ARM.attributes
                0x00000076       0x2c CMakeFiles/vga.dir/vga_button.c.obj
 .ARM.attributes
                0x000000a2       0x2c CMakeFiles/vga.dir/vga_sync.c.obj
 .ARM.attributes
                0x000000ce       0x2c CMakeFiles/vga.dir/vga_pixel.c.obj
 .ARM.attributes
                0x000000fa       0x2c CMakeFiles/vga.dir/D_/VSRM/sdk/pico/pico-sdk/src/rp2_common/hardware_gpio/gpio.c.obj
 .ARM.attributes
                0x00000126       0x2c CMakeFiles/vga.dir/D_/VSRM/sdk/pico/pico-sdk/src/rp2_common/pico_platform/platform.c.obj
 .ARM.attributes
                0x00000152       0x2c CMakeFiles/vga.dir/D_/VSRM/sdk/pico/pico-sdk/src/rp2_common/hardware_claim/claim.c.obj
 .ARM.attributes
                0x0000017e       0x2c CMakeFiles/vga.dir/D_/VSRM/sdk/pico/pico-sdk/src/rp2_common/hardware_sync/sync.c.obj
 .ARM.attributes
                0x000001aa       0x2c CMakeFiles/vga.dir/D_/VSRM/sdk/pico/pico-sdk/src/rp2_common/hardware_irq/irq.c.obj
 .ARM.attributes
                0x000001d6       0x22 CMakeFiles/vga.dir/D_/VSRM/sdk/pico/pico-sdk/src/rp2_common/hardware_irq/irq_handler_chain.S.obj
 .ARM.attributes
                0x000001f8       0x2c CMakeFiles/vga.dir/D_/VSRM/sdk/pico/pico-sdk/src/common/pico_sync/lock_core.c.obj
 .ARM.attributes
                0x00000224       0x2c CMakeFiles/vga.dir/D_/VSRM/sdk/pico/pico-sdk/src/common/pico_sync/mutex.c.obj
 .ARM.attributes
                0x00000250       0x2c CMakeFiles/vga.dir/D_/VSRM/sdk/pico/pico-sdk/src/common/pico_time/time.c.obj
 .ARM.attributes
                0x0000027c       0x2c CMakeFiles/vga.dir/D_/VSRM/sdk/pico/pico-sdk/src/rp2_common/hardware_timer/timer.c.obj
 .ARM.attributes
                0x000002a8       0x2c CMakeFiles/vga.dir/D_/VSRM/sdk/pico/pico-sdk/src/common/pico_util/pheap.c.obj
 .ARM.attributes
                0x000002d4       0x2c CMakeFiles/vga.dir/D_/VSRM/sdk/pico/pico-sdk/src/rp2_common/hardware_clocks/clocks.c.obj
 .ARM.attributes
                0x00000300       0x2c CMakeFiles/vga.dir/D_/VSRM/sdk/pico/pico-sdk/src/rp2_common/hardware_pll/pll.c.obj
 .ARM.attributes
                0x0000032c       0x2c CMakeFiles/vga.dir/D_/VSRM/sdk/pico/pico-sdk/src/rp2_common/hardware_watchdog/watchdog.c.obj
 .ARM.attributes
                0x00000358       0x2c CMakeFiles/vga.dir/D_/VSRM/sdk/pico/pico-sdk/src/rp2_common/hardware_xosc/xosc.c.obj
 .ARM.attributes
                0x00000384       0x2c CMakeFiles/vga.dir/D_/VSRM/sdk/pico/pico-sdk/src/rp2_common/pico_runtime/runtime.c.obj
 .ARM.attributes
                0x000003b0       0x2c CMakeFiles/vga.dir/D_/VSRM/sdk/pico/pico-sdk/src/rp2_common/pico_printf/printf.c.obj
 .ARM.attributes
                0x000003dc       0x22 CMakeFiles/vga.dir/D_/VSRM/sdk/pico/pico-sdk/src/rp2_common/pico_bit_ops/bit_ops_aeabi.S.obj
 .ARM.attributes
                0x000003fe       0x2c CMakeFiles/vga.dir/D_/VSRM/sdk/pico/pico-sdk/src/rp2_common/pico_bootrom/bootrom.c.obj
 .ARM.attributes
                0x0000042a       0x22 CMakeFiles/vga.dir/D_/VSRM/sdk/pico/pico-sdk/src/rp2_common/pico_divider/divider.S.obj
 .ARM.attributes
                0x0000044c       0x22 CMakeFiles/vga.dir/D_/VSRM/sdk/pico/pico-sdk/src/rp2_common/pico_double/double_aeabi.S.obj
 .ARM.attributes
                0x0000046e       0x2c CMakeFiles/vga.dir/D_/VSRM/sdk/pico/pico-sdk/src/rp2_common/pico_double/double_init_rom.c.obj
 .ARM.attributes
                0x0000049a       0x22 CMakeFiles/vga.dir/D_/VSRM/sdk/pico/pico-sdk/src/rp2_common/pico_double/double_v1_rom_shim.S.obj
 .ARM.attributes
                0x000004bc       0x22 CMakeFiles/vga.dir/D_/VSRM/sdk/pico/pico-sdk/src/rp2_common/pico_float/float_aeabi.S.obj
 .ARM.attributes
                0x000004de       0x2c CMakeFiles/vga.dir/D_/VSRM/sdk/pico/pico-sdk/src/rp2_common/pico_float/float_init_rom.c.obj
 .ARM.attributes
                0x0000050a       0x22 CMakeFiles/vga.dir/D_/VSRM/sdk/pico/pico-sdk/src/rp2_common/pico_float/float_v1_rom_shim.S.obj
 .ARM.attributes
                0x0000052c       0x22 CMakeFiles/vga.dir/D_/VSRM/sdk/pico/pico-sdk/src/rp2_common/pico_mem_ops/mem_ops_aeabi.S.obj
 .ARM.attributes
                0x0000054e       0x22 CMakeFiles/vga.dir/D_/VSRM/sdk/pico/pico-sdk/src/rp2_common/pico_standard_link/crt0.S.obj
 .ARM.attributes
                0x00000570       0x2c CMakeFiles/vga.dir/D_/VSRM/sdk/pico/pico-sdk/src/rp2_common/pico_standard_link/binary_info.c.obj
 .ARM.attributes
                0x0000059c       0x2c CMakeFiles/vga.dir/D_/VSRM/sdk/pico/pico-sdk/src/rp2_common/pico_stdio/stdio.c.obj
 .ARM.attributes
                0x000005c8       0x22 C:\Users\Sidney\AppData\Local\Temp\ccWNdi3Q.o
 .ARM.attributes
                0x000005ea       0x1e d:/vsrm/armcc/10_2021_10/bin/../lib/gcc/arm-none-eabi/10.3.1/thumb/v6-m/nofp\libgcc.a(_dvmd_tls.o)
 .ARM.attributes
                0x00000608       0x2c d:/vsrm/armcc/10_2021_10/bin/../lib/gcc/arm-none-eabi/10.3.1/../../../../arm-none-eabi/lib/thumb/v6-m/nofp\libg.a(lib_a-strlen-stub.o)

.comment        0x00000000       0x49
 .comment       0x00000000       0x49 CMakeFiles/vga.dir/vga.c.obj
                                 0x4a (size before relaxing)
 .comment       0x00000049       0x4a CMakeFiles/vga.dir/vga_button.c.obj
 .comment       0x00000049       0x4a CMakeFiles/vga.dir/vga_sync.c.obj
 .comment       0x00000049       0x4a CMakeFiles/vga.dir/vga_pixel.c.obj
 .comment       0x00000049       0x4a CMakeFiles/vga.dir/D_/VSRM/sdk/pico/pico-sdk/src/rp2_common/hardware_gpio/gpio.c.obj
 .comment       0x00000049       0x4a CMakeFiles/vga.dir/D_/VSRM/sdk/pico/pico-sdk/src/rp2_common/pico_platform/platform.c.obj
 .comment       0x00000049       0x4a CMakeFiles/vga.dir/D_/VSRM/sdk/pico/pico-sdk/src/rp2_common/hardware_claim/claim.c.obj
 .comment       0x00000049       0x4a CMakeFiles/vga.dir/D_/VSRM/sdk/pico/pico-sdk/src/rp2_common/hardware_sync/sync.c.obj
 .comment       0x00000049       0x4a CMakeFiles/vga.dir/D_/VSRM/sdk/pico/pico-sdk/src/rp2_common/hardware_irq/irq.c.obj
 .comment       0x00000049       0x4a CMakeFiles/vga.dir/D_/VSRM/sdk/pico/pico-sdk/src/common/pico_sync/lock_core.c.obj
 .comment       0x00000049       0x4a CMakeFiles/vga.dir/D_/VSRM/sdk/pico/pico-sdk/src/common/pico_sync/mutex.c.obj
 .comment       0x00000049       0x4a CMakeFiles/vga.dir/D_/VSRM/sdk/pico/pico-sdk/src/common/pico_time/time.c.obj
 .comment       0x00000049       0x4a CMakeFiles/vga.dir/D_/VSRM/sdk/pico/pico-sdk/src/rp2_common/hardware_timer/timer.c.obj
 .comment       0x00000049       0x4a CMakeFiles/vga.dir/D_/VSRM/sdk/pico/pico-sdk/src/common/pico_util/pheap.c.obj
 .comment       0x00000049       0x4a CMakeFiles/vga.dir/D_/VSRM/sdk/pico/pico-sdk/src/rp2_common/hardware_clocks/clocks.c.obj
 .comment       0x00000049       0x4a CMakeFiles/vga.dir/D_/VSRM/sdk/pico/pico-sdk/src/rp2_common/hardware_pll/pll.c.obj
 .comment       0x00000049       0x4a CMakeFiles/vga.dir/D_/VSRM/sdk/pico/pico-sdk/src/rp2_common/hardware_watchdog/watchdog.c.obj
 .comment       0x00000049       0x4a CMakeFiles/vga.dir/D_/VSRM/sdk/pico/pico-sdk/src/rp2_common/hardware_xosc/xosc.c.obj
 .comment       0x00000049       0x4a CMakeFiles/vga.dir/D_/VSRM/sdk/pico/pico-sdk/src/rp2_common/pico_runtime/runtime.c.obj
 .comment       0x00000049       0x4a CMakeFiles/vga.dir/D_/VSRM/sdk/pico/pico-sdk/src/rp2_common/pico_printf/printf.c.obj
 .comment       0x00000049       0x4a CMakeFiles/vga.dir/D_/VSRM/sdk/pico/pico-sdk/src/rp2_common/pico_bootrom/bootrom.c.obj
 .comment       0x00000049       0x4a CMakeFiles/vga.dir/D_/VSRM/sdk/pico/pico-sdk/src/rp2_common/pico_double/double_init_rom.c.obj
 .comment       0x00000049       0x4a CMakeFiles/vga.dir/D_/VSRM/sdk/pico/pico-sdk/src/rp2_common/pico_float/float_init_rom.c.obj
 .comment       0x00000049       0x4a CMakeFiles/vga.dir/D_/VSRM/sdk/pico/pico-sdk/src/rp2_common/pico_standard_link/binary_info.c.obj
 .comment       0x00000049       0x4a CMakeFiles/vga.dir/D_/VSRM/sdk/pico/pico-sdk/src/rp2_common/pico_stdio/stdio.c.obj

.debug_info     0x00000000    0x15442
 .debug_info    0x00000000      0x811 CMakeFiles/vga.dir/vga.c.obj
 .debug_info    0x00000811      0x834 CMakeFiles/vga.dir/vga_button.c.obj
 .debug_info    0x00001045      0xd42 CMakeFiles/vga.dir/vga_sync.c.obj
 .debug_info    0x00001d87      0x512 CMakeFiles/vga.dir/vga_pixel.c.obj
 .debug_info    0x00002299     0x1788 CMakeFiles/vga.dir/D_/VSRM/sdk/pico/pico-sdk/src/rp2_common/hardware_gpio/gpio.c.obj
 .debug_info    0x00003a21      0x1e3 CMakeFiles/vga.dir/D_/VSRM/sdk/pico/pico-sdk/src/rp2_common/pico_platform/platform.c.obj
 .debug_info    0x00003c04      0x6c1 CMakeFiles/vga.dir/D_/VSRM/sdk/pico/pico-sdk/src/rp2_common/hardware_claim/claim.c.obj
 .debug_info    0x000042c5      0x586 CMakeFiles/vga.dir/D_/VSRM/sdk/pico/pico-sdk/src/rp2_common/hardware_sync/sync.c.obj
 .debug_info    0x0000484b     0x1ce9 CMakeFiles/vga.dir/D_/VSRM/sdk/pico/pico-sdk/src/rp2_common/hardware_irq/irq.c.obj
 .debug_info    0x00006534      0x1a4 CMakeFiles/vga.dir/D_/VSRM/sdk/pico/pico-sdk/src/common/pico_sync/lock_core.c.obj
 .debug_info    0x000066d8     0x1fc3 CMakeFiles/vga.dir/D_/VSRM/sdk/pico/pico-sdk/src/common/pico_sync/mutex.c.obj
 .debug_info    0x0000869b     0x3dc5 CMakeFiles/vga.dir/D_/VSRM/sdk/pico/pico-sdk/src/common/pico_time/time.c.obj
 .debug_info    0x0000c460     0x13c9 CMakeFiles/vga.dir/D_/VSRM/sdk/pico/pico-sdk/src/rp2_common/hardware_timer/timer.c.obj
 .debug_info    0x0000d829     0x1275 CMakeFiles/vga.dir/D_/VSRM/sdk/pico/pico-sdk/src/common/pico_util/pheap.c.obj
 .debug_info    0x0000ea9e      0xfb7 CMakeFiles/vga.dir/D_/VSRM/sdk/pico/pico-sdk/src/rp2_common/hardware_clocks/clocks.c.obj
 .debug_info    0x0000fa55      0x4e8 CMakeFiles/vga.dir/D_/VSRM/sdk/pico/pico-sdk/src/rp2_common/hardware_pll/pll.c.obj
 .debug_info    0x0000ff3d      0x4ee CMakeFiles/vga.dir/D_/VSRM/sdk/pico/pico-sdk/src/rp2_common/hardware_watchdog/watchdog.c.obj
 .debug_info    0x0001042b      0x1d8 CMakeFiles/vga.dir/D_/VSRM/sdk/pico/pico-sdk/src/rp2_common/hardware_xosc/xosc.c.obj
 .debug_info    0x00010603      0xfcb CMakeFiles/vga.dir/D_/VSRM/sdk/pico/pico-sdk/src/rp2_common/pico_runtime/runtime.c.obj
 .debug_info    0x000115ce     0x1a84 CMakeFiles/vga.dir/D_/VSRM/sdk/pico/pico-sdk/src/rp2_common/pico_printf/printf.c.obj
 .debug_info    0x00013052       0x22 CMakeFiles/vga.dir/D_/VSRM/sdk/pico/pico-sdk/src/rp2_common/pico_bit_ops/bit_ops_aeabi.S.obj
 .debug_info    0x00013074      0x27c CMakeFiles/vga.dir/D_/VSRM/sdk/pico/pico-sdk/src/rp2_common/pico_bootrom/bootrom.c.obj
 .debug_info    0x000132f0       0x22 CMakeFiles/vga.dir/D_/VSRM/sdk/pico/pico-sdk/src/rp2_common/pico_divider/divider.S.obj
 .debug_info    0x00013312       0x22 CMakeFiles/vga.dir/D_/VSRM/sdk/pico/pico-sdk/src/rp2_common/pico_double/double_aeabi.S.obj
 .debug_info    0x00013334      0x2c9 CMakeFiles/vga.dir/D_/VSRM/sdk/pico/pico-sdk/src/rp2_common/pico_double/double_init_rom.c.obj
 .debug_info    0x000135fd       0x22 CMakeFiles/vga.dir/D_/VSRM/sdk/pico/pico-sdk/src/rp2_common/pico_double/double_v1_rom_shim.S.obj
 .debug_info    0x0001361f       0x22 CMakeFiles/vga.dir/D_/VSRM/sdk/pico/pico-sdk/src/rp2_common/pico_float/float_aeabi.S.obj
 .debug_info    0x00013641      0x2d7 CMakeFiles/vga.dir/D_/VSRM/sdk/pico/pico-sdk/src/rp2_common/pico_float/float_init_rom.c.obj
 .debug_info    0x00013918       0x22 CMakeFiles/vga.dir/D_/VSRM/sdk/pico/pico-sdk/src/rp2_common/pico_float/float_v1_rom_shim.S.obj
 .debug_info    0x0001393a       0x22 CMakeFiles/vga.dir/D_/VSRM/sdk/pico/pico-sdk/src/rp2_common/pico_mem_ops/mem_ops_aeabi.S.obj
 .debug_info    0x0001395c       0x22 CMakeFiles/vga.dir/D_/VSRM/sdk/pico/pico-sdk/src/rp2_common/pico_standard_link/crt0.S.obj
 .debug_info    0x0001397e      0x327 CMakeFiles/vga.dir/D_/VSRM/sdk/pico/pico-sdk/src/rp2_common/pico_standard_link/binary_info.c.obj
 .debug_info    0x00013ca5     0x179d CMakeFiles/vga.dir/D_/VSRM/sdk/pico/pico-sdk/src/rp2_common/pico_stdio/stdio.c.obj

.debug_abbrev   0x00000000     0x4223
 .debug_abbrev  0x00000000      0x1eb CMakeFiles/vga.dir/vga.c.obj
 .debug_abbrev  0x000001eb      0x277 CMakeFiles/vga.dir/vga_button.c.obj
 .debug_abbrev  0x00000462      0x26d CMakeFiles/vga.dir/vga_sync.c.obj
 .debug_abbrev  0x000006cf      0x188 CMakeFiles/vga.dir/vga_pixel.c.obj
 .debug_abbrev  0x00000857      0x387 CMakeFiles/vga.dir/D_/VSRM/sdk/pico/pico-sdk/src/rp2_common/hardware_gpio/gpio.c.obj
 .debug_abbrev  0x00000bde       0xeb CMakeFiles/vga.dir/D_/VSRM/sdk/pico/pico-sdk/src/rp2_common/pico_platform/platform.c.obj
 .debug_abbrev  0x00000cc9      0x2d3 CMakeFiles/vga.dir/D_/VSRM/sdk/pico/pico-sdk/src/rp2_common/hardware_claim/claim.c.obj
 .debug_abbrev  0x00000f9c      0x224 CMakeFiles/vga.dir/D_/VSRM/sdk/pico/pico-sdk/src/rp2_common/hardware_sync/sync.c.obj
 .debug_abbrev  0x000011c0      0x4ca CMakeFiles/vga.dir/D_/VSRM/sdk/pico/pico-sdk/src/rp2_common/hardware_irq/irq.c.obj
 .debug_abbrev  0x0000168a      0x116 CMakeFiles/vga.dir/D_/VSRM/sdk/pico/pico-sdk/src/common/pico_sync/lock_core.c.obj
 .debug_abbrev  0x000017a0      0x3ad CMakeFiles/vga.dir/D_/VSRM/sdk/pico/pico-sdk/src/common/pico_sync/mutex.c.obj
 .debug_abbrev  0x00001b4d      0x566 CMakeFiles/vga.dir/D_/VSRM/sdk/pico/pico-sdk/src/common/pico_time/time.c.obj
 .debug_abbrev  0x000020b3      0x3ae CMakeFiles/vga.dir/D_/VSRM/sdk/pico/pico-sdk/src/rp2_common/hardware_timer/timer.c.obj
 .debug_abbrev  0x00002461      0x2c7 CMakeFiles/vga.dir/D_/VSRM/sdk/pico/pico-sdk/src/common/pico_util/pheap.c.obj
 .debug_abbrev  0x00002728      0x425 CMakeFiles/vga.dir/D_/VSRM/sdk/pico/pico-sdk/src/rp2_common/hardware_clocks/clocks.c.obj
 .debug_abbrev  0x00002b4d      0x1ea CMakeFiles/vga.dir/D_/VSRM/sdk/pico/pico-sdk/src/rp2_common/hardware_pll/pll.c.obj
 .debug_abbrev  0x00002d37      0x1a8 CMakeFiles/vga.dir/D_/VSRM/sdk/pico/pico-sdk/src/rp2_common/hardware_watchdog/watchdog.c.obj
 .debug_abbrev  0x00002edf      0x109 CMakeFiles/vga.dir/D_/VSRM/sdk/pico/pico-sdk/src/rp2_common/hardware_xosc/xosc.c.obj
 .debug_abbrev  0x00002fe8      0x4c7 CMakeFiles/vga.dir/D_/VSRM/sdk/pico/pico-sdk/src/rp2_common/pico_runtime/runtime.c.obj
 .debug_abbrev  0x000034af      0x37f CMakeFiles/vga.dir/D_/VSRM/sdk/pico/pico-sdk/src/rp2_common/pico_printf/printf.c.obj
 .debug_abbrev  0x0000382e       0x12 CMakeFiles/vga.dir/D_/VSRM/sdk/pico/pico-sdk/src/rp2_common/pico_bit_ops/bit_ops_aeabi.S.obj
 .debug_abbrev  0x00003840      0x13b CMakeFiles/vga.dir/D_/VSRM/sdk/pico/pico-sdk/src/rp2_common/pico_bootrom/bootrom.c.obj
 .debug_abbrev  0x0000397b       0x12 CMakeFiles/vga.dir/D_/VSRM/sdk/pico/pico-sdk/src/rp2_common/pico_divider/divider.S.obj
 .debug_abbrev  0x0000398d       0x12 CMakeFiles/vga.dir/D_/VSRM/sdk/pico/pico-sdk/src/rp2_common/pico_double/double_aeabi.S.obj
 .debug_abbrev  0x0000399f      0x174 CMakeFiles/vga.dir/D_/VSRM/sdk/pico/pico-sdk/src/rp2_common/pico_double/double_init_rom.c.obj
 .debug_abbrev  0x00003b13       0x12 CMakeFiles/vga.dir/D_/VSRM/sdk/pico/pico-sdk/src/rp2_common/pico_double/double_v1_rom_shim.S.obj
 .debug_abbrev  0x00003b25       0x12 CMakeFiles/vga.dir/D_/VSRM/sdk/pico/pico-sdk/src/rp2_common/pico_float/float_aeabi.S.obj
 .debug_abbrev  0x00003b37      0x187 CMakeFiles/vga.dir/D_/VSRM/sdk/pico/pico-sdk/src/rp2_common/pico_float/float_init_rom.c.obj
 .debug_abbrev  0x00003cbe       0x12 CMakeFiles/vga.dir/D_/VSRM/sdk/pico/pico-sdk/src/rp2_common/pico_float/float_v1_rom_shim.S.obj
 .debug_abbrev  0x00003cd0       0x12 CMakeFiles/vga.dir/D_/VSRM/sdk/pico/pico-sdk/src/rp2_common/pico_mem_ops/mem_ops_aeabi.S.obj
 .debug_abbrev  0x00003ce2       0x12 CMakeFiles/vga.dir/D_/VSRM/sdk/pico/pico-sdk/src/rp2_common/pico_standard_link/crt0.S.obj
 .debug_abbrev  0x00003cf4       0xad CMakeFiles/vga.dir/D_/VSRM/sdk/pico/pico-sdk/src/rp2_common/pico_standard_link/binary_info.c.obj
 .debug_abbrev  0x00003da1      0x482 CMakeFiles/vga.dir/D_/VSRM/sdk/pico/pico-sdk/src/rp2_common/pico_stdio/stdio.c.obj

.debug_loc      0x00000000     0xef18
 .debug_loc     0x00000000      0x343 CMakeFiles/vga.dir/vga.c.obj
 .debug_loc     0x00000343      0x231 CMakeFiles/vga.dir/vga_button.c.obj
 .debug_loc     0x00000574      0x3bf CMakeFiles/vga.dir/vga_sync.c.obj
 .debug_loc     0x00000933       0x8c CMakeFiles/vga.dir/vga_pixel.c.obj
 .debug_loc     0x000009bf     0x1421 CMakeFiles/vga.dir/D_/VSRM/sdk/pico/pico-sdk/src/rp2_common/hardware_gpio/gpio.c.obj
 .debug_loc     0x00001de0       0xde CMakeFiles/vga.dir/D_/VSRM/sdk/pico/pico-sdk/src/rp2_common/pico_platform/platform.c.obj
 .debug_loc     0x00001ebe      0x4a2 CMakeFiles/vga.dir/D_/VSRM/sdk/pico/pico-sdk/src/rp2_common/hardware_claim/claim.c.obj
 .debug_loc     0x00002360      0x211 CMakeFiles/vga.dir/D_/VSRM/sdk/pico/pico-sdk/src/rp2_common/hardware_sync/sync.c.obj
 .debug_loc     0x00002571     0x149d CMakeFiles/vga.dir/D_/VSRM/sdk/pico/pico-sdk/src/rp2_common/hardware_irq/irq.c.obj
 .debug_loc     0x00003a0e       0x4d CMakeFiles/vga.dir/D_/VSRM/sdk/pico/pico-sdk/src/common/pico_sync/lock_core.c.obj
 .debug_loc     0x00003a5b     0x14cd CMakeFiles/vga.dir/D_/VSRM/sdk/pico/pico-sdk/src/common/pico_sync/mutex.c.obj
 .debug_loc     0x00004f28     0x303d CMakeFiles/vga.dir/D_/VSRM/sdk/pico/pico-sdk/src/common/pico_time/time.c.obj
 .debug_loc     0x00007f65      0xa96 CMakeFiles/vga.dir/D_/VSRM/sdk/pico/pico-sdk/src/rp2_common/hardware_timer/timer.c.obj
 .debug_loc     0x000089fb     0x1335 CMakeFiles/vga.dir/D_/VSRM/sdk/pico/pico-sdk/src/common/pico_util/pheap.c.obj
 .debug_loc     0x00009d30      0x884 CMakeFiles/vga.dir/D_/VSRM/sdk/pico/pico-sdk/src/rp2_common/hardware_clocks/clocks.c.obj
 .debug_loc     0x0000a5b4      0x305 CMakeFiles/vga.dir/D_/VSRM/sdk/pico/pico-sdk/src/rp2_common/hardware_pll/pll.c.obj
 .debug_loc     0x0000a8b9      0x2ec CMakeFiles/vga.dir/D_/VSRM/sdk/pico/pico-sdk/src/rp2_common/hardware_watchdog/watchdog.c.obj
 .debug_loc     0x0000aba5       0x71 CMakeFiles/vga.dir/D_/VSRM/sdk/pico/pico-sdk/src/rp2_common/hardware_xosc/xosc.c.obj
 .debug_loc     0x0000ac16      0x67a CMakeFiles/vga.dir/D_/VSRM/sdk/pico/pico-sdk/src/rp2_common/pico_runtime/runtime.c.obj
 .debug_loc     0x0000b290     0x2aed CMakeFiles/vga.dir/D_/VSRM/sdk/pico/pico-sdk/src/rp2_common/pico_printf/printf.c.obj
 .debug_loc     0x0000dd7d      0x21d CMakeFiles/vga.dir/D_/VSRM/sdk/pico/pico-sdk/src/rp2_common/pico_bootrom/bootrom.c.obj
 .debug_loc     0x0000df9a       0x51 CMakeFiles/vga.dir/D_/VSRM/sdk/pico/pico-sdk/src/rp2_common/pico_double/double_init_rom.c.obj
 .debug_loc     0x0000dfeb       0x6b CMakeFiles/vga.dir/D_/VSRM/sdk/pico/pico-sdk/src/rp2_common/pico_float/float_init_rom.c.obj
 .debug_loc     0x0000e056      0xec2 CMakeFiles/vga.dir/D_/VSRM/sdk/pico/pico-sdk/src/rp2_common/pico_stdio/stdio.c.obj

.debug_aranges  0x00000000      0xdf8
 .debug_aranges
                0x00000000       0x20 CMakeFiles/vga.dir/vga.c.obj
 .debug_aranges
                0x00000020       0x30 CMakeFiles/vga.dir/vga_button.c.obj
 .debug_aranges
                0x00000050       0x38 CMakeFiles/vga.dir/vga_sync.c.obj
 .debug_aranges
                0x00000088       0x28 CMakeFiles/vga.dir/vga_pixel.c.obj
 .debug_aranges
                0x000000b0       0xf8 CMakeFiles/vga.dir/D_/VSRM/sdk/pico/pico-sdk/src/rp2_common/hardware_gpio/gpio.c.obj
 .debug_aranges
                0x000001a8       0x28 CMakeFiles/vga.dir/D_/VSRM/sdk/pico/pico-sdk/src/rp2_common/pico_platform/platform.c.obj
 .debug_aranges
                0x000001d0       0x48 CMakeFiles/vga.dir/D_/VSRM/sdk/pico/pico-sdk/src/rp2_common/hardware_claim/claim.c.obj
 .debug_aranges
                0x00000218       0x58 CMakeFiles/vga.dir/D_/VSRM/sdk/pico/pico-sdk/src/rp2_common/hardware_sync/sync.c.obj
 .debug_aranges
                0x00000270       0xb8 CMakeFiles/vga.dir/D_/VSRM/sdk/pico/pico-sdk/src/rp2_common/hardware_irq/irq.c.obj
 .debug_aranges
                0x00000328       0x20 CMakeFiles/vga.dir/D_/VSRM/sdk/pico/pico-sdk/src/common/pico_sync/lock_core.c.obj
 .debug_aranges
                0x00000348       0x90 CMakeFiles/vga.dir/D_/VSRM/sdk/pico/pico-sdk/src/common/pico_sync/mutex.c.obj
 .debug_aranges
                0x000003d8       0xe0 CMakeFiles/vga.dir/D_/VSRM/sdk/pico/pico-sdk/src/common/pico_time/time.c.obj
 .debug_aranges
                0x000004b8       0x88 CMakeFiles/vga.dir/D_/VSRM/sdk/pico/pico-sdk/src/rp2_common/hardware_timer/timer.c.obj
 .debug_aranges
                0x00000540       0x78 CMakeFiles/vga.dir/D_/VSRM/sdk/pico/pico-sdk/src/common/pico_util/pheap.c.obj
 .debug_aranges
                0x000005b8       0x68 CMakeFiles/vga.dir/D_/VSRM/sdk/pico/pico-sdk/src/rp2_common/hardware_clocks/clocks.c.obj
 .debug_aranges
                0x00000620       0x28 CMakeFiles/vga.dir/D_/VSRM/sdk/pico/pico-sdk/src/rp2_common/hardware_pll/pll.c.obj
 .debug_aranges
                0x00000648       0x58 CMakeFiles/vga.dir/D_/VSRM/sdk/pico/pico-sdk/src/rp2_common/hardware_watchdog/watchdog.c.obj
 .debug_aranges
                0x000006a0       0x30 CMakeFiles/vga.dir/D_/VSRM/sdk/pico/pico-sdk/src/rp2_common/hardware_xosc/xosc.c.obj
 .debug_aranges
                0x000006d0       0x88 CMakeFiles/vga.dir/D_/VSRM/sdk/pico/pico-sdk/src/rp2_common/pico_runtime/runtime.c.obj
 .debug_aranges
                0x00000758       0x88 CMakeFiles/vga.dir/D_/VSRM/sdk/pico/pico-sdk/src/rp2_common/pico_printf/printf.c.obj
 .debug_aranges
                0x000007e0       0x68 CMakeFiles/vga.dir/D_/VSRM/sdk/pico/pico-sdk/src/rp2_common/pico_bit_ops/bit_ops_aeabi.S.obj
 .debug_aranges
                0x00000848       0x30 CMakeFiles/vga.dir/D_/VSRM/sdk/pico/pico-sdk/src/rp2_common/pico_bootrom/bootrom.c.obj
 .debug_aranges
                0x00000878       0x40 CMakeFiles/vga.dir/D_/VSRM/sdk/pico/pico-sdk/src/rp2_common/pico_divider/divider.S.obj
 .debug_aranges
                0x000008b8      0x140 CMakeFiles/vga.dir/D_/VSRM/sdk/pico/pico-sdk/src/rp2_common/pico_double/double_aeabi.S.obj
 .debug_aranges
                0x000009f8       0x20 CMakeFiles/vga.dir/D_/VSRM/sdk/pico/pico-sdk/src/rp2_common/pico_double/double_init_rom.c.obj
 .debug_aranges
                0x00000a18       0xc8 CMakeFiles/vga.dir/D_/VSRM/sdk/pico/pico-sdk/src/rp2_common/pico_double/double_v1_rom_shim.S.obj
 .debug_aranges
                0x00000ae0      0x130 CMakeFiles/vga.dir/D_/VSRM/sdk/pico/pico-sdk/src/rp2_common/pico_float/float_aeabi.S.obj
 .debug_aranges
                0x00000c10       0x20 CMakeFiles/vga.dir/D_/VSRM/sdk/pico/pico-sdk/src/rp2_common/pico_float/float_init_rom.c.obj
 .debug_aranges
                0x00000c30       0x50 CMakeFiles/vga.dir/D_/VSRM/sdk/pico/pico-sdk/src/rp2_common/pico_float/float_v1_rom_shim.S.obj
 .debug_aranges
                0x00000c80       0x38 CMakeFiles/vga.dir/D_/VSRM/sdk/pico/pico-sdk/src/rp2_common/pico_mem_ops/mem_ops_aeabi.S.obj
 .debug_aranges
                0x00000cb8       0x28 CMakeFiles/vga.dir/D_/VSRM/sdk/pico/pico-sdk/src/rp2_common/pico_standard_link/crt0.S.obj
 .debug_aranges
                0x00000ce0       0x18 CMakeFiles/vga.dir/D_/VSRM/sdk/pico/pico-sdk/src/rp2_common/pico_standard_link/binary_info.c.obj
 .debug_aranges
                0x00000cf8      0x100 CMakeFiles/vga.dir/D_/VSRM/sdk/pico/pico-sdk/src/rp2_common/pico_stdio/stdio.c.obj

.debug_ranges   0x00000000     0x35d8
 .debug_ranges  0x00000000       0xa0 CMakeFiles/vga.dir/vga.c.obj
 .debug_ranges  0x000000a0       0x20 CMakeFiles/vga.dir/vga_button.c.obj
 .debug_ranges  0x000000c0       0xd8 CMakeFiles/vga.dir/vga_sync.c.obj
 .debug_ranges  0x00000198       0x18 CMakeFiles/vga.dir/vga_pixel.c.obj
 .debug_ranges  0x000001b0      0x288 CMakeFiles/vga.dir/D_/VSRM/sdk/pico/pico-sdk/src/rp2_common/hardware_gpio/gpio.c.obj
 .debug_ranges  0x00000438       0x18 CMakeFiles/vga.dir/D_/VSRM/sdk/pico/pico-sdk/src/rp2_common/pico_platform/platform.c.obj
 .debug_ranges  0x00000450       0xf8 CMakeFiles/vga.dir/D_/VSRM/sdk/pico/pico-sdk/src/rp2_common/hardware_claim/claim.c.obj
 .debug_ranges  0x00000548      0x100 CMakeFiles/vga.dir/D_/VSRM/sdk/pico/pico-sdk/src/rp2_common/hardware_sync/sync.c.obj
 .debug_ranges  0x00000648      0x410 CMakeFiles/vga.dir/D_/VSRM/sdk/pico/pico-sdk/src/rp2_common/hardware_irq/irq.c.obj
 .debug_ranges  0x00000a58       0x10 CMakeFiles/vga.dir/D_/VSRM/sdk/pico/pico-sdk/src/common/pico_sync/lock_core.c.obj
 .debug_ranges  0x00000a68      0xb58 CMakeFiles/vga.dir/D_/VSRM/sdk/pico/pico-sdk/src/common/pico_sync/mutex.c.obj
 .debug_ranges  0x000015c0      0xdf0 CMakeFiles/vga.dir/D_/VSRM/sdk/pico/pico-sdk/src/common/pico_time/time.c.obj
 .debug_ranges  0x000023b0      0x3d0 CMakeFiles/vga.dir/D_/VSRM/sdk/pico/pico-sdk/src/rp2_common/hardware_timer/timer.c.obj
 .debug_ranges  0x00002780      0x218 CMakeFiles/vga.dir/D_/VSRM/sdk/pico/pico-sdk/src/common/pico_util/pheap.c.obj
 .debug_ranges  0x00002998       0xc8 CMakeFiles/vga.dir/D_/VSRM/sdk/pico/pico-sdk/src/rp2_common/hardware_clocks/clocks.c.obj
 .debug_ranges  0x00002a60       0x48 CMakeFiles/vga.dir/D_/VSRM/sdk/pico/pico-sdk/src/rp2_common/hardware_pll/pll.c.obj
 .debug_ranges  0x00002aa8       0x48 CMakeFiles/vga.dir/D_/VSRM/sdk/pico/pico-sdk/src/rp2_common/hardware_watchdog/watchdog.c.obj
 .debug_ranges  0x00002af0       0x20 CMakeFiles/vga.dir/D_/VSRM/sdk/pico/pico-sdk/src/rp2_common/hardware_xosc/xosc.c.obj
 .debug_ranges  0x00002b10      0x178 CMakeFiles/vga.dir/D_/VSRM/sdk/pico/pico-sdk/src/rp2_common/pico_runtime/runtime.c.obj
 .debug_ranges  0x00002c88      0x190 CMakeFiles/vga.dir/D_/VSRM/sdk/pico/pico-sdk/src/rp2_common/pico_printf/printf.c.obj
 .debug_ranges  0x00002e18       0x60 CMakeFiles/vga.dir/D_/VSRM/sdk/pico/pico-sdk/src/rp2_common/pico_bit_ops/bit_ops_aeabi.S.obj
 .debug_ranges  0x00002e78       0x38 CMakeFiles/vga.dir/D_/VSRM/sdk/pico/pico-sdk/src/rp2_common/pico_bootrom/bootrom.c.obj
 .debug_ranges  0x00002eb0       0x38 CMakeFiles/vga.dir/D_/VSRM/sdk/pico/pico-sdk/src/rp2_common/pico_divider/divider.S.obj
 .debug_ranges  0x00002ee8      0x138 CMakeFiles/vga.dir/D_/VSRM/sdk/pico/pico-sdk/src/rp2_common/pico_double/double_aeabi.S.obj
 .debug_ranges  0x00003020       0x38 CMakeFiles/vga.dir/D_/VSRM/sdk/pico/pico-sdk/src/rp2_common/pico_double/double_init_rom.c.obj
 .debug_ranges  0x00003058       0xc0 CMakeFiles/vga.dir/D_/VSRM/sdk/pico/pico-sdk/src/rp2_common/pico_double/double_v1_rom_shim.S.obj
 .debug_ranges  0x00003118      0x128 CMakeFiles/vga.dir/D_/VSRM/sdk/pico/pico-sdk/src/rp2_common/pico_float/float_aeabi.S.obj
 .debug_ranges  0x00003240       0x28 CMakeFiles/vga.dir/D_/VSRM/sdk/pico/pico-sdk/src/rp2_common/pico_float/float_init_rom.c.obj
 .debug_ranges  0x00003268       0x48 CMakeFiles/vga.dir/D_/VSRM/sdk/pico/pico-sdk/src/rp2_common/pico_float/float_v1_rom_shim.S.obj
 .debug_ranges  0x000032b0       0x30 CMakeFiles/vga.dir/D_/VSRM/sdk/pico/pico-sdk/src/rp2_common/pico_mem_ops/mem_ops_aeabi.S.obj
 .debug_ranges  0x000032e0       0x20 CMakeFiles/vga.dir/D_/VSRM/sdk/pico/pico-sdk/src/rp2_common/pico_standard_link/crt0.S.obj
 .debug_ranges  0x00003300      0x2d8 CMakeFiles/vga.dir/D_/VSRM/sdk/pico/pico-sdk/src/rp2_common/pico_stdio/stdio.c.obj

.debug_line     0x00000000     0xd891
 .debug_line    0x00000000      0x50b CMakeFiles/vga.dir/vga.c.obj
 .debug_line    0x0000050b      0x3e5 CMakeFiles/vga.dir/vga_button.c.obj
 .debug_line    0x000008f0      0x58a CMakeFiles/vga.dir/vga_sync.c.obj
 .debug_line    0x00000e7a      0x297 CMakeFiles/vga.dir/vga_pixel.c.obj
 .debug_line    0x00001111      0xcc8 CMakeFiles/vga.dir/D_/VSRM/sdk/pico/pico-sdk/src/rp2_common/hardware_gpio/gpio.c.obj
 .debug_line    0x00001dd9      0x240 CMakeFiles/vga.dir/D_/VSRM/sdk/pico/pico-sdk/src/rp2_common/pico_platform/platform.c.obj
 .debug_line    0x00002019      0x471 CMakeFiles/vga.dir/D_/VSRM/sdk/pico/pico-sdk/src/rp2_common/hardware_claim/claim.c.obj
 .debug_line    0x0000248a      0x449 CMakeFiles/vga.dir/D_/VSRM/sdk/pico/pico-sdk/src/rp2_common/hardware_sync/sync.c.obj
 .debug_line    0x000028d3      0xfe0 CMakeFiles/vga.dir/D_/VSRM/sdk/pico/pico-sdk/src/rp2_common/hardware_irq/irq.c.obj
 .debug_line    0x000038b3      0x1fa CMakeFiles/vga.dir/D_/VSRM/sdk/pico/pico-sdk/src/common/pico_sync/lock_core.c.obj
 .debug_line    0x00003aad     0x1057 CMakeFiles/vga.dir/D_/VSRM/sdk/pico/pico-sdk/src/common/pico_sync/mutex.c.obj
 .debug_line    0x00004b04     0x19f0 CMakeFiles/vga.dir/D_/VSRM/sdk/pico/pico-sdk/src/common/pico_time/time.c.obj
 .debug_line    0x000064f4      0xbd6 CMakeFiles/vga.dir/D_/VSRM/sdk/pico/pico-sdk/src/rp2_common/hardware_timer/timer.c.obj
 .debug_line    0x000070ca      0x842 CMakeFiles/vga.dir/D_/VSRM/sdk/pico/pico-sdk/src/common/pico_util/pheap.c.obj
 .debug_line    0x0000790c      0x9be CMakeFiles/vga.dir/D_/VSRM/sdk/pico/pico-sdk/src/rp2_common/hardware_clocks/clocks.c.obj
 .debug_line    0x000082ca      0x4de CMakeFiles/vga.dir/D_/VSRM/sdk/pico/pico-sdk/src/rp2_common/hardware_pll/pll.c.obj
 .debug_line    0x000087a8      0x3de CMakeFiles/vga.dir/D_/VSRM/sdk/pico/pico-sdk/src/rp2_common/hardware_watchdog/watchdog.c.obj
 .debug_line    0x00008b86      0x294 CMakeFiles/vga.dir/D_/VSRM/sdk/pico/pico-sdk/src/rp2_common/hardware_xosc/xosc.c.obj
 .debug_line    0x00008e1a      0xa60 CMakeFiles/vga.dir/D_/VSRM/sdk/pico/pico-sdk/src/rp2_common/pico_runtime/runtime.c.obj
 .debug_line    0x0000987a     0x1281 CMakeFiles/vga.dir/D_/VSRM/sdk/pico/pico-sdk/src/rp2_common/pico_printf/printf.c.obj
 .debug_line    0x0000aafb      0x146 CMakeFiles/vga.dir/D_/VSRM/sdk/pico/pico-sdk/src/rp2_common/pico_bit_ops/bit_ops_aeabi.S.obj
 .debug_line    0x0000ac41      0x1f2 CMakeFiles/vga.dir/D_/VSRM/sdk/pico/pico-sdk/src/rp2_common/pico_bootrom/bootrom.c.obj
 .debug_line    0x0000ae33      0x2cf CMakeFiles/vga.dir/D_/VSRM/sdk/pico/pico-sdk/src/rp2_common/pico_divider/divider.S.obj
 .debug_line    0x0000b102      0x424 CMakeFiles/vga.dir/D_/VSRM/sdk/pico/pico-sdk/src/rp2_common/pico_double/double_aeabi.S.obj
 .debug_line    0x0000b526      0x304 CMakeFiles/vga.dir/D_/VSRM/sdk/pico/pico-sdk/src/rp2_common/pico_double/double_init_rom.c.obj
 .debug_line    0x0000b82a      0x69c CMakeFiles/vga.dir/D_/VSRM/sdk/pico/pico-sdk/src/rp2_common/pico_double/double_v1_rom_shim.S.obj
 .debug_line    0x0000bec6      0x3da CMakeFiles/vga.dir/D_/VSRM/sdk/pico/pico-sdk/src/rp2_common/pico_float/float_aeabi.S.obj
 .debug_line    0x0000c2a0      0x2fa CMakeFiles/vga.dir/D_/VSRM/sdk/pico/pico-sdk/src/rp2_common/pico_float/float_init_rom.c.obj
 .debug_line    0x0000c59a      0x1c6 CMakeFiles/vga.dir/D_/VSRM/sdk/pico/pico-sdk/src/rp2_common/pico_float/float_v1_rom_shim.S.obj
 .debug_line    0x0000c760       0xc0 CMakeFiles/vga.dir/D_/VSRM/sdk/pico/pico-sdk/src/rp2_common/pico_mem_ops/mem_ops_aeabi.S.obj
 .debug_line    0x0000c820       0xce CMakeFiles/vga.dir/D_/VSRM/sdk/pico/pico-sdk/src/rp2_common/pico_standard_link/crt0.S.obj
 .debug_line    0x0000c8ee      0x19a CMakeFiles/vga.dir/D_/VSRM/sdk/pico/pico-sdk/src/rp2_common/pico_standard_link/binary_info.c.obj